Archive member included to satisfy reference by file (symbol)

c:/st/stm32cubeide_1.2.0/stm32cubeide/plugins/com.st.stm32cube.ide.mcu.externaltools.gnu-tools-for-stm32.7-2018-q2-update.win32_1.0.0.201904181610/tools/bin/../lib/gcc/arm-none-eabi/7.3.1/../../../../arm-none-eabi/lib/thumb/v7e-m/fpv4-sp/hard\libc_nano.a(lib_a-errno.o)
                              Core/Src/syscalls.o (__errno)
c:/st/stm32cubeide_1.2.0/stm32cubeide/plugins/com.st.stm32cube.ide.mcu.externaltools.gnu-tools-for-stm32.7-2018-q2-update.win32_1.0.0.201904181610/tools/bin/../lib/gcc/arm-none-eabi/7.3.1/../../../../arm-none-eabi/lib/thumb/v7e-m/fpv4-sp/hard\libc_nano.a(lib_a-exit.o)
                              c:/st/stm32cubeide_1.2.0/stm32cubeide/plugins/com.st.stm32cube.ide.mcu.externaltools.gnu-tools-for-stm32.7-2018-q2-update.win32_1.0.0.201904181610/tools/bin/../lib/gcc/arm-none-eabi/7.3.1/../../../../arm-none-eabi/lib/thumb/v7e-m/fpv4-sp/hard/crt0.o (exit)
c:/st/stm32cubeide_1.2.0/stm32cubeide/plugins/com.st.stm32cube.ide.mcu.externaltools.gnu-tools-for-stm32.7-2018-q2-update.win32_1.0.0.201904181610/tools/bin/../lib/gcc/arm-none-eabi/7.3.1/../../../../arm-none-eabi/lib/thumb/v7e-m/fpv4-sp/hard\libc_nano.a(lib_a-impure.o)
                              c:/st/stm32cubeide_1.2.0/stm32cubeide/plugins/com.st.stm32cube.ide.mcu.externaltools.gnu-tools-for-stm32.7-2018-q2-update.win32_1.0.0.201904181610/tools/bin/../lib/gcc/arm-none-eabi/7.3.1/../../../../arm-none-eabi/lib/thumb/v7e-m/fpv4-sp/hard\libc_nano.a(lib_a-exit.o) (_global_impure_ptr)
c:/st/stm32cubeide_1.2.0/stm32cubeide/plugins/com.st.stm32cube.ide.mcu.externaltools.gnu-tools-for-stm32.7-2018-q2-update.win32_1.0.0.201904181610/tools/bin/../lib/gcc/arm-none-eabi/7.3.1/../../../../arm-none-eabi/lib/thumb/v7e-m/fpv4-sp/hard\libc_nano.a(lib_a-init.o)
                              c:/st/stm32cubeide_1.2.0/stm32cubeide/plugins/com.st.stm32cube.ide.mcu.externaltools.gnu-tools-for-stm32.7-2018-q2-update.win32_1.0.0.201904181610/tools/bin/../lib/gcc/arm-none-eabi/7.3.1/../../../../arm-none-eabi/lib/thumb/v7e-m/fpv4-sp/hard/crt0.o (__libc_init_array)
c:/st/stm32cubeide_1.2.0/stm32cubeide/plugins/com.st.stm32cube.ide.mcu.externaltools.gnu-tools-for-stm32.7-2018-q2-update.win32_1.0.0.201904181610/tools/bin/../lib/gcc/arm-none-eabi/7.3.1/../../../../arm-none-eabi/lib/thumb/v7e-m/fpv4-sp/hard\libc_nano.a(lib_a-memset.o)
                              c:/st/stm32cubeide_1.2.0/stm32cubeide/plugins/com.st.stm32cube.ide.mcu.externaltools.gnu-tools-for-stm32.7-2018-q2-update.win32_1.0.0.201904181610/tools/bin/../lib/gcc/arm-none-eabi/7.3.1/../../../../arm-none-eabi/lib/thumb/v7e-m/fpv4-sp/hard/crt0.o (memset)
c:/st/stm32cubeide_1.2.0/stm32cubeide/plugins/com.st.stm32cube.ide.mcu.externaltools.gnu-tools-for-stm32.7-2018-q2-update.win32_1.0.0.201904181610/tools/bin/../lib/gcc/arm-none-eabi/7.3.1/../../../../arm-none-eabi/lib/thumb/v7e-m/fpv4-sp/hard\libm.a(lib_a-s_cos.o)
                              Core/Src/bibloteka/odometrija.o (cos)
c:/st/stm32cubeide_1.2.0/stm32cubeide/plugins/com.st.stm32cube.ide.mcu.externaltools.gnu-tools-for-stm32.7-2018-q2-update.win32_1.0.0.201904181610/tools/bin/../lib/gcc/arm-none-eabi/7.3.1/../../../../arm-none-eabi/lib/thumb/v7e-m/fpv4-sp/hard\libm.a(lib_a-s_sin.o)
                              Core/Src/bibloteka/odometrija.o (sin)
c:/st/stm32cubeide_1.2.0/stm32cubeide/plugins/com.st.stm32cube.ide.mcu.externaltools.gnu-tools-for-stm32.7-2018-q2-update.win32_1.0.0.201904181610/tools/bin/../lib/gcc/arm-none-eabi/7.3.1/../../../../arm-none-eabi/lib/thumb/v7e-m/fpv4-sp/hard\libm.a(lib_a-w_atan2.o)
                              Core/Src/bibloteka/pid.o (atan2)
c:/st/stm32cubeide_1.2.0/stm32cubeide/plugins/com.st.stm32cube.ide.mcu.externaltools.gnu-tools-for-stm32.7-2018-q2-update.win32_1.0.0.201904181610/tools/bin/../lib/gcc/arm-none-eabi/7.3.1/../../../../arm-none-eabi/lib/thumb/v7e-m/fpv4-sp/hard\libm.a(lib_a-w_pow.o)
                              Core/Src/bibloteka/pid.o (pow)
c:/st/stm32cubeide_1.2.0/stm32cubeide/plugins/com.st.stm32cube.ide.mcu.externaltools.gnu-tools-for-stm32.7-2018-q2-update.win32_1.0.0.201904181610/tools/bin/../lib/gcc/arm-none-eabi/7.3.1/../../../../arm-none-eabi/lib/thumb/v7e-m/fpv4-sp/hard\libm.a(lib_a-w_sqrt.o)
                              Core/Src/bibloteka/pid.o (sqrt)
c:/st/stm32cubeide_1.2.0/stm32cubeide/plugins/com.st.stm32cube.ide.mcu.externaltools.gnu-tools-for-stm32.7-2018-q2-update.win32_1.0.0.201904181610/tools/bin/../lib/gcc/arm-none-eabi/7.3.1/../../../../arm-none-eabi/lib/thumb/v7e-m/fpv4-sp/hard\libm.a(lib_a-e_atan2.o)
                              c:/st/stm32cubeide_1.2.0/stm32cubeide/plugins/com.st.stm32cube.ide.mcu.externaltools.gnu-tools-for-stm32.7-2018-q2-update.win32_1.0.0.201904181610/tools/bin/../lib/gcc/arm-none-eabi/7.3.1/../../../../arm-none-eabi/lib/thumb/v7e-m/fpv4-sp/hard\libm.a(lib_a-w_atan2.o) (__ieee754_atan2)
[...]
Memory Configuration

Name             Origin             Length             Attributes
RAM              0x0000000020000000 0x0000000000018000 xrw
FLASH            0x0000000008000000 0x0000000000080000 xr
*default*        0x0000000000000000 0xffffffffffffffff

Linker script and memory map

LOAD c:/st/stm32cubeide_1.2.0/stm32cubeide/plugins/com.st.stm32cube.ide.mcu.externaltools.gnu-tools-for-stm32.7-2018-q2-update.win32_1.0.0.201904181610/tools/bin/../lib/gcc/arm-none-eabi/7.3.1/thumb/v7e-m/fpv4-sp/hard/crti.o
LOAD c:/st/stm32cubeide_1.2.0/stm32cubeide/plugins/com.st.stm32cube.ide.mcu.externaltools.gnu-tools-for-stm32.7-2018-q2-update.win32_1.0.0.201904181610/tools/bin/../lib/gcc/arm-none-eabi/7.3.1/thumb/v7e-m/fpv4-sp/hard/crtbegin.o
LOAD c:/st/stm32cubeide_1.2.0/stm32cubeide/plugins/com.st.stm32cube.ide.mcu.externaltools.gnu-tools-for-stm32.7-2018-q2-update.win32_1.0.0.201904181610/tools/bin/../lib/gcc/arm-none-eabi/7.3.1/../../../../arm-none-eabi/lib/thumb/v7e-m/fpv4-sp/hard/crt0.o
LOAD Core/Src/bibloteka/hvataljke.o
LOAD Core/Src/bibloteka/kretanje.o
LOAD Core/Src/bibloteka/motor.o
LOAD Core/Src/bibloteka/odometrija.o
LOAD Core/Src/bibloteka/pid.o
LOAD Core/Src/bibloteka/pwm.o
LOAD Core/Src/bibloteka/senzori.o
LOAD Core/Src/bibloteka/step.o
LOAD Core/Src/bibloteka/tajmer.o
LOAD Core/Src/bibloteka/uart.o
LOAD Core/Src/main.o
LOAD Core/Src/stm32f4xx_hal_msp.o
LOAD Core/Src/stm32f4xx_it.o
LOAD Core/Src/syscalls.o
LOAD Core/Src/sysmem.o
LOAD Core/Src/system_stm32f4xx.o
LOAD Core/Startup/startup_stm32f401retx.o
LOAD Drivers/STM32F4xx_HAL_Driver/Src/stm32f4xx_hal.o
LOAD Drivers/STM32F4xx_HAL_Driver/Src/stm32f4xx_hal_cortex.o
LOAD Drivers/STM32F4xx_HAL_Driver/Src/stm32f4xx_hal_dma.o
LOAD Drivers/STM32F4xx_HAL_Driver/Src/stm32f4xx_hal_dma_ex.o
LOAD Drivers/STM32F4xx_HAL_Driver/Src/stm32f4xx_hal_exti.o
LOAD Drivers/STM32F4xx_HAL_Driver/Src/stm32f4xx_hal_flash.o
LOAD Drivers/STM32F4xx_HAL_Driver/Src/stm32f4xx_hal_flash_ex.o
LOAD Drivers/STM32F4xx_HAL_Driver/Src/stm32f4xx_hal_flash_ramfunc.o
LOAD Drivers/STM32F4xx_HAL_Driver/Src/stm32f4xx_hal_gpio.o
LOAD Drivers/STM32F4xx_HAL_Driver/Src/stm32f4xx_hal_pwr.o
LOAD Drivers/STM32F4xx_HAL_Driver/Src/stm32f4xx_hal_pwr_ex.o
LOAD Drivers/STM32F4xx_HAL_Driver/Src/stm32f4xx_hal_rcc.o
LOAD Drivers/STM32F4xx_HAL_Driver/Src/stm32f4xx_hal_rcc_ex.o
LOAD Drivers/STM32F4xx_HAL_Driver/Src/stm32f4xx_hal_tim.o
LOAD Drivers/STM32F4xx_HAL_Driver/Src/stm32f4xx_hal_tim_ex.o
START GROUP
LOAD c:/st/stm32cubeide_1.2.0/stm32cubeide/plugins/com.st.stm32cube.ide.mcu.externaltools.gnu-tools-for-stm32.7-2018-q2-update.win32_1.0.0.201904181610/tools/bin/../lib/gcc/arm-none-eabi/7.3.1/../../../../arm-none-eabi/lib/thumb/v7e-m/fpv4-sp/hard\libc_nano.a
LOAD c:/st/stm32cubeide_1.2.0/stm32cubeide/plugins/com.st.stm32cube.ide.mcu.externaltools.gnu-tools-for-stm32.7-2018-q2-update.win32_1.0.0.201904181610/tools/bin/../lib/gcc/arm-none-eabi/7.3.1/../../../../arm-none-eabi/lib/thumb/v7e-m/fpv4-sp/hard\libm.a
END GROUP
START GROUP
LOAD c:/st/stm32cubeide_1.2.0/stm32cubeide/plugins/com.st.stm32cube.ide.mcu.externaltools.gnu-tools-for-stm32.7-2018-q2-update.win32_1.0.0.201904181610/tools/bin/../lib/gcc/arm-none-eabi/7.3.1/thumb/v7e-m/fpv4-sp/hard\libgcc.a
LOAD c:/st/stm32cubeide_1.2.0/stm32cubeide/plugins/com.st.stm32cube.ide.mcu.externaltools.gnu-tools-for-stm32.7-2018-q2-update.win32_1.0.0.201904181610/tools/bin/../lib/gcc/arm-none-eabi/7.3.1/../../../../arm-none-eabi/lib/thumb/v7e-m/fpv4-sp/hard\libc_nano.a
END GROUP
START GROUP
LOAD c:/st/stm32cubeide_1.2.0/stm32cubeide/plugins/com.st.stm32cube.ide.mcu.externaltools.gnu-tools-for-stm32.7-2018-q2-update.win32_1.0.0.201904181610/tools/bin/../lib/gcc/arm-none-eabi/7.3.1/thumb/v7e-m/fpv4-sp/hard\libgcc.a
LOAD c:/st/stm32cubeide_1.2.0/stm32cubeide/plugins/com.st.stm32cube.ide.mcu.externaltools.gnu-tools-for-stm32.7-2018-q2-update.win32_1.0.0.201904181610/tools/bin/../lib/gcc/arm-none-eabi/7.3.1/../../../../arm-none-eabi/lib/thumb/v7e-m/fpv4-sp/hard\libc_nano.a
LOAD c:/st/stm32cubeide_1.2.0/stm32cubeide/plugins/com.st.stm32cube.ide.mcu.externaltools.gnu-tools-for-stm32.7-2018-q2-update.win32_1.0.0.201904181610/tools/bin/../lib/gcc/arm-none-eabi/7.3.1/../../../../arm-none-eabi/lib/thumb/v7e-m/fpv4-sp/hard\libnosys.a
END GROUP
START GROUP
LOAD c:/st/stm32cubeide_1.2.0/stm32cubeide/plugins/com.st.stm32cube.ide.mcu.externaltools.gnu-tools-for-stm32.7-2018-q2-update.win32_1.0.0.201904181610/tools/bin/../lib/gcc/arm-none-eabi/7.3.1/thumb/v7e-m/fpv4-sp/hard\libgcc.a
LOAD c:/st/stm32cubeide_1.2.0/stm32cubeide/plugins/com.st.stm32cube.ide.mcu.externaltools.gnu-tools-for-stm32.7-2018-q2-update.win32_1.0.0.201904181610/tools/bin/../lib/gcc/arm-none-eabi/7.3.1/../../../../arm-none-eabi/lib/thumb/v7e-m/fpv4-sp/hard\libc_nano.a
LOAD c:/st/stm32cubeide_1.2.0/stm32cubeide/plugins/com.st.stm32cube.ide.mcu.externaltools.gnu-tools-for-stm32.7-2018-q2-update.win32_1.0.0.201904181610/tools/bin/../lib/gcc/arm-none-eabi/7.3.1/../../../../arm-none-eabi/lib/thumb/v7e-m/fpv4-sp/hard\libnosys.a
END GROUP
LOAD c:/st/stm32cubeide_1.2.0/stm32cubeide/plugins/com.st.stm32cube.ide.mcu.externaltools.gnu-tools-for-stm32.7-2018-q2-update.win32_1.0.0.201904181610/tools/bin/../lib/gcc/arm-none-eabi/7.3.1/thumb/v7e-m/fpv4-sp/hard/crtend.o
LOAD c:/st/stm32cubeide_1.2.0/stm32cubeide/plugins/com.st.stm32cube.ide.mcu.externaltools.gnu-tools-for-stm32.7-2018-q2-update.win32_1.0.0.201904181610/tools/bin/../lib/gcc/arm-none-eabi/7.3.1/thumb/v7e-m/fpv4-sp/hard/crtn.o
                0x0000000020018000                _estack = (ORIGIN (RAM) + LENGTH (RAM))
                0x0000000000000200                _Min_Heap_Size = 0x200
                0x0000000000000400                _Min_Stack_Size = 0x400

.isr_vector     0x0000000008000000      0x194
                0x0000000008000000                . = ALIGN (0x4)
 *(.isr_vector)
 .isr_vector    0x0000000008000000      0x194 Core/Startup/startup_stm32f401retx.o
                0x0000000008000000                g_pfnVectors
                0x0000000008000194                . = ALIGN (0x4)

.text           0x0000000008000198     0x6064
                0x0000000008000198                . = ALIGN (0x4)
 *(.text)
 .text          0x0000000008000198       0x40 c:/st/stm32cubeide_1.2.0/stm32cubeide/plugins/com.st.stm32cube.ide.mcu.externaltools.gnu-tools-for-stm32.7-2018-q2-update.win32_1.0.0.201904181610/tools/bin/../lib/gcc/arm-none-eabi/7.3.1/thumb/v7e-m/fpv4-sp/hard/crtbegin.o
 .text          0x00000000080001d8      0x378 c:/st/stm32cubeide_1.2.0/stm32cubeide/plugins/com.st.stm32cube.ide.mcu.externaltools.gnu-tools-for-stm32.7-2018-q2-update.win32_1.0.0.201904181610/tools/bin/../lib/gcc/arm-none-eabi/7.3.1/thumb/v7e-m/fpv4-sp/hard\libgcc.a(_arm_addsubdf3.o)
                0x00000000080001d8                __aeabi_drsub
                0x00000000080001e0                __aeabi_dsub
                0x00000000080001e0                __subdf3
                0x00000000080001e4                __aeabi_dadd
                0x00000000080001e4                __adddf3
                0x000000000800045c                __floatunsidf
                0x000000000800045c                __aeabi_ui2d
                0x000000000800047c                __floatsidf
                0x000000000800047c                __aeabi_i2d
                0x00000000080004a0                __aeabi_f2d
                0x00000000080004a0                __extendsfdf2
                0x00000000080004e4                __floatundidf
                0x00000000080004e4                __aeabi_ul2d
                0x00000000080004f4                __floatdidf
                0x00000000080004f4                __aeabi_l2d
 .text          0x0000000008000550      0x424 c:/st/stm32cubeide_1.2.0/stm32cubeide/plugins/com.st.stm32cube.ide.mcu.externaltools.gnu-tools-for-stm32.7-2018-q2-update.win32_1.0.0.201904181610/tools/bin/../lib/gcc/arm-none-eabi/7.3.1/thumb/v7e-m/fpv4-sp/hard\libgcc.a(_arm_muldivdf3.o)
                0x0000000008000550                __aeabi_dmul
                0x0000000008000550                __muldf3
                0x00000000080007a4                __divdf3
                0x00000000080007a4                __aeabi_ddiv
 .text          0x0000000008000974      0x110 c:/st/stm32cubeide_1.2.0/stm32cubeide/plugins/com.st.stm32cube.ide.mcu.externaltools.gnu-tools-for-stm32.7-2018-q2-update.win32_1.0.0.201904181610/tools/bin/../lib/gcc/arm-none-eabi/7.3.1/thumb/v7e-m/fpv4-sp/hard\libgcc.a(_arm_cmpdf2.o)
                0x0000000008000974                __gtdf2
                0x0000000008000974                __gedf2
                0x000000000800097c                __ltdf2
                0x000000000800097c                __ledf2
                0x0000000008000984                __nedf2
                0x0000000008000984                __eqdf2
                0x0000000008000984                __cmpdf2
                0x0000000008000a00                __aeabi_cdrcmple
                0x0000000008000a10                __aeabi_cdcmpeq
                0x0000000008000a10                __aeabi_cdcmple
                0x0000000008000a20                __aeabi_dcmpeq
                0x0000000008000a34                __aeabi_dcmplt
                0x0000000008000a48                __aeabi_dcmple
                0x0000000008000a5c                __aeabi_dcmpge
                0x0000000008000a70                __aeabi_dcmpgt
 .text          0x0000000008000a84       0x2c c:/st/stm32cubeide_1.2.0/stm32cubeide/plugins/com.st.stm32cube.ide.mcu.externaltools.gnu-tools-for-stm32.7-2018-q2-update.win32_1.0.0.201904181610/tools/bin/../lib/gcc/arm-none-eabi/7.3.1/thumb/v7e-m/fpv4-sp/hard\libgcc.a(_arm_unorddf2.o)
                0x0000000008000a84                __unorddf2
                0x0000000008000a84                __aeabi_dcmpun
 .text          0x0000000008000ab0       0x50 c:/st/stm32cubeide_1.2.0/stm32cubeide/plugins/com.st.stm32cube.ide.mcu.externaltools.gnu-tools-for-stm32.7-2018-q2-update.win32_1.0.0.201904181610/tools/bin/../lib/gcc/arm-none-eabi/7.3.1/thumb/v7e-m/fpv4-sp/hard\libgcc.a(_arm_fixdfsi.o)
                0x0000000008000ab0                __aeabi_d2iz
                0x0000000008000ab0                __fixdfsi
 .text          0x0000000008000b00       0xa0 c:/st/stm32cubeide_1.2.0/stm32cubeide/plugins/com.st.stm32cube.ide.mcu.externaltools.gnu-tools-for-stm32.7-2018-q2-update.win32_1.0.0.201904181610/tools/bin/../lib/gcc/arm-none-eabi/7.3.1/thumb/v7e-m/fpv4-sp/hard\libgcc.a(_arm_truncdfsf2.o)
                0x0000000008000b00                __truncdfsf2
                0x0000000008000b00                __aeabi_d2f
 .text          0x0000000008000ba0       0x30 c:/st/stm32cubeide_1.2.0/stm32cubeide/plugins/com.st.stm32cube.ide.mcu.externaltools.gnu-tools-for-stm32.7-2018-q2-update.win32_1.0.0.201904181610/tools/bin/../lib/gcc/arm-none-eabi/7.3.1/thumb/v7e-m/fpv4-sp/hard\libgcc.a(_aeabi_uldivmod.o)
                0x0000000008000ba0                __aeabi_uldivmod
 .text          0x0000000008000bd0      0x2cc c:/st/stm32cubeide_1.2.0/stm32cubeide/plugins/com.st.stm32cube.ide.mcu.externaltools.gnu-tools-for-stm32.7-2018-q2-update.win32_1.0.0.201904181610/tools/bin/../lib/gcc/arm-none-eabi/7.3.1/thumb/v7e-m/fpv4-sp/hard\libgcc.a(_udivmoddi4.o)
                0x0000000008000bd0                __udivmoddi4
 .text          0x0000000008000e9c        0x4 c:/st/stm32cubeide_1.2.0/stm32cubeide/plugins/com.st.stm32cube.ide.mcu.externaltools.gnu-tools-for-stm32.7-2018-q2-update.win32_1.0.0.201904181610/tools/bin/../lib/gcc/arm-none-eabi/7.3.1/thumb/v7e-m/fpv4-sp/hard\libgcc.a(_dvmd_tls.o)
                0x0000000008000e9c                __aeabi_idiv0
                0x0000000008000e9c                __aeabi_ldiv0
 *(.text*)
 .text.napred   0x0000000008000ea0       0x92 Core/Src/bibloteka/kretanje.o
                0x0000000008000ea0                napred
 *fill*         0x0000000008000f32        0x2 
 .text.motor_init
                0x0000000008000f34       0xf4 Core/Src/bibloteka/motor.o
                0x0000000008000f34                motor_init
 .text.inc_2_rad
                0x0000000008001028       0x1c Core/Src/bibloteka/odometrija.o
                0x0000000008001028                inc_2_rad
 .text.odometrija
                0x0000000008001044      0x2a4 Core/Src/bibloteka/odometrija.o
                0x0000000008001044                odometrija
 .text.get_x    0x00000000080012e8       0x1c Core/Src/bibloteka/odometrija.o
                0x00000000080012e8                get_x
 .text.get_y    0x0000000008001304       0x1c Core/Src/bibloteka/odometrija.o
                0x0000000008001304                get_y
 .text.get_theta
                0x0000000008001320       0x1c Core/Src/bibloteka/odometrija.o
                0x0000000008001320                get_theta
 .text.get_w    0x000000000800133c       0x1c Core/Src/bibloteka/odometrija.o
                0x000000000800133c                get_w
 .text.get_v    0x0000000008001358       0x1c Core/Src/bibloteka/odometrija.o
                0x0000000008001358                get_v
 .text.pid_init
                0x0000000008001374       0x98 Core/Src/bibloteka/pid.o
                0x0000000008001374                pid_init
 *fill*         0x000000000800140c        0x4 
 .text.normalize_angle
                0x0000000008001410       0xa0 Core/Src/bibloteka/pid.o
                0x0000000008001410                normalize_angle
 .text.pid_brzina
                0x00000000080014b0      0x148 Core/Src/bibloteka/pid.o
                0x00000000080014b0                pid_brzina
 .text.racunanje_brzine
                0x00000000080015f8       0xd0 Core/Src/bibloteka/pid.o
                0x00000000080015f8                racunanje_brzine
 .text.regulacija_pozicije
                0x00000000080016c8      0x694 Core/Src/bibloteka/pid.o
                0x00000000080016c8                regulacija_pozicije
 *fill*         0x0000000008001d5c        0x4 
 .text.regulacija_brzine
                0x0000000008001d60      0x248 Core/Src/bibloteka/pid.o
                0x0000000008001d60                regulacija_brzine
 .text.get_faza
                0x0000000008001fa8       0x18 Core/Src/bibloteka/pid.o
                0x0000000008001fa8                get_faza
 .text.set_v_cr
                0x0000000008001fc0       0x20 Core/Src/bibloteka/pid.o
                0x0000000008001fc0                set_v_cr
 .text.set_w_cr
                0x0000000008001fe0       0x20 Core/Src/bibloteka/pid.o
                0x0000000008001fe0                set_w_cr
 .text.set_dist
                0x0000000008002000       0x20 Core/Src/bibloteka/pid.o
                0x0000000008002000                set_dist
 .text.set_or   0x0000000008002020       0x20 Core/Src/bibloteka/pid.o
                0x0000000008002020                set_or
 .text.init_PWM
                0x0000000008002040      0x190 Core/Src/bibloteka/pwm.o
                0x0000000008002040                init_PWM
 .text.motor1_set_PWM
                0x00000000080021d0       0x8c Core/Src/bibloteka/pwm.o
                0x00000000080021d0                motor1_set_PWM
 .text.motor2_set_PWM
                0x000000000800225c       0x8c Core/Src/bibloteka/pwm.o
                0x000000000800225c                motor2_set_PWM
 .text.init_senzor
                0x00000000080022e8      0x13c Core/Src/bibloteka/senzori.o
                0x00000000080022e8                init_senzor
 .text.tajmer_init
                0x0000000008002424        0xc Core/Src/bibloteka/tajmer.o
                0x0000000008002424                tajmer_init
 .text.enc_init
                0x0000000008002430       0x10 Core/Src/bibloteka/tajmer.o
                0x0000000008002430                enc_init
 .text.tim2_init
                0x0000000008002440       0xb4 Core/Src/bibloteka/tajmer.o
 .text.enc1_init
                0x00000000080024f4       0xf4 Core/Src/bibloteka/tajmer.o
 .text.enc1_GetInc
                0x00000000080025e8       0x30 Core/Src/bibloteka/tajmer.o
                0x00000000080025e8                enc1_GetInc
 .text.enc2_init
                0x0000000008002618       0xe0 Core/Src/bibloteka/tajmer.o
 .text.enc2_GetInc
                0x00000000080026f8       0x30 Core/Src/bibloteka/tajmer.o
                0x00000000080026f8                enc2_GetInc
 .text.set_x    0x0000000008002728       0x20 Core/Src/bibloteka/tajmer.o
                0x0000000008002728                set_x
 .text.set_det  0x0000000008002748       0x2c Core/Src/bibloteka/tajmer.o
                0x0000000008002748                set_det
 .text.set_y    0x0000000008002774       0x20 Core/Src/bibloteka/tajmer.o
                0x0000000008002774                set_y
 .text.set_theta
                0x0000000008002794       0x20 Core/Src/bibloteka/tajmer.o
                0x0000000008002794                set_theta
 .text.TIM1_UP_TIM10_IRQHandler
                0x00000000080027b4      0x2bc Core/Src/bibloteka/tajmer.o
                0x00000000080027b4                TIM1_UP_TIM10_IRQHandler
 .text.uart_init
                0x0000000008002a70        0xc Core/Src/bibloteka/uart.o
                0x0000000008002a70                uart_init
 .text.uart6_init
                0x0000000008002a7c      0x260 Core/Src/bibloteka/uart.o
 .text.uart_pisi
                0x0000000008002cdc       0xd4 Core/Src/bibloteka/uart.o
                0x0000000008002cdc                uart_pisi
 .text.USART6_IRQHandler
                0x0000000008002db0       0x24 Core/Src/bibloteka/uart.o
                0x0000000008002db0                USART6_IRQHandler
 .text.main     0x0000000008002dd4       0xe0 Core/Src/main.o
                0x0000000008002dd4                main
 .text.SystemClock_Config
                0x0000000008002eb4       0xd4 Core/Src/main.o
                0x0000000008002eb4                SystemClock_Config
 .text.Error_Handler
                0x0000000008002f88        0xe Core/Src/main.o
                0x0000000008002f88                Error_Handler
 *fill*         0x0000000008002f96        0x2 
 .text.HAL_MspInit
                0x0000000008002f98       0x50 Core/Src/stm32f4xx_hal_msp.o
                0x0000000008002f98                HAL_MspInit
 .text.NMI_Handler
                0x0000000008002fe8        0xe Core/Src/stm32f4xx_it.o
                0x0000000008002fe8                NMI_Handler
 .text.HardFault_Handler
                0x0000000008002ff6        0x6 Core/Src/stm32f4xx_it.o
                0x0000000008002ff6                HardFault_Handler
 .text.MemManage_Handler
                0x0000000008002ffc        0x6 Core/Src/stm32f4xx_it.o
                0x0000000008002ffc                MemManage_Handler
 .text.BusFault_Handler
                0x0000000008003002        0x6 Core/Src/stm32f4xx_it.o
                0x0000000008003002                BusFault_Handler
 .text.UsageFault_Handler
                0x0000000008003008        0x6 Core/Src/stm32f4xx_it.o
                0x0000000008003008                UsageFault_Handler
 .text.SVC_Handler
                0x000000000800300e        0xe Core/Src/stm32f4xx_it.o
                0x000000000800300e                SVC_Handler
 .text.DebugMon_Handler
                0x000000000800301c        0xe Core/Src/stm32f4xx_it.o
                0x000000000800301c                DebugMon_Handler
 .text.PendSV_Handler
                0x000000000800302a        0xe Core/Src/stm32f4xx_it.o
                0x000000000800302a                PendSV_Handler
 .text.SysTick_Handler
                0x0000000008003038        0xc Core/Src/stm32f4xx_it.o
                0x0000000008003038                SysTick_Handler
 .text.SystemInit
                0x0000000008003044       0x2c Core/Src/system_stm32f4xx.o
                0x0000000008003044                SystemInit
 .text.Reset_Handler
                0x0000000008003070       0x50 Core/Startup/startup_stm32f401retx.o
                0x0000000008003070                Reset_Handler
 .text.Default_Handler
                0x00000000080030c0        0x2 Core/Startup/startup_stm32f401retx.o
                0x00000000080030c0                RTC_Alarm_IRQHandler
                0x00000000080030c0                EXTI2_IRQHandler
                0x00000000080030c0                SPI4_IRQHandler
                0x00000000080030c0                TIM1_CC_IRQHandler
                0x00000000080030c0                DMA2_Stream5_IRQHandler
                0x00000000080030c0                DMA1_Stream5_IRQHandler
                0x00000000080030c0                PVD_IRQHandler
                0x00000000080030c0                SDIO_IRQHandler
                0x00000000080030c0                TAMP_STAMP_IRQHandler
                0x00000000080030c0                EXTI3_IRQHandler
                0x00000000080030c0                I2C3_ER_IRQHandler
                0x00000000080030c0                EXTI0_IRQHandler
                0x00000000080030c0                I2C2_EV_IRQHandler
                0x00000000080030c0                DMA1_Stream2_IRQHandler
                0x00000000080030c0                FPU_IRQHandler
                0x00000000080030c0                DMA2_Stream2_IRQHandler
                0x00000000080030c0                SPI1_IRQHandler
                0x00000000080030c0                TIM1_BRK_TIM9_IRQHandler
                0x00000000080030c0                DMA2_Stream3_IRQHandler
                0x00000000080030c0                DMA2_Stream0_IRQHandler
                0x00000000080030c0                TIM4_IRQHandler
                0x00000000080030c0                I2C1_EV_IRQHandler
                0x00000000080030c0                DMA1_Stream6_IRQHandler
                0x00000000080030c0                DMA1_Stream1_IRQHandler
                0x00000000080030c0                TIM3_IRQHandler
                0x00000000080030c0                RCC_IRQHandler
                0x00000000080030c0                Default_Handler
                0x00000000080030c0                EXTI15_10_IRQHandler
                0x00000000080030c0                ADC_IRQHandler
                0x00000000080030c0                DMA1_Stream7_IRQHandler
                0x00000000080030c0                TIM5_IRQHandler
                0x00000000080030c0                DMA2_Stream7_IRQHandler
                0x00000000080030c0                I2C3_EV_IRQHandler
                0x00000000080030c0                EXTI9_5_IRQHandler
                0x00000000080030c0                RTC_WKUP_IRQHandler
                0x00000000080030c0                SPI2_IRQHandler
                0x00000000080030c0                DMA1_Stream0_IRQHandler
                0x00000000080030c0                EXTI4_IRQHandler
                0x00000000080030c0                WWDG_IRQHandler
                0x00000000080030c0                TIM2_IRQHandler
                0x00000000080030c0                OTG_FS_WKUP_IRQHandler
                0x00000000080030c0                TIM1_TRG_COM_TIM11_IRQHandler
                0x00000000080030c0                EXTI1_IRQHandler
                0x00000000080030c0                USART2_IRQHandler
                0x00000000080030c0                I2C2_ER_IRQHandler
                0x00000000080030c0                DMA2_Stream1_IRQHandler
                0x00000000080030c0                FLASH_IRQHandler
                0x00000000080030c0                DMA2_Stream4_IRQHandler
                0x00000000080030c0                USART1_IRQHandler
                0x00000000080030c0                OTG_FS_IRQHandler
                0x00000000080030c0                SPI3_IRQHandler
                0x00000000080030c0                DMA1_Stream4_IRQHandler
                0x00000000080030c0                I2C1_ER_IRQHandler
                0x00000000080030c0                DMA2_Stream6_IRQHandler
                0x00000000080030c0                DMA1_Stream3_IRQHandler
 *fill*         0x00000000080030c2        0x2 
 .text.HAL_Init
                0x00000000080030c4       0x44 Drivers/STM32F4xx_HAL_Driver/Src/stm32f4xx_hal.o
                0x00000000080030c4                HAL_Init
 .text.HAL_InitTick
                0x0000000008003108       0x60 Drivers/STM32F4xx_HAL_Driver/Src/stm32f4xx_hal.o
                0x0000000008003108                HAL_InitTick
 .text.HAL_IncTick
                0x0000000008003168       0x28 Drivers/STM32F4xx_HAL_Driver/Src/stm32f4xx_hal.o
                0x0000000008003168                HAL_IncTick
 .text.HAL_GetTick
                0x0000000008003190       0x18 Drivers/STM32F4xx_HAL_Driver/Src/stm32f4xx_hal.o
                0x0000000008003190                HAL_GetTick
 .text.__NVIC_SetPriorityGrouping
                0x00000000080031a8       0x48 Drivers/STM32F4xx_HAL_Driver/Src/stm32f4xx_hal_cortex.o
 .text.__NVIC_GetPriorityGrouping
                0x00000000080031f0       0x1c Drivers/STM32F4xx_HAL_Driver/Src/stm32f4xx_hal_cortex.o
 .text.__NVIC_SetPriority
                0x000000000800320c       0x54 Drivers/STM32F4xx_HAL_Driver/Src/stm32f4xx_hal_cortex.o
 .text.NVIC_EncodePriority
                0x0000000008003260       0x66 Drivers/STM32F4xx_HAL_Driver/Src/stm32f4xx_hal_cortex.o
 *fill*         0x00000000080032c6        0x2 
 .text.SysTick_Config
                0x00000000080032c8       0x44 Drivers/STM32F4xx_HAL_Driver/Src/stm32f4xx_hal_cortex.o
 .text.HAL_NVIC_SetPriorityGrouping
                0x000000000800330c       0x16 Drivers/STM32F4xx_HAL_Driver/Src/stm32f4xx_hal_cortex.o
                0x000000000800330c                HAL_NVIC_SetPriorityGrouping
 .text.HAL_NVIC_SetPriority
                0x0000000008003322       0x38 Drivers/STM32F4xx_HAL_Driver/Src/stm32f4xx_hal_cortex.o
                0x0000000008003322                HAL_NVIC_SetPriority
 .text.HAL_SYSTICK_Config
                0x000000000800335a       0x18 Drivers/STM32F4xx_HAL_Driver/Src/stm32f4xx_hal_cortex.o
                0x000000000800335a                HAL_SYSTICK_Config
 *fill*         0x0000000008003372        0x2 
 .text.HAL_RCC_OscConfig
                0x0000000008003374      0x4e0 Drivers/STM32F4xx_HAL_Driver/Src/stm32f4xx_hal_rcc.o
                0x0000000008003374                HAL_RCC_OscConfig
 .text.HAL_RCC_ClockConfig
                0x0000000008003854      0x1cc Drivers/STM32F4xx_HAL_Driver/Src/stm32f4xx_hal_rcc.o
                0x0000000008003854                HAL_RCC_ClockConfig
 .text.HAL_RCC_GetSysClockFreq
                0x0000000008003a20      0x164 Drivers/STM32F4xx_HAL_Driver/Src/stm32f4xx_hal_rcc.o
                0x0000000008003a20                HAL_RCC_GetSysClockFreq
 .text.__errno  0x0000000008003b84        0xc c:/st/stm32cubeide_1.2.0/stm32cubeide/plugins/com.st.stm32cube.ide.mcu.externaltools.gnu-tools-for-stm32.7-2018-q2-update.win32_1.0.0.201904181610/tools/bin/../lib/gcc/arm-none-eabi/7.3.1/../../../../arm-none-eabi/lib/thumb/v7e-m/fpv4-sp/hard\libc_nano.a(lib_a-errno.o)
                0x0000000008003b84                __errno
 .text.__libc_init_array
                0x0000000008003b90       0x48 c:/st/stm32cubeide_1.2.0/stm32cubeide/plugins/com.st.stm32cube.ide.mcu.externaltools.gnu-tools-for-stm32.7-2018-q2-update.win32_1.0.0.201904181610/tools/bin/../lib/gcc/arm-none-eabi/7.3.1/../../../../arm-none-eabi/lib/thumb/v7e-m/fpv4-sp/hard\libc_nano.a(lib_a-init.o)
                0x0000000008003b90                __libc_init_array
 .text.memset   0x0000000008003bd8       0x10 c:/st/stm32cubeide_1.2.0/stm32cubeide/plugins/com.st.stm32cube.ide.mcu.externaltools.gnu-tools-for-stm32.7-2018-q2-update.win32_1.0.0.201904181610/tools/bin/../lib/gcc/arm-none-eabi/7.3.1/../../../../arm-none-eabi/lib/thumb/v7e-m/fpv4-sp/hard\libc_nano.a(lib_a-memset.o)
                0x0000000008003bd8                memset
 .text.cos      0x0000000008003be8       0x88 c:/st/stm32cubeide_1.2.0/stm32cubeide/plugins/com.st.stm32cube.ide.mcu.externaltools.gnu-tools-for-stm32.7-2018-q2-update.win32_1.0.0.201904181610/tools/bin/../lib/gcc/arm-none-eabi/7.3.1/../../../../arm-none-eabi/lib/thumb/v7e-m/fpv4-sp/hard\libm.a(lib_a-s_cos.o)
                0x0000000008003be8                cos
 .text.sin      0x0000000008003c70       0x90 c:/st/stm32cubeide_1.2.0/stm32cubeide/plugins/com.st.stm32cube.ide.mcu.externaltools.gnu-tools-for-stm32.7-2018-q2-update.win32_1.0.0.201904181610/tools/bin/../lib/gcc/arm-none-eabi/7.3.1/../../../../arm-none-eabi/lib/thumb/v7e-m/fpv4-sp/hard\libm.a(lib_a-s_sin.o)
                0x0000000008003c70                sin
 .text.atan2    0x0000000008003d00        0x4 c:/st/stm32cubeide_1.2.0/stm32cubeide/plugins/com.st.stm32cube.ide.mcu.externaltools.gnu-tools-for-stm32.7-2018-q2-update.win32_1.0.0.201904181610/tools/bin/../lib/gcc/arm-none-eabi/7.3.1/../../../../arm-none-eabi/lib/thumb/v7e-m/fpv4-sp/hard\libm.a(lib_a-w_atan2.o)
                0x0000000008003d00                atan2
 .text.pow      0x0000000008003d04      0x2e0 c:/st/stm32cubeide_1.2.0/stm32cubeide/plugins/com.st.stm32cube.ide.mcu.externaltools.gnu-tools-for-stm32.7-2018-q2-update.win32_1.0.0.201904181610/tools/bin/../lib/gcc/arm-none-eabi/7.3.1/../../../../arm-none-eabi/lib/thumb/v7e-m/fpv4-sp/hard\libm.a(lib_a-w_pow.o)
                0x0000000008003d04                pow
 .text.sqrt     0x0000000008003fe4       0xb4 c:/st/stm32cubeide_1.2.0/stm32cubeide/plugins/com.st.stm32cube.ide.mcu.externaltools.gnu-tools-for-stm32.7-2018-q2-update.win32_1.0.0.201904181610/tools/bin/../lib/gcc/arm-none-eabi/7.3.1/../../../../arm-none-eabi/lib/thumb/v7e-m/fpv4-sp/hard\libm.a(lib_a-w_sqrt.o)
                0x0000000008003fe4                sqrt
 .text.__ieee754_atan2
                0x0000000008004098      0x1bc c:/st/stm32cubeide_1.2.0/stm32cubeide/plugins/com.st.stm32cube.ide.mcu.externaltools.gnu-tools-for-stm32.7-2018-q2-update.win32_1.0.0.201904181610/tools/bin/../lib/gcc/arm-none-eabi/7.3.1/../../../../arm-none-eabi/lib/thumb/v7e-m/fpv4-sp/hard\libm.a(lib_a-e_atan2.o)
                0x0000000008004098                __ieee754_atan2
 *fill*         0x0000000008004254        0x4 
 .text.__ieee754_pow
                0x0000000008004258      0xa1c c:/st/stm32cubeide_1.2.0/stm32cubeide/plugins/com.st.stm32cube.ide.mcu.externaltools.gnu-tools-for-stm32.7-2018-q2-update.win32_1.0.0.201904181610/tools/bin/../lib/gcc/arm-none-eabi/7.3.1/../../../../arm-none-eabi/lib/thumb/v7e-m/fpv4-sp/hard\libm.a(lib_a-e_pow.o)
                0x0000000008004258                __ieee754_pow
 *fill*         0x0000000008004c74        0x4 
 .text.__ieee754_rem_pio2
                0x0000000008004c78      0x3e4 c:/st/stm32cubeide_1.2.0/stm32cubeide/plugins/com.st.stm32cube.ide.mcu.externaltools.gnu-tools-for-stm32.7-2018-q2-update.win32_1.0.0.201904181610/tools/bin/../lib/gcc/arm-none-eabi/7.3.1/../../../../arm-none-eabi/lib/thumb/v7e-m/fpv4-sp/hard\libm.a(lib_a-e_rem_pio2.o)
                0x0000000008004c78                __ieee754_rem_pio2
 .text.__ieee754_sqrt
                0x000000000800505c      0x160 c:/st/stm32cubeide_1.2.0/stm32cubeide/plugins/com.st.stm32cube.ide.mcu.externaltools.gnu-tools-for-stm32.7-2018-q2-update.win32_1.0.0.201904181610/tools/bin/../lib/gcc/arm-none-eabi/7.3.1/../../../../arm-none-eabi/lib/thumb/v7e-m/fpv4-sp/hard\libm.a(lib_a-e_sqrt.o)
                0x000000000800505c                __ieee754_sqrt
 *fill*         0x00000000080051bc        0x4 
 .text.__kernel_cos
                0x00000000080051c0      0x18c c:/st/stm32cubeide_1.2.0/stm32cubeide/plugins/com.st.stm32cube.ide.mcu.externaltools.gnu-tools-for-stm32.7-2018-q2-update.win32_1.0.0.201904181610/tools/bin/../lib/gcc/arm-none-eabi/7.3.1/../../../../arm-none-eabi/lib/thumb/v7e-m/fpv4-sp/hard\libm.a(lib_a-k_cos.o)
                0x00000000080051c0                __kernel_cos
 *fill*         0x000000000800534c        0x4 
 .text.__kernel_rem_pio2
                0x0000000008005350      0x680 c:/st/stm32cubeide_1.2.0/stm32cubeide/plugins/com.st.stm32cube.ide.mcu.externaltools.gnu-tools-for-stm32.7-2018-q2-update.win32_1.0.0.201904181610/tools/bin/../lib/gcc/arm-none-eabi/7.3.1/../../../../arm-none-eabi/lib/thumb/v7e-m/fpv4-sp/hard\libm.a(lib_a-k_rem_pio2.o)
                0x0000000008005350                __kernel_rem_pio2
 .text.__kernel_sin
                0x00000000080059d0      0x174 c:/st/stm32cubeide_1.2.0/stm32cubeide/plugins/com.st.stm32cube.ide.mcu.externaltools.gnu-tools-for-stm32.7-2018-q2-update.win32_1.0.0.201904181610/tools/bin/../lib/gcc/arm-none-eabi/7.3.1/../../../../arm-none-eabi/lib/thumb/v7e-m/fpv4-sp/hard\libm.a(lib_a-k_sin.o)
                0x00000000080059d0                __kernel_sin
 *fill*         0x0000000008005b44        0x4 
 .text.atan     0x0000000008005b48      0x340 c:/st/stm32cubeide_1.2.0/stm32cubeide/plugins/com.st.stm32cube.ide.mcu.externaltools.gnu-tools-for-stm32.7-2018-q2-update.win32_1.0.0.201904181610/tools/bin/../lib/gcc/arm-none-eabi/7.3.1/../../../../arm-none-eabi/lib/thumb/v7e-m/fpv4-sp/hard\libm.a(lib_a-s_atan.o)
                0x0000000008005b48                atan
 .text.fabs     0x0000000008005e88       0x12 c:/st/stm32cubeide_1.2.0/stm32cubeide/plugins/com.st.stm32cube.ide.mcu.externaltools.gnu-tools-for-stm32.7-2018-q2-update.win32_1.0.0.201904181610/tools/bin/../lib/gcc/arm-none-eabi/7.3.1/../../../../arm-none-eabi/lib/thumb/v7e-m/fpv4-sp/hard\libm.a(lib_a-s_fabs.o)
                0x0000000008005e88                fabs
 .text.finite   0x0000000008005e9a       0x10 c:/st/stm32cubeide_1.2.0/stm32cubeide/plugins/com.st.stm32cube.ide.mcu.externaltools.gnu-tools-for-stm32.7-2018-q2-update.win32_1.0.0.201904181610/tools/bin/../lib/gcc/arm-none-eabi/7.3.1/../../../../arm-none-eabi/lib/thumb/v7e-m/fpv4-sp/hard\libm.a(lib_a-s_finite.o)
                0x0000000008005e9a                finite
 *fill*         0x0000000008005eaa        0x6 
 .text.floor    0x0000000008005eb0      0x108 c:/st/stm32cubeide_1.2.0/stm32cubeide/plugins/com.st.stm32cube.ide.mcu.externaltools.gnu-tools-for-stm32.7-2018-q2-update.win32_1.0.0.201904181610/tools/bin/../lib/gcc/arm-none-eabi/7.3.1/../../../../arm-none-eabi/lib/thumb/v7e-m/fpv4-sp/hard\libm.a(lib_a-s_floor.o)
                0x0000000008005eb0                floor
 .text.matherr  0x0000000008005fb8        0x4 c:/st/stm32cubeide_1.2.0/stm32cubeide/plugins/com.st.stm32cube.ide.mcu.externaltools.gnu-tools-for-stm32.7-2018-q2-update.win32_1.0.0.201904181610/tools/bin/../lib/gcc/arm-none-eabi/7.3.1/../../../../arm-none-eabi/lib/thumb/v7e-m/fpv4-sp/hard\libm.a(lib_a-s_matherr.o)
                0x0000000008005fb8                matherr
 *fill*         0x0000000008005fbc        0x4 
 .text.nan      0x0000000008005fc0       0x10 c:/st/stm32cubeide_1.2.0/stm32cubeide/plugins/com.st.stm32cube.ide.mcu.externaltools.gnu-tools-for-stm32.7-2018-q2-update.win32_1.0.0.201904181610/tools/bin/../lib/gcc/arm-none-eabi/7.3.1/../../../../arm-none-eabi/lib/thumb/v7e-m/fpv4-sp/hard\libm.a(lib_a-s_nan.o)
                0x0000000008005fc0                nan
 .text.rint     0x0000000008005fd0      0x108 c:/st/stm32cubeide_1.2.0/stm32cubeide/plugins/com.st.stm32cube.ide.mcu.externaltools.gnu-tools-for-stm32.7-2018-q2-update.win32_1.0.0.201904181610/tools/bin/../lib/gcc/arm-none-eabi/7.3.1/../../../../arm-none-eabi/lib/thumb/v7e-m/fpv4-sp/hard\libm.a(lib_a-s_rint.o)
                0x0000000008005fd0                rint
 .text.scalbn   0x00000000080060d8       0xec c:/st/stm32cubeide_1.2.0/stm32cubeide/plugins/com.st.stm32cube.ide.mcu.externaltools.gnu-tools-for-stm32.7-2018-q2-update.win32_1.0.0.201904181610/tools/bin/../lib/gcc/arm-none-eabi/7.3.1/../../../../arm-none-eabi/lib/thumb/v7e-m/fpv4-sp/hard\libm.a(lib_a-s_scalbn.o)
                0x00000000080060d8                scalbn
 .text.copysign
                0x00000000080061c4       0x1e c:/st/stm32cubeide_1.2.0/stm32cubeide/plugins/com.st.stm32cube.ide.mcu.externaltools.gnu-tools-for-stm32.7-2018-q2-update.win32_1.0.0.201904181610/tools/bin/../lib/gcc/arm-none-eabi/7.3.1/../../../../arm-none-eabi/lib/thumb/v7e-m/fpv4-sp/hard\libm.a(lib_a-s_copysign.o)
                0x00000000080061c4                copysign
 *(.glue_7)
 .glue_7        0x00000000080061e2        0x0 linker stubs
 *(.glue_7t)
 .glue_7t       0x00000000080061e2        0x0 linker stubs
 *(.eh_frame)
 *fill*         0x00000000080061e2        0x2 
 .eh_frame      0x00000000080061e4        0x0 c:/st/stm32cubeide_1.2.0/stm32cubeide/plugins/com.st.stm32cube.ide.mcu.externaltools.gnu-tools-for-stm32.7-2018-q2-update.win32_1.0.0.201904181610/tools/bin/../lib/gcc/arm-none-eabi/7.3.1/thumb/v7e-m/fpv4-sp/hard/crtbegin.o
 *(.init)
 .init          0x00000000080061e4        0x4 c:/st/stm32cubeide_1.2.0/stm32cubeide/plugins/com.st.stm32cube.ide.mcu.externaltools.gnu-tools-for-stm32.7-2018-q2-update.win32_1.0.0.201904181610/tools/bin/../lib/gcc/arm-none-eabi/7.3.1/thumb/v7e-m/fpv4-sp/hard/crti.o
                0x00000000080061e4                _init
 .init          0x00000000080061e8        0x8 c:/st/stm32cubeide_1.2.0/stm32cubeide/plugins/com.st.stm32cube.ide.mcu.externaltools.gnu-tools-for-stm32.7-2018-q2-update.win32_1.0.0.201904181610/tools/bin/../lib/gcc/arm-none-eabi/7.3.1/thumb/v7e-m/fpv4-sp/hard/crtn.o
 *(.fini)
 .fini          0x00000000080061f0        0x4 c:/st/stm32cubeide_1.2.0/stm32cubeide/plugins/com.st.stm32cube.ide.mcu.externaltools.gnu-tools-for-stm32.7-2018-q2-update.win32_1.0.0.201904181610/tools/bin/../lib/gcc/arm-none-eabi/7.3.1/thumb/v7e-m/fpv4-sp/hard/crti.o
                0x00000000080061f0                _fini
 .fini          0x00000000080061f4        0x8 c:/st/stm32cubeide_1.2.0/stm32cubeide/plugins/com.st.stm32cube.ide.mcu.externaltools.gnu-tools-for-stm32.7-2018-q2-update.win32_1.0.0.201904181610/tools/bin/../lib/gcc/arm-none-eabi/7.3.1/thumb/v7e-m/fpv4-sp/hard/crtn.o
                0x00000000080061fc                . = ALIGN (0x4)
                0x00000000080061fc                _etext = .

.vfp11_veneer   0x00000000080061fc        0x0
 .vfp11_veneer  0x00000000080061fc        0x0 linker stubs

.v4_bx          0x00000000080061fc        0x0
 .v4_bx         0x00000000080061fc        0x0 linker stubs

.iplt           0x00000000080061fc        0x0
 .iplt          0x00000000080061fc        0x0 c:/st/stm32cubeide_1.2.0/stm32cubeide/plugins/com.st.stm32cube.ide.mcu.externaltools.gnu-tools-for-stm32.7-2018-q2-update.win32_1.0.0.201904181610/tools/bin/../lib/gcc/arm-none-eabi/7.3.1/thumb/v7e-m/fpv4-sp/hard/crtbegin.o

.rodata         0x0000000008006200      0x278
                0x0000000008006200                . = ALIGN (0x4)
 *(.rodata)
 *(.rodata*)
 .rodata.AHBPrescTable
                0x0000000008006200       0x10 Core/Src/system_stm32f4xx.o
                0x0000000008006200                AHBPrescTable
 .rodata.pow.str1.1
                0x0000000008006210        0x4 c:/st/stm32cubeide_1.2.0/stm32cubeide/plugins/com.st.stm32cube.ide.mcu.externaltools.gnu-tools-for-stm32.7-2018-q2-update.win32_1.0.0.201904181610/tools/bin/../lib/gcc/arm-none-eabi/7.3.1/../../../../arm-none-eabi/lib/thumb/v7e-m/fpv4-sp/hard\libm.a(lib_a-w_pow.o)
 .rodata.sqrt.str1.1
                0x0000000008006214        0x5 c:/st/stm32cubeide_1.2.0/stm32cubeide/plugins/com.st.stm32cube.ide.mcu.externaltools.gnu-tools-for-stm32.7-2018-q2-update.win32_1.0.0.201904181610/tools/bin/../lib/gcc/arm-none-eabi/7.3.1/../../../../arm-none-eabi/lib/thumb/v7e-m/fpv4-sp/hard\libm.a(lib_a-w_sqrt.o)
 .rodata.__ieee754_pow.str1.1
                0x0000000008006219        0x5 c:/st/stm32cubeide_1.2.0/stm32cubeide/plugins/com.st.stm32cube.ide.mcu.externaltools.gnu-tools-for-stm32.7-2018-q2-update.win32_1.0.0.201904181610/tools/bin/../lib/gcc/arm-none-eabi/7.3.1/../../../../arm-none-eabi/lib/thumb/v7e-m/fpv4-sp/hard\libm.a(lib_a-e_pow.o)
                                          0x1 (size before relaxing)
 *fill*         0x0000000008006219        0x7 
 .rodata.bp     0x0000000008006220       0x10 c:/st/stm32cubeide_1.2.0/stm32cubeide/plugins/com.st.stm32cube.ide.mcu.externaltools.gnu-tools-for-stm32.7-2018-q2-update.win32_1.0.0.201904181610/tools/bin/../lib/gcc/arm-none-eabi/7.3.1/../../../../arm-none-eabi/lib/thumb/v7e-m/fpv4-sp/hard\libm.a(lib_a-e_pow.o)
 .rodata.dp_h   0x0000000008006230       0x10 c:/st/stm32cubeide_1.2.0/stm32cubeide/plugins/com.st.stm32cube.ide.mcu.externaltools.gnu-tools-for-stm32.7-2018-q2-update.win32_1.0.0.201904181610/tools/bin/../lib/gcc/arm-none-eabi/7.3.1/../../../../arm-none-eabi/lib/thumb/v7e-m/fpv4-sp/hard\libm.a(lib_a-e_pow.o)
 .rodata.dp_l   0x0000000008006240       0x10 c:/st/stm32cubeide_1.2.0/stm32cubeide/plugins/com.st.stm32cube.ide.mcu.externaltools.gnu-tools-for-stm32.7-2018-q2-update.win32_1.0.0.201904181610/tools/bin/../lib/gcc/arm-none-eabi/7.3.1/../../../../arm-none-eabi/lib/thumb/v7e-m/fpv4-sp/hard\libm.a(lib_a-e_pow.o)
 .rodata.npio2_hw
                0x0000000008006250       0x80 c:/st/stm32cubeide_1.2.0/stm32cubeide/plugins/com.st.stm32cube.ide.mcu.externaltools.gnu-tools-for-stm32.7-2018-q2-update.win32_1.0.0.201904181610/tools/bin/../lib/gcc/arm-none-eabi/7.3.1/../../../../arm-none-eabi/lib/thumb/v7e-m/fpv4-sp/hard\libm.a(lib_a-e_rem_pio2.o)
 .rodata.two_over_pi
                0x00000000080062d0      0x108 c:/st/stm32cubeide_1.2.0/stm32cubeide/plugins/com.st.stm32cube.ide.mcu.externaltools.gnu-tools-for-stm32.7-2018-q2-update.win32_1.0.0.201904181610/tools/bin/../lib/gcc/arm-none-eabi/7.3.1/../../../../arm-none-eabi/lib/thumb/v7e-m/fpv4-sp/hard\libm.a(lib_a-e_rem_pio2.o)
 .rodata.PIo2   0x00000000080063d8       0x40 c:/st/stm32cubeide_1.2.0/stm32cubeide/plugins/com.st.stm32cube.ide.mcu.externaltools.gnu-tools-for-stm32.7-2018-q2-update.win32_1.0.0.201904181610/tools/bin/../lib/gcc/arm-none-eabi/7.3.1/../../../../arm-none-eabi/lib/thumb/v7e-m/fpv4-sp/hard\libm.a(lib_a-k_rem_pio2.o)
 .rodata.init_jk
                0x0000000008006418       0x10 c:/st/stm32cubeide_1.2.0/stm32cubeide/plugins/com.st.stm32cube.ide.mcu.externaltools.gnu-tools-for-stm32.7-2018-q2-update.win32_1.0.0.201904181610/tools/bin/../lib/gcc/arm-none-eabi/7.3.1/../../../../arm-none-eabi/lib/thumb/v7e-m/fpv4-sp/hard\libm.a(lib_a-k_rem_pio2.o)
 .rodata.atanhi
                0x0000000008006428       0x20 c:/st/stm32cubeide_1.2.0/stm32cubeide/plugins/com.st.stm32cube.ide.mcu.externaltools.gnu-tools-for-stm32.7-2018-q2-update.win32_1.0.0.201904181610/tools/bin/../lib/gcc/arm-none-eabi/7.3.1/../../../../arm-none-eabi/lib/thumb/v7e-m/fpv4-sp/hard\libm.a(lib_a-s_atan.o)
 .rodata.atanlo
                0x0000000008006448       0x20 c:/st/stm32cubeide_1.2.0/stm32cubeide/plugins/com.st.stm32cube.ide.mcu.externaltools.gnu-tools-for-stm32.7-2018-q2-update.win32_1.0.0.201904181610/tools/bin/../lib/gcc/arm-none-eabi/7.3.1/../../../../arm-none-eabi/lib/thumb/v7e-m/fpv4-sp/hard\libm.a(lib_a-s_atan.o)
 .rodata.TWO52  0x0000000008006468       0x10 c:/st/stm32cubeide_1.2.0/stm32cubeide/plugins/com.st.stm32cube.ide.mcu.externaltools.gnu-tools-for-stm32.7-2018-q2-update.win32_1.0.0.201904181610/tools/bin/../lib/gcc/arm-none-eabi/7.3.1/../../../../arm-none-eabi/lib/thumb/v7e-m/fpv4-sp/hard\libm.a(lib_a-s_rint.o)
                0x0000000008006478                . = ALIGN (0x4)

.ARM.extab      0x0000000008006478        0x0
                0x0000000008006478                . = ALIGN (0x4)
 *(.ARM.extab* .gnu.linkonce.armextab.*)
                0x0000000008006478                . = ALIGN (0x4)

.ARM            0x0000000008006478        0x8
                0x0000000008006478                . = ALIGN (0x4)
                0x0000000008006478                __exidx_start = .
 *(.ARM.exidx*)
 .ARM.exidx     0x0000000008006478        0x8 c:/st/stm32cubeide_1.2.0/stm32cubeide/plugins/com.st.stm32cube.ide.mcu.externaltools.gnu-tools-for-stm32.7-2018-q2-update.win32_1.0.0.201904181610/tools/bin/../lib/gcc/arm-none-eabi/7.3.1/thumb/v7e-m/fpv4-sp/hard\libgcc.a(_udivmoddi4.o)
                0x0000000008006480                __exidx_end = .
                0x0000000008006480                . = ALIGN (0x4)

.rel.dyn        0x0000000008006480        0x0
 .rel.iplt      0x0000000008006480        0x0 c:/st/stm32cubeide_1.2.0/stm32cubeide/plugins/com.st.stm32cube.ide.mcu.externaltools.gnu-tools-for-stm32.7-2018-q2-update.win32_1.0.0.201904181610/tools/bin/../lib/gcc/arm-none-eabi/7.3.1/thumb/v7e-m/fpv4-sp/hard/crtbegin.o

.preinit_array  0x0000000008006480        0x0
                0x0000000008006480                . = ALIGN (0x4)
                0x0000000008006480                PROVIDE (__preinit_array_start = .)
 *(.preinit_array*)
                0x0000000008006480                PROVIDE (__preinit_array_end = .)
                0x0000000008006480                . = ALIGN (0x4)

.init_array     0x0000000008006480        0x4
                0x0000000008006480                . = ALIGN (0x4)
                0x0000000008006480                PROVIDE (__init_array_start = .)
 *(SORT_BY_NAME(.init_array.*))
 *(.init_array*)
 .init_array    0x0000000008006480        0x4 c:/st/stm32cubeide_1.2.0/stm32cubeide/plugins/com.st.stm32cube.ide.mcu.externaltools.gnu-tools-for-stm32.7-2018-q2-update.win32_1.0.0.201904181610/tools/bin/../lib/gcc/arm-none-eabi/7.3.1/thumb/v7e-m/fpv4-sp/hard/crtbegin.o
                0x0000000008006484                PROVIDE (__init_array_end = .)
                0x0000000008006484                . = ALIGN (0x4)

.fini_array     0x0000000008006484        0x4
                0x0000000008006484                . = ALIGN (0x4)
                [!provide]                        PROVIDE (__fini_array_start = .)
 *(SORT_BY_NAME(.fini_array.*))
 *(.fini_array*)
 .fini_array    0x0000000008006484        0x4 c:/st/stm32cubeide_1.2.0/stm32cubeide/plugins/com.st.stm32cube.ide.mcu.externaltools.gnu-tools-for-stm32.7-2018-q2-update.win32_1.0.0.201904181610/tools/bin/../lib/gcc/arm-none-eabi/7.3.1/thumb/v7e-m/fpv4-sp/hard/crtbegin.o
                [!provide]                        PROVIDE (__fini_array_end = .)
                0x0000000008006488                . = ALIGN (0x4)
                0x0000000008006488                _sidata = LOADADDR (.data)

.data           0x0000000020000000       0x80 load address 0x0000000008006488
                0x0000000020000000                . = ALIGN (0x4)
                0x0000000020000000                _sdata = .
 *(.data)
 *(.data*)
 .data.smer     0x0000000020000000        0x4 Core/Src/bibloteka/pid.o
 .data.faza1    0x0000000020000004        0x4 Core/Src/bibloteka/tajmer.o
                0x0000000020000004                faza1
 .data.vreme_pozicija
                0x0000000020000008        0x4 Core/Src/bibloteka/tajmer.o
 .data.SystemCoreClock
                0x000000002000000c        0x4 Core/Src/system_stm32f4xx.o
                0x000000002000000c                SystemCoreClock
 .data.uwTickPrio
                0x0000000020000010        0x4 Drivers/STM32F4xx_HAL_Driver/Src/stm32f4xx_hal.o
                0x0000000020000010                uwTickPrio
 .data.uwTickFreq
                0x0000000020000014        0x1 Drivers/STM32F4xx_HAL_Driver/Src/stm32f4xx_hal.o
                0x0000000020000014                uwTickFreq
 *fill*         0x0000000020000015        0x3 
 .data._impure_ptr
                0x0000000020000018        0x4 c:/st/stm32cubeide_1.2.0/stm32cubeide/plugins/com.st.stm32cube.ide.mcu.externaltools.gnu-tools-for-stm32.7-2018-q2-update.win32_1.0.0.201904181610/tools/bin/../lib/gcc/arm-none-eabi/7.3.1/../../../../arm-none-eabi/lib/thumb/v7e-m/fpv4-sp/hard\libc_nano.a(lib_a-impure.o)
                0x0000000020000018                _impure_ptr
 .data.impure_data
                0x000000002000001c       0x60 c:/st/stm32cubeide_1.2.0/stm32cubeide/plugins/com.st.stm32cube.ide.mcu.externaltools.gnu-tools-for-stm32.7-2018-q2-update.win32_1.0.0.201904181610/tools/bin/../lib/gcc/arm-none-eabi/7.3.1/../../../../arm-none-eabi/lib/thumb/v7e-m/fpv4-sp/hard\libc_nano.a(lib_a-impure.o)
 .data.__fdlib_version
                0x000000002000007c        0x1 c:/st/stm32cubeide_1.2.0/stm32cubeide/plugins/com.st.stm32cube.ide.mcu.externaltools.gnu-tools-for-stm32.7-2018-q2-update.win32_1.0.0.201904181610/tools/bin/../lib/gcc/arm-none-eabi/7.3.1/../../../../arm-none-eabi/lib/thumb/v7e-m/fpv4-sp/hard\libm.a(lib_a-s_lib_ver.o)
                0x000000002000007c                __fdlib_version
                0x0000000020000080                . = ALIGN (0x4)
 *fill*         0x000000002000007d        0x3 
                0x0000000020000080                _edata = .

.igot.plt       0x0000000020000080        0x0 load address 0x0000000008006508
 .igot.plt      0x0000000020000080        0x0 c:/st/stm32cubeide_1.2.0/stm32cubeide/plugins/com.st.stm32cube.ide.mcu.externaltools.gnu-tools-for-stm32.7-2018-q2-update.win32_1.0.0.201904181610/tools/bin/../lib/gcc/arm-none-eabi/7.3.1/thumb/v7e-m/fpv4-sp/hard/crtbegin.o
                0x0000000020000080                . = ALIGN (0x4)

.bss            0x0000000020000080      0x140 load address 0x0000000008006508
                0x0000000020000080                _sbss = .
                0x0000000020000080                __bss_start__ = _sbss
 *(.bss)
 .bss           0x0000000020000080       0x1c c:/st/stm32cubeide_1.2.0/stm32cubeide/plugins/com.st.stm32cube.ide.mcu.externaltools.gnu-tools-for-stm32.7-2018-q2-update.win32_1.0.0.201904181610/tools/bin/../lib/gcc/arm-none-eabi/7.3.1/thumb/v7e-m/fpv4-sp/hard/crtbegin.o
 *(.bss*)
 .bss.w_l       0x000000002000009c        0x4 Core/Src/bibloteka/odometrija.o
 .bss.w_r       0x00000000200000a0        0x4 Core/Src/bibloteka/odometrija.o
 .bss.enc_l     0x00000000200000a4        0x4 Core/Src/bibloteka/odometrija.o
 .bss.enc_r     0x00000000200000a8        0x4 Core/Src/bibloteka/odometrija.o
 .bss.dt_sec    0x00000000200000ac        0x4 Core/Src/bibloteka/odometrija.o
 .bss.x         0x00000000200000b0        0x4 Core/Src/bibloteka/odometrija.o
 .bss.y         0x00000000200000b4        0x4 Core/Src/bibloteka/odometrija.o
 .bss.theta     0x00000000200000b8        0x4 Core/Src/bibloteka/odometrija.o
 .bss.v         0x00000000200000bc        0x4 Core/Src/bibloteka/odometrija.o
 .bss.w         0x00000000200000c0        0x4 Core/Src/bibloteka/odometrija.o
 .bss.e         0x00000000200000c4        0x4 Core/Src/bibloteka/pid.o
 .bss.ei        0x00000000200000c8        0x4 Core/Src/bibloteka/pid.o
 .bss.ed        0x00000000200000cc        0x4 Core/Src/bibloteka/pid.o
 .bss.e_pre     0x00000000200000d0        0x4 Core/Src/bibloteka/pid.o
 .bss.greska    0x00000000200000d4        0x4 Core/Src/bibloteka/pid.o
 .bss.greska1   0x00000000200000d8        0x4 Core/Src/bibloteka/pid.o
 .bss.brojac    0x00000000200000dc        0x4 Core/Src/bibloteka/pid.o
 .bss.or        0x00000000200000e0        0x4 Core/Src/bibloteka/pid.o
 .bss.u         0x00000000200000e4        0x4 Core/Src/bibloteka/pid.o
 .bss.izlazak   0x00000000200000e8        0x4 Core/Src/bibloteka/pid.o
 .bss.test1     0x00000000200000ec        0x4 Core/Src/bibloteka/pid.o
 .bss.faza      0x00000000200000f0        0x4 Core/Src/bibloteka/pid.o
 .bss.w         0x00000000200000f4        0x4 Core/Src/bibloteka/pid.o
 .bss.v         0x00000000200000f8        0x4 Core/Src/bibloteka/pid.o
 .bss.v_pid     0x00000000200000fc        0x4 Core/Src/bibloteka/pid.o
 .bss.w_pid     0x0000000020000100        0x4 Core/Src/bibloteka/pid.o
 .bss.dist      0x0000000020000104        0x4 Core/Src/bibloteka/pid.o
 .bss.phi       0x0000000020000108        0x4 Core/Src/bibloteka/pid.o
 .bss.phi_error
                0x000000002000010c        0x4 Core/Src/bibloteka/pid.o
 .bss.phi_prim_error
                0x0000000020000110        0x4 Core/Src/bibloteka/pid.o
 .bss.eps_dist  0x0000000020000114        0x4 Core/Src/bibloteka/pid.o
 .bss.eps_theta
                0x0000000020000118        0x4 Core/Src/bibloteka/pid.o
 .bss.Kp_w      0x000000002000011c        0x4 Core/Src/bibloteka/pid.o
 .bss.Kp_d      0x0000000020000120        0x4 Core/Src/bibloteka/pid.o
 .bss.uslov     0x0000000020000124        0x4 Core/Src/bibloteka/pid.o
 .bss.u_d       0x0000000020000128        0x4 Core/Src/bibloteka/pid.o
 .bss.u_l       0x000000002000012c        0x4 Core/Src/bibloteka/pid.o
 .bss.jedan     0x0000000020000130        0x4 Core/Src/bibloteka/pwm.o
 .bss.dva       0x0000000020000134        0x4 Core/Src/bibloteka/pwm.o
 .bss.flag_100s
                0x0000000020000138        0x1 Core/Src/bibloteka/tajmer.o
                0x0000000020000138                flag_100s
 *fill*         0x0000000020000139        0x3 
 .bss.x         0x000000002000013c        0x4 Core/Src/bibloteka/tajmer.o
 .bss.y         0x0000000020000140        0x4 Core/Src/bibloteka/tajmer.o
 .bss.theta     0x0000000020000144        0x4 Core/Src/bibloteka/tajmer.o
 .bss.brojac    0x0000000020000148        0x4 Core/Src/bibloteka/tajmer.o
 .bss.temp      0x000000002000014c        0x4 Core/Src/bibloteka/tajmer.o
 .bss.p         0x0000000020000150        0x4 Core/Src/bibloteka/tajmer.o
 .bss.z         0x0000000020000154        0x4 Core/Src/bibloteka/tajmer.o
 .bss.det       0x0000000020000158        0x4 Core/Src/bibloteka/tajmer.o
 .bss.test      0x000000002000015c        0x4 Core/Src/bibloteka/tajmer.o
 .bss.a         0x0000000020000160        0x4 Core/Src/bibloteka/tajmer.o
 .bss.b         0x0000000020000164        0x4 Core/Src/bibloteka/tajmer.o
 .bss.c         0x0000000020000168        0x4 Core/Src/bibloteka/tajmer.o
 .bss.buffer    0x000000002000016c       0x1e Core/Src/bibloteka/uart.o
 .bss.velicina  0x000000002000018a        0x1 Core/Src/bibloteka/uart.o
 .bss.index_pisi
                0x000000002000018b        0x1 Core/Src/bibloteka/uart.o
 .bss.index_citaj
                0x000000002000018c        0x1 Core/Src/bibloteka/uart.o
 *fill*         0x000000002000018d        0x3 
 .bss.j         0x0000000020000190        0x4 Core/Src/main.o
                0x0000000020000190                j
 *(COMMON)
 COMMON         0x0000000020000194        0x8 Core/Src/bibloteka/hvataljke.o
                0x0000000020000194                Checksum
                0x0000000020000198                sistemsko_vreme
 COMMON         0x000000002000019c       0x10 Core/Src/bibloteka/kretanje.o
                0x000000002000019c                vel_l
                0x00000000200001a0                v_l
                0x00000000200001a4                vel_d
                0x00000000200001a8                v_r
 COMMON         0x00000000200001ac       0x10 Core/Src/bibloteka/pid.o
                0x00000000200001ac                v_lref
                0x00000000200001b0                w_cr
                0x00000000200001b4                v_dref
                0x00000000200001b8                v_cr
 COMMON         0x00000000200001bc        0x4 Drivers/STM32F4xx_HAL_Driver/Src/stm32f4xx_hal.o
                0x00000000200001bc                uwTick
                0x00000000200001c0                . = ALIGN (0x4)
                0x00000000200001c0                _ebss = .
                0x00000000200001c0                __bss_end__ = _ebss

._user_heap_stack
                0x00000000200001c0      0x600 load address 0x0000000008006508
                0x00000000200001c0                . = ALIGN (0x8)
                0x00000000200001c0                PROVIDE (end = .)
                [!provide]                        PROVIDE (_end = .)
                0x00000000200003c0                . = (. + _Min_Heap_Size)
 *fill*         0x00000000200001c0      0x200 
                0x00000000200007c0                . = (. + _Min_Stack_Size)
 *fill*         0x00000000200003c0      0x400 
                0x00000000200007c0                . = ALIGN (0x8)

/DISCARD/
 libc.a(*)
 libm.a(*)
 libgcc.a(*)

.ARM.attributes
                0x0000000000000000       0x30
 *(.ARM.attributes)
 .ARM.attributes
                0x0000000000000000       0x22 c:/st/stm32cubeide_1.2.0/stm32cubeide/plugins/com.st.stm32cube.ide.mcu.externaltools.gnu-tools-for-stm32.7-2018-q2-update.win32_1.0.0.201904181610/tools/bin/../lib/gcc/arm-none-eabi/7.3.1/thumb/v7e-m/fpv4-sp/hard/crti.o
 .ARM.attributes
                0x0000000000000022       0x34 c:/st/stm32cubeide_1.2.0/stm32cubeide/plugins/com.st.stm32cube.ide.mcu.externaltools.gnu-tools-for-stm32.7-2018-q2-update.win32_1.0.0.201904181610/tools/bin/../lib/gcc/arm-none-eabi/7.3.1/thumb/v7e-m/fpv4-sp/hard/crtbegin.o
 .ARM.attributes
                0x0000000000000056       0x39 Core/Src/bibloteka/hvataljke.o
 .ARM.attributes
                0x000000000000008f       0x39 Core/Src/bibloteka/kretanje.o
 .ARM.attributes
                0x00000000000000c8       0x39 Core/Src/bibloteka/motor.o
 .ARM.attributes
                0x0000000000000101       0x39 Core/Src/bibloteka/odometrija.o
 .ARM.attributes
                0x000000000000013a       0x39 Core/Src/bibloteka/pid.o
 .ARM.attributes
                0x0000000000000173       0x39 Core/Src/bibloteka/pwm.o
 .ARM.attributes
                0x00000000000001ac       0x39 Core/Src/bibloteka/senzori.o
 .ARM.attributes
                0x00000000000001e5       0x39 Core/Src/bibloteka/tajmer.o
 .ARM.attributes
                0x000000000000021e       0x39 Core/Src/bibloteka/uart.o
 .ARM.attributes
                0x0000000000000257       0x39 Core/Src/main.o
 .ARM.attributes
                0x0000000000000290       0x39 Core/Src/stm32f4xx_hal_msp.o
 .ARM.attributes
                0x00000000000002c9       0x39 Core/Src/stm32f4xx_it.o
 .ARM.attributes
                0x0000000000000302       0x39 Core/Src/system_stm32f4xx.o
 .ARM.attributes
                0x000000000000033b       0x21 Core/Startup/startup_stm32f401retx.o
 .ARM.attributes
                0x000000000000035c       0x39 Drivers/STM32F4xx_HAL_Driver/Src/stm32f4xx_hal.o
 .ARM.attributes
                0x0000000000000395       0x39 Drivers/STM32F4xx_HAL_Driver/Src/stm32f4xx_hal_cortex.o
 .ARM.attributes
                0x00000000000003ce       0x39 Drivers/STM32F4xx_HAL_Driver/Src/stm32f4xx_hal_rcc.o
 .ARM.attributes
                0x0000000000000407       0x34 c:/st/stm32cubeide_1.2.0/stm32cubeide/plugins/com.st.stm32cube.ide.mcu.externaltools.gnu-tools-for-stm32.7-2018-q2-update.win32_1.0.0.201904181610/tools/bin/../lib/gcc/arm-none-eabi/7.3.1/../../../../arm-none-eabi/lib/thumb/v7e-m/fpv4-sp/hard\libc_nano.a(lib_a-errno.o)
 .ARM.attributes
                0x000000000000043b       0x34 c:/st/stm32cubeide_1.2.0/stm32cubeide/plugins/com.st.stm32cube.ide.mcu.externaltools.gnu-tools-for-stm32.7-2018-q2-update.win32_1.0.0.201904181610/tools/bin/../lib/gcc/arm-none-eabi/7.3.1/../../../../arm-none-eabi/lib/thumb/v7e-m/fpv4-sp/hard\libc_nano.a(lib_a-impure.o)
 .ARM.attributes
                0x000000000000046f       0x34 c:/st/stm32cubeide_1.2.0/stm32cubeide/plugins/com.st.stm32cube.ide.mcu.externaltools.gnu-tools-for-stm32.7-2018-q2-update.win32_1.0.0.201904181610/tools/bin/../lib/gcc/arm-none-eabi/7.3.1/../../../../arm-none-eabi/lib/thumb/v7e-m/fpv4-sp/hard\libc_nano.a(lib_a-init.o)
 .ARM.attributes
                0x00000000000004a3       0x34 c:/st/stm32cubeide_1.2.0/stm32cubeide/plugins/com.st.stm32cube.ide.mcu.externaltools.gnu-tools-for-stm32.7-2018-q2-update.win32_1.0.0.201904181610/tools/bin/../lib/gcc/arm-none-eabi/7.3.1/../../../../arm-none-eabi/lib/thumb/v7e-m/fpv4-sp/hard\libc_nano.a(lib_a-memset.o)
 .ARM.attributes
                0x00000000000004d7       0x34 c:/st/stm32cubeide_1.2.0/stm32cubeide/plugins/com.st.stm32cube.ide.mcu.externaltools.gnu-tools-for-stm32.7-2018-q2-update.win32_1.0.0.201904181610/tools/bin/../lib/gcc/arm-none-eabi/7.3.1/../../../../arm-none-eabi/lib/thumb/v7e-m/fpv4-sp/hard\libm.a(lib_a-s_cos.o)
 .ARM.attributes
                0x000000000000050b       0x34 c:/st/stm32cubeide_1.2.0/stm32cubeide/plugins/com.st.stm32cube.ide.mcu.externaltools.gnu-tools-for-stm32.7-2018-q2-update.win32_1.0.0.201904181610/tools/bin/../lib/gcc/arm-none-eabi/7.3.1/../../../../arm-none-eabi/lib/thumb/v7e-m/fpv4-sp/hard\libm.a(lib_a-s_sin.o)
 .ARM.attributes
                0x000000000000053f       0x34 c:/st/stm32cubeide_1.2.0/stm32cubeide/plugins/com.st.stm32cube.ide.mcu.externaltools.gnu-tools-for-stm32.7-2018-q2-update.win32_1.0.0.201904181610/tools/bin/../lib/gcc/arm-none-eabi/7.3.1/../../../../arm-none-eabi/lib/thumb/v7e-m/fpv4-sp/hard\libm.a(lib_a-w_atan2.o)
 .ARM.attributes
                0x0000000000000573       0x34 c:/st/stm32cubeide_1.2.0/stm32cubeide/plugins/com.st.stm32cube.ide.mcu.externaltools.gnu-tools-for-stm32.7-2018-q2-update.win32_1.0.0.201904181610/tools/bin/../lib/gcc/arm-none-eabi/7.3.1/../../../../arm-none-eabi/lib/thumb/v7e-m/fpv4-sp/hard\libm.a(lib_a-w_pow.o)
 .ARM.attributes
                0x00000000000005a7       0x34 c:/st/stm32cubeide_1.2.0/stm32cubeide/plugins/com.st.stm32cube.ide.mcu.externaltools.gnu-tools-for-stm32.7-2018-q2-update.win32_1.0.0.201904181610/tools/bin/../lib/gcc/arm-none-eabi/7.3.1/../../../../arm-none-eabi/lib/thumb/v7e-m/fpv4-sp/hard\libm.a(lib_a-w_sqrt.o)
 .ARM.attributes
                0x00000000000005db       0x34 c:/st/stm32cubeide_1.2.0/stm32cubeide/plugins/com.st.stm32cube.ide.mcu.externaltools.gnu-tools-for-stm32.7-2018-q2-update.win32_1.0.0.201904181610/tools/bin/../lib/gcc/arm-none-eabi/7.3.1/../../../../arm-none-eabi/lib/thumb/v7e-m/fpv4-sp/hard\libm.a(lib_a-e_atan2.o)
 .ARM.attributes
                0x000000000000060f       0x34 c:/st/stm32cubeide_1.2.0/stm32cubeide/plugins/com.st.stm32cube.ide.mcu.externaltools.gnu-tools-for-stm32.7-2018-q2-update.win32_1.0.0.201904181610/tools/bin/../lib/gcc/arm-none-eabi/7.3.1/../../../../arm-none-eabi/lib/thumb/v7e-m/fpv4-sp/hard\libm.a(lib_a-e_pow.o)
 .ARM.attributes
                0x0000000000000643       0x34 c:/st/stm32cubeide_1.2.0/stm32cubeide/plugins/com.st.stm32cube.ide.mcu.externaltools.gnu-tools-for-stm32.7-2018-q2-update.win32_1.0.0.201904181610/tools/bin/../lib/gcc/arm-none-eabi/7.3.1/../../../../arm-none-eabi/lib/thumb/v7e-m/fpv4-sp/hard\libm.a(lib_a-e_rem_pio2.o)
 .ARM.attributes
                0x0000000000000677       0x34 c:/st/stm32cubeide_1.2.0/stm32cubeide/plugins/com.st.stm32cube.ide.mcu.externaltools.gnu-tools-for-stm32.7-2018-q2-update.win32_1.0.0.201904181610/tools/bin/../lib/gcc/arm-none-eabi/7.3.1/../../../../arm-none-eabi/lib/thumb/v7e-m/fpv4-sp/hard\libm.a(lib_a-e_sqrt.o)
 .ARM.attributes
                0x00000000000006ab       0x34 c:/st/stm32cubeide_1.2.0/stm32cubeide/plugins/com.st.stm32cube.ide.mcu.externaltools.gnu-tools-for-stm32.7-2018-q2-update.win32_1.0.0.201904181610/tools/bin/../lib/gcc/arm-none-eabi/7.3.1/../../../../arm-none-eabi/lib/thumb/v7e-m/fpv4-sp/hard\libm.a(lib_a-k_cos.o)
 .ARM.attributes
                0x00000000000006df       0x34 c:/st/stm32cubeide_1.2.0/stm32cubeide/plugins/com.st.stm32cube.ide.mcu.externaltools.gnu-tools-for-stm32.7-2018-q2-update.win32_1.0.0.201904181610/tools/bin/../lib/gcc/arm-none-eabi/7.3.1/../../../../arm-none-eabi/lib/thumb/v7e-m/fpv4-sp/hard\libm.a(lib_a-k_rem_pio2.o)
 .ARM.attributes
                0x0000000000000713       0x34 c:/st/stm32cubeide_1.2.0/stm32cubeide/plugins/com.st.stm32cube.ide.mcu.externaltools.gnu-tools-for-stm32.7-2018-q2-update.win32_1.0.0.201904181610/tools/bin/../lib/gcc/arm-none-eabi/7.3.1/../../../../arm-none-eabi/lib/thumb/v7e-m/fpv4-sp/hard\libm.a(lib_a-k_sin.o)
 .ARM.attributes
                0x0000000000000747       0x34 c:/st/stm32cubeide_1.2.0/stm32cubeide/plugins/com.st.stm32cube.ide.mcu.externaltools.gnu-tools-for-stm32.7-2018-q2-update.win32_1.0.0.201904181610/tools/bin/../lib/gcc/arm-none-eabi/7.3.1/../../../../arm-none-eabi/lib/thumb/v7e-m/fpv4-sp/hard\libm.a(lib_a-s_atan.o)
 .ARM.attributes
                0x000000000000077b       0x34 c:/st/stm32cubeide_1.2.0/stm32cubeide/plugins/com.st.stm32cube.ide.mcu.externaltools.gnu-tools-for-stm32.7-2018-q2-update.win32_1.0.0.201904181610/tools/bin/../lib/gcc/arm-none-eabi/7.3.1/../../../../arm-none-eabi/lib/thumb/v7e-m/fpv4-sp/hard\libm.a(lib_a-s_fabs.o)
 .ARM.attributes
                0x00000000000007af       0x34 c:/st/stm32cubeide_1.2.0/stm32cubeide/plugins/com.st.stm32cube.ide.mcu.externaltools.gnu-tools-for-stm32.7-2018-q2-update.win32_1.0.0.201904181610/tools/bin/../lib/gcc/arm-none-eabi/7.3.1/../../../../arm-none-eabi/lib/thumb/v7e-m/fpv4-sp/hard\libm.a(lib_a-s_finite.o)
 .ARM.attributes
                0x00000000000007e3       0x34 c:/st/stm32cubeide_1.2.0/stm32cubeide/plugins/com.st.stm32cube.ide.mcu.externaltools.gnu-tools-for-stm32.7-2018-q2-update.win32_1.0.0.201904181610/tools/bin/../lib/gcc/arm-none-eabi/7.3.1/../../../../arm-none-eabi/lib/thumb/v7e-m/fpv4-sp/hard\libm.a(lib_a-s_floor.o)
 .ARM.attributes
                0x0000000000000817       0x34 c:/st/stm32cubeide_1.2.0/stm32cubeide/plugins/com.st.stm32cube.ide.mcu.externaltools.gnu-tools-for-stm32.7-2018-q2-update.win32_1.0.0.201904181610/tools/bin/../lib/gcc/arm-none-eabi/7.3.1/../../../../arm-none-eabi/lib/thumb/v7e-m/fpv4-sp/hard\libm.a(lib_a-s_lib_ver.o)
 .ARM.attributes
                0x000000000000084b       0x34 c:/st/stm32cubeide_1.2.0/stm32cubeide/plugins/com.st.stm32cube.ide.mcu.externaltools.gnu-tools-for-stm32.7-2018-q2-update.win32_1.0.0.201904181610/tools/bin/../lib/gcc/arm-none-eabi/7.3.1/../../../../arm-none-eabi/lib/thumb/v7e-m/fpv4-sp/hard\libm.a(lib_a-s_matherr.o)
 .ARM.attributes
                0x000000000000087f       0x34 c:/st/stm32cubeide_1.2.0/stm32cubeide/plugins/com.st.stm32cube.ide.mcu.externaltools.gnu-tools-for-stm32.7-2018-q2-update.win32_1.0.0.201904181610/tools/bin/../lib/gcc/arm-none-eabi/7.3.1/../../../../arm-none-eabi/lib/thumb/v7e-m/fpv4-sp/hard\libm.a(lib_a-s_nan.o)
 .ARM.attributes
                0x00000000000008b3       0x34 c:/st/stm32cubeide_1.2.0/stm32cubeide/plugins/com.st.stm32cube.ide.mcu.externaltools.gnu-tools-for-stm32.7-2018-q2-update.win32_1.0.0.201904181610/tools/bin/../lib/gcc/arm-none-eabi/7.3.1/../../../../arm-none-eabi/lib/thumb/v7e-m/fpv4-sp/hard\libm.a(lib_a-s_rint.o)
 .ARM.attributes
                0x00000000000008e7       0x34 c:/st/stm32cubeide_1.2.0/stm32cubeide/plugins/com.st.stm32cube.ide.mcu.externaltools.gnu-tools-for-stm32.7-2018-q2-update.win32_1.0.0.201904181610/tools/bin/../lib/gcc/arm-none-eabi/7.3.1/../../../../arm-none-eabi/lib/thumb/v7e-m/fpv4-sp/hard\libm.a(lib_a-s_scalbn.o)
 .ARM.attributes
                0x000000000000091b       0x34 c:/st/stm32cubeide_1.2.0/stm32cubeide/plugins/com.st.stm32cube.ide.mcu.externaltools.gnu-tools-for-stm32.7-2018-q2-update.win32_1.0.0.201904181610/tools/bin/../lib/gcc/arm-none-eabi/7.3.1/../../../../arm-none-eabi/lib/thumb/v7e-m/fpv4-sp/hard\libm.a(lib_a-s_copysign.o)
 .ARM.attributes
                0x000000000000094f       0x22 c:/st/stm32cubeide_1.2.0/stm32cubeide/plugins/com.st.stm32cube.ide.mcu.externaltools.gnu-tools-for-stm32.7-2018-q2-update.win32_1.0.0.201904181610/tools/bin/../lib/gcc/arm-none-eabi/7.3.1/thumb/v7e-m/fpv4-sp/hard\libgcc.a(_arm_addsubdf3.o)
 .ARM.attributes
                0x0000000000000971       0x22 c:/st/stm32cubeide_1.2.0/stm32cubeide/plugins/com.st.stm32cube.ide.mcu.externaltools.gnu-tools-for-stm32.7-2018-q2-update.win32_1.0.0.201904181610/tools/bin/../lib/gcc/arm-none-eabi/7.3.1/thumb/v7e-m/fpv4-sp/hard\libgcc.a(_arm_muldivdf3.o)
 .ARM.attributes
                0x0000000000000993       0x22 c:/st/stm32cubeide_1.2.0/stm32cubeide/plugins/com.st.stm32cube.ide.mcu.externaltools.gnu-tools-for-stm32.7-2018-q2-update.win32_1.0.0.201904181610/tools/bin/../lib/gcc/arm-none-eabi/7.3.1/thumb/v7e-m/fpv4-sp/hard\libgcc.a(_arm_cmpdf2.o)
 .ARM.attributes
                0x00000000000009b5       0x22 c:/st/stm32cubeide_1.2.0/stm32cubeide/plugins/com.st.stm32cube.ide.mcu.externaltools.gnu-tools-for-stm32.7-2018-q2-update.win32_1.0.0.201904181610/tools/bin/../lib/gcc/arm-none-eabi/7.3.1/thumb/v7e-m/fpv4-sp/hard\libgcc.a(_arm_unorddf2.o)
 .ARM.attributes
                0x00000000000009d7       0x22 c:/st/stm32cubeide_1.2.0/stm32cubeide/plugins/com.st.stm32cube.ide.mcu.externaltools.gnu-tools-for-stm32.7-2018-q2-update.win32_1.0.0.201904181610/tools/bin/../lib/gcc/arm-none-eabi/7.3.1/thumb/v7e-m/fpv4-sp/hard\libgcc.a(_arm_fixdfsi.o)
 .ARM.attributes
                0x00000000000009f9       0x22 c:/st/stm32cubeide_1.2.0/stm32cubeide/plugins/com.st.stm32cube.ide.mcu.externaltools.gnu-tools-for-stm32.7-2018-q2-update.win32_1.0.0.201904181610/tools/bin/../lib/gcc/arm-none-eabi/7.3.1/thumb/v7e-m/fpv4-sp/hard\libgcc.a(_arm_truncdfsf2.o)
 .ARM.attributes
                0x0000000000000a1b       0x22 c:/st/stm32cubeide_1.2.0/stm32cubeide/plugins/com.st.stm32cube.ide.mcu.externaltools.gnu-tools-for-stm32.7-2018-q2-update.win32_1.0.0.201904181610/tools/bin/../lib/gcc/arm-none-eabi/7.3.1/thumb/v7e-m/fpv4-sp/hard\libgcc.a(_aeabi_uldivmod.o)
 .ARM.attributes
                0x0000000000000a3d       0x34 c:/st/stm32cubeide_1.2.0/stm32cubeide/plugins/com.st.stm32cube.ide.mcu.externaltools.gnu-tools-for-stm32.7-2018-q2-update.win32_1.0.0.201904181610/tools/bin/../lib/gcc/arm-none-eabi/7.3.1/thumb/v7e-m/fpv4-sp/hard\libgcc.a(_udivmoddi4.o)
 .ARM.attributes
                0x0000000000000a71       0x22 c:/st/stm32cubeide_1.2.0/stm32cubeide/plugins/com.st.stm32cube.ide.mcu.externaltools.gnu-tools-for-stm32.7-2018-q2-update.win32_1.0.0.201904181610/tools/bin/../lib/gcc/arm-none-eabi/7.3.1/thumb/v7e-m/fpv4-sp/hard\libgcc.a(_dvmd_tls.o)
 .ARM.attributes
                0x0000000000000a93       0x22 c:/st/stm32cubeide_1.2.0/stm32cubeide/plugins/com.st.stm32cube.ide.mcu.externaltools.gnu-tools-for-stm32.7-2018-q2-update.win32_1.0.0.201904181610/tools/bin/../lib/gcc/arm-none-eabi/7.3.1/thumb/v7e-m/fpv4-sp/hard/crtn.o
OUTPUT(kretanje.elf elf32-littlearm)

.debug_info     0x0000000000000000     0x945b
 .debug_info    0x0000000000000000      0x614 Core/Src/bibloteka/hvataljke.o
 .debug_info    0x0000000000000614      0xaf7 Core/Src/bibloteka/kretanje.o
 .debug_info    0x000000000000110b      0x408 Core/Src/bibloteka/motor.o
 .debug_info    0x0000000000001513      0xbcf Core/Src/bibloteka/odometrija.o
 .debug_info    0x00000000000020e2      0xf7e Core/Src/bibloteka/pid.o
 .debug_info    0x0000000000003060      0xe37 Core/Src/bibloteka/pwm.o
 .debug_info    0x0000000000003e97      0x43b Core/Src/bibloteka/senzori.o
 .debug_info    0x00000000000042d2     0x1179 Core/Src/bibloteka/tajmer.o
 .debug_info    0x000000000000544b      0x6e2 Core/Src/bibloteka/uart.o
 .debug_info    0x0000000000005b2d      0xe65 Core/Src/main.o
 .debug_info    0x0000000000006992      0x38c Core/Src/stm32f4xx_hal_msp.o
 .debug_info    0x0000000000006d1e      0x20a Core/Src/stm32f4xx_it.o
 .debug_info    0x0000000000006f28      0x57e Core/Src/system_stm32f4xx.o
 .debug_info    0x00000000000074a6       0x22 Core/Startup/startup_stm32f401retx.o
 .debug_info    0x00000000000074c8      0x8d3 Drivers/STM32F4xx_HAL_Driver/Src/stm32f4xx_hal.o
 .debug_info    0x0000000000007d9b      0xd92 Drivers/STM32F4xx_HAL_Driver/Src/stm32f4xx_hal_cortex.o
 .debug_info    0x0000000000008b2d      0x92e Drivers/STM32F4xx_HAL_Driver/Src/stm32f4xx_hal_rcc.o

.debug_abbrev   0x0000000000000000     0x1d67
 .debug_abbrev  0x0000000000000000      0x164 Core/Src/bibloteka/hvataljke.o
 .debug_abbrev  0x0000000000000164      0x20b Core/Src/bibloteka/kretanje.o
 .debug_abbrev  0x000000000000036f       0xfa Core/Src/bibloteka/motor.o
 .debug_abbrev  0x0000000000000469      0x230 Core/Src/bibloteka/odometrija.o
 .debug_abbrev  0x0000000000000699      0x30d Core/Src/bibloteka/pid.o
 .debug_abbrev  0x00000000000009a6      0x214 Core/Src/bibloteka/pwm.o
 .debug_abbrev  0x0000000000000bba       0xf5 Core/Src/bibloteka/senzori.o
 .debug_abbrev  0x0000000000000caf      0x29d Core/Src/bibloteka/tajmer.o
 .debug_abbrev  0x0000000000000f4c      0x1a7 Core/Src/bibloteka/uart.o
 .debug_abbrev  0x00000000000010f3      0x237 Core/Src/main.o
 .debug_abbrev  0x000000000000132a      0x109 Core/Src/stm32f4xx_hal_msp.o
 .debug_abbrev  0x0000000000001433       0xc6 Core/Src/stm32f4xx_it.o
 .debug_abbrev  0x00000000000014f9      0x12b Core/Src/system_stm32f4xx.o
 .debug_abbrev  0x0000000000001624       0x12 Core/Startup/startup_stm32f401retx.o
 .debug_abbrev  0x0000000000001636      0x1f2 Drivers/STM32F4xx_HAL_Driver/Src/stm32f4xx_hal.o
 .debug_abbrev  0x0000000000001828      0x2fa Drivers/STM32F4xx_HAL_Driver/Src/stm32f4xx_hal_cortex.o
 .debug_abbrev  0x0000000000001b22      0x245 Drivers/STM32F4xx_HAL_Driver/Src/stm32f4xx_hal_rcc.o

.debug_aranges  0x0000000000000000      0x678
 .debug_aranges
                0x0000000000000000       0x90 Core/Src/bibloteka/hvataljke.o
 .debug_aranges
                0x0000000000000090       0x28 Core/Src/bibloteka/kretanje.o
 .debug_aranges
                0x00000000000000b8       0x28 Core/Src/bibloteka/motor.o
 .debug_aranges
                0x00000000000000e0       0x68 Core/Src/bibloteka/odometrija.o
 .debug_aranges
                0x0000000000000148       0x80 Core/Src/bibloteka/pid.o
 .debug_aranges
                0x00000000000001c8       0x30 Core/Src/bibloteka/pwm.o
 .debug_aranges
                0x00000000000001f8       0x20 Core/Src/bibloteka/senzori.o
 .debug_aranges
                0x0000000000000218       0x80 Core/Src/bibloteka/tajmer.o
 .debug_aranges
                0x0000000000000298       0x50 Core/Src/bibloteka/uart.o
 .debug_aranges
                0x00000000000002e8       0x30 Core/Src/main.o
 .debug_aranges
                0x0000000000000318       0x20 Core/Src/stm32f4xx_hal_msp.o
 .debug_aranges
                0x0000000000000338       0x60 Core/Src/stm32f4xx_it.o
 .debug_aranges
                0x0000000000000398       0x28 Core/Src/system_stm32f4xx.o
 .debug_aranges
                0x00000000000003c0       0x28 Core/Startup/startup_stm32f401retx.o
 .debug_aranges
                0x00000000000003e8       0xf0 Drivers/STM32F4xx_HAL_Driver/Src/stm32f4xx_hal.o
 .debug_aranges
                0x00000000000004d8      0x118 Drivers/STM32F4xx_HAL_Driver/Src/stm32f4xx_hal_cortex.o
 .debug_aranges
                0x00000000000005f0       0x88 Drivers/STM32F4xx_HAL_Driver/Src/stm32f4xx_hal_rcc.o

.debug_ranges   0x0000000000000000      0x570
 .debug_ranges  0x0000000000000000       0x80 Core/Src/bibloteka/hvataljke.o
 .debug_ranges  0x0000000000000080       0x18 Core/Src/bibloteka/kretanje.o
 .debug_ranges  0x0000000000000098       0x18 Core/Src/bibloteka/motor.o
 .debug_ranges  0x00000000000000b0       0x58 Core/Src/bibloteka/odometrija.o
 .debug_ranges  0x0000000000000108       0x70 Core/Src/bibloteka/pid.o
 .debug_ranges  0x0000000000000178       0x20 Core/Src/bibloteka/pwm.o
 .debug_ranges  0x0000000000000198       0x10 Core/Src/bibloteka/senzori.o
 .debug_ranges  0x00000000000001a8       0x70 Core/Src/bibloteka/tajmer.o
 .debug_ranges  0x0000000000000218       0x40 Core/Src/bibloteka/uart.o
 .debug_ranges  0x0000000000000258       0x20 Core/Src/main.o
 .debug_ranges  0x0000000000000278       0x10 Core/Src/stm32f4xx_hal_msp.o
 .debug_ranges  0x0000000000000288       0x50 Core/Src/stm32f4xx_it.o
 .debug_ranges  0x00000000000002d8       0x18 Core/Src/system_stm32f4xx.o
 .debug_ranges  0x00000000000002f0       0x20 Core/Startup/startup_stm32f401retx.o
 .debug_ranges  0x0000000000000310       0xe0 Drivers/STM32F4xx_HAL_Driver/Src/stm32f4xx_hal.o
 .debug_ranges  0x00000000000003f0      0x108 Drivers/STM32F4xx_HAL_Driver/Src/stm32f4xx_hal_cortex.o
 .debug_ranges  0x00000000000004f8       0x78 Drivers/STM32F4xx_HAL_Driver/Src/stm32f4xx_hal_rcc.o

.debug_macro    0x0000000000000000    0x162d1
 .debug_macro   0x0000000000000000      0x228 Core/Src/bibloteka/hvataljke.o
 .debug_macro   0x0000000000000228      0xa5a Core/Src/bibloteka/hvataljke.o
 .debug_macro   0x0000000000000c82       0x32 Core/Src/bibloteka/hvataljke.o
 .debug_macro   0x0000000000000cb4       0x28 Core/Src/bibloteka/hvataljke.o
 .debug_macro   0x0000000000000cdc       0x22 Core/Src/bibloteka/hvataljke.o
 .debug_macro   0x0000000000000cfe       0x8e Core/Src/bibloteka/hvataljke.o
 .debug_macro   0x0000000000000d8c       0x51 Core/Src/bibloteka/hvataljke.o
 .debug_macro   0x0000000000000ddd       0xef Core/Src/bibloteka/hvataljke.o
 .debug_macro   0x0000000000000ecc       0x6a Core/Src/bibloteka/hvataljke.o
 .debug_macro   0x0000000000000f36      0x1df Core/Src/bibloteka/hvataljke.o
 .debug_macro   0x0000000000001115       0x1c Core/Src/bibloteka/hvataljke.o
 .debug_macro   0x0000000000001131       0x22 Core/Src/bibloteka/hvataljke.o
 .debug_macro   0x0000000000001153       0xdf Core/Src/bibloteka/hvataljke.o
 .debug_macro   0x0000000000001232     0x102d Core/Src/bibloteka/hvataljke.o
 .debug_macro   0x000000000000225f      0x11f Core/Src/bibloteka/hvataljke.o
 .debug_macro   0x000000000000237e     0xb850 Core/Src/bibloteka/hvataljke.o
 .debug_macro   0x000000000000dbce       0x43 Core/Src/bibloteka/hvataljke.o
 .debug_macro   0x000000000000dc11      0x17e Core/Src/bibloteka/hvataljke.o
 .debug_macro   0x000000000000dd8f     0x3652 Core/Src/bibloteka/hvataljke.o
 .debug_macro   0x00000000000113e1      0x174 Core/Src/bibloteka/hvataljke.o
 .debug_macro   0x0000000000011555       0x5a Core/Src/bibloteka/hvataljke.o
 .debug_macro   0x00000000000115af      0x416 Core/Src/bibloteka/hvataljke.o
 .debug_macro   0x00000000000119c5      0x9fe Core/Src/bibloteka/hvataljke.o
 .debug_macro   0x00000000000123c3      0x15f Core/Src/bibloteka/hvataljke.o
 .debug_macro   0x0000000000012522      0x117 Core/Src/bibloteka/hvataljke.o
 .debug_macro   0x0000000000012639       0xf8 Core/Src/bibloteka/hvataljke.o
 .debug_macro   0x0000000000012731       0x27 Core/Src/bibloteka/hvataljke.o
 .debug_macro   0x0000000000012758      0x287 Core/Src/bibloteka/hvataljke.o
 .debug_macro   0x00000000000129df       0x5f Core/Src/bibloteka/hvataljke.o
 .debug_macro   0x0000000000012a3e      0x236 Core/Src/bibloteka/hvataljke.o
 .debug_macro   0x0000000000012c74      0x132 Core/Src/bibloteka/hvataljke.o
 .debug_macro   0x0000000000012da6      0x264 Core/Src/bibloteka/hvataljke.o
 .debug_macro   0x000000000001300a       0x2e Core/Src/bibloteka/hvataljke.o
 .debug_macro   0x0000000000013038      0x11a Core/Src/bibloteka/hvataljke.o
 .debug_macro   0x0000000000013152       0x85 Core/Src/bibloteka/hvataljke.o
 .debug_macro   0x00000000000131d7       0x89 Core/Src/bibloteka/hvataljke.o
 .debug_macro   0x0000000000013260      0x126 Core/Src/bibloteka/hvataljke.o
 .debug_macro   0x0000000000013386       0x22 Core/Src/bibloteka/hvataljke.o
 .debug_macro   0x00000000000133a8      0x268 Core/Src/bibloteka/hvataljke.o
 .debug_macro   0x0000000000013610       0x46 Core/Src/bibloteka/hvataljke.o
 .debug_macro   0x0000000000013656       0x18 Core/Src/bibloteka/hvataljke.o
 .debug_macro   0x000000000001366e       0x3c Core/Src/bibloteka/hvataljke.o
 .debug_macro   0x00000000000136aa       0x3a Core/Src/bibloteka/hvataljke.o
 .debug_macro   0x00000000000136e4       0x35 Core/Src/bibloteka/hvataljke.o
 .debug_macro   0x0000000000013719      0x460 Core/Src/bibloteka/hvataljke.o
 .debug_macro   0x0000000000013b79      0x284 Core/Src/bibloteka/kretanje.o
 .debug_macro   0x0000000000013dfd       0x34 Core/Src/bibloteka/kretanje.o
 .debug_macro   0x0000000000013e31       0x52 Core/Src/bibloteka/kretanje.o
 .debug_macro   0x0000000000013e83       0x1f Core/Src/bibloteka/kretanje.o
 .debug_macro   0x0000000000013ea2       0x43 Core/Src/bibloteka/kretanje.o
 .debug_macro   0x0000000000013ee5       0x20 Core/Src/bibloteka/kretanje.o
 .debug_macro   0x0000000000013f05      0x1a3 Core/Src/bibloteka/kretanje.o
 .debug_macro   0x00000000000140a8      0x32a Core/Src/bibloteka/kretanje.o
 .debug_macro   0x00000000000143d2      0x1e1 Core/Src/bibloteka/kretanje.o
 .debug_macro   0x00000000000145b3       0x16 Core/Src/bibloteka/kretanje.o
 .debug_macro   0x00000000000145c9      0x1cd Core/Src/bibloteka/motor.o
 .debug_macro   0x0000000000014796      0x27a Core/Src/bibloteka/odometrija.o
 .debug_macro   0x0000000000014a10      0x284 Core/Src/bibloteka/pid.o
 .debug_macro   0x0000000000014c94      0x26b Core/Src/bibloteka/pwm.o
 .debug_macro   0x0000000000014eff      0x1cd Core/Src/bibloteka/senzori.o
 .debug_macro   0x00000000000150cc      0x27a Core/Src/bibloteka/tajmer.o
 .debug_macro   0x0000000000015346      0x1c9 Core/Src/bibloteka/uart.o
 .debug_macro   0x000000000001550f      0x2ea Core/Src/main.o
 .debug_macro   0x00000000000157f9       0x10 Core/Src/main.o
 .debug_macro   0x0000000000015809      0x1ba Core/Src/stm32f4xx_hal_msp.o
 .debug_macro   0x00000000000159c3      0x1c4 Core/Src/stm32f4xx_it.o
 .debug_macro   0x0000000000015b87      0x1b6 Core/Src/system_stm32f4xx.o
 .debug_macro   0x0000000000015d3d      0x210 Drivers/STM32F4xx_HAL_Driver/Src/stm32f4xx_hal.o
 .debug_macro   0x0000000000015f4d      0x1b0 Drivers/STM32F4xx_HAL_Driver/Src/stm32f4xx_hal_cortex.o
 .debug_macro   0x00000000000160fd      0x1d4 Drivers/STM32F4xx_HAL_Driver/Src/stm32f4xx_hal_rcc.o

.debug_line     0x0000000000000000     0x822f
 .debug_line    0x0000000000000000      0x9ef Core/Src/bibloteka/hvataljke.o
 .debug_line    0x00000000000009ef      0x815 Core/Src/bibloteka/kretanje.o
 .debug_line    0x0000000000001204      0x6c6 Core/Src/bibloteka/motor.o
 .debug_line    0x00000000000018ca      0x89c Core/Src/bibloteka/odometrija.o
 .debug_line    0x0000000000002166      0x956 Core/Src/bibloteka/pid.o
 .debug_line    0x0000000000002abc      0x822 Core/Src/bibloteka/pwm.o
 .debug_line    0x00000000000032de      0x6c2 Core/Src/bibloteka/senzori.o
 .debug_line    0x00000000000039a0      0x91a Core/Src/bibloteka/tajmer.o
 .debug_line    0x00000000000042ba      0x737 Core/Src/bibloteka/uart.o
 .debug_line    0x00000000000049f1      0x89e Core/Src/main.o
 .debug_line    0x000000000000528f      0x678 Core/Src/stm32f4xx_hal_msp.o
 .debug_line    0x0000000000005907      0x71c Core/Src/stm32f4xx_it.o
 .debug_line    0x0000000000006023      0x693 Core/Src/system_stm32f4xx.o
 .debug_line    0x00000000000066b6       0x86 Core/Startup/startup_stm32f401retx.o
 .debug_line    0x000000000000673c      0x87d Drivers/STM32F4xx_HAL_Driver/Src/stm32f4xx_hal.o
 .debug_line    0x0000000000006fb9      0x9a1 Drivers/STM32F4xx_HAL_Driver/Src/stm32f4xx_hal_cortex.o
 .debug_line    0x000000000000795a      0x8d5 Drivers/STM32F4xx_HAL_Driver/Src/stm32f4xx_hal_rcc.o

.debug_str      0x0000000000000000    0x82ab4
 .debug_str     0x0000000000000000    0x7dc07 Core/Src/bibloteka/hvataljke.o
                                      0x7de9a (size before relaxing)
 .debug_str     0x000000000007dc07     0x355b Core/Src/bibloteka/kretanje.o
                                      0x7fb62 (size before relaxing)
 .debug_str     0x0000000000081162      0x1a2 Core/Src/bibloteka/motor.o
                                      0x7c41a (size before relaxing)
 .debug_str     0x0000000000081304       0x95 Core/Src/bibloteka/odometrija.o
                                      0x7fb82 (size before relaxing)
 .debug_str     0x0000000000081399      0x1cb Core/Src/bibloteka/pid.o
                                      0x7fd11 (size before relaxing)
 .debug_str     0x0000000000081564       0x55 Core/Src/bibloteka/pwm.o
                                      0x7fc63 (size before relaxing)
 .debug_str     0x00000000000815b9       0x47 Core/Src/bibloteka/senzori.o
                                      0x7c43a (size before relaxing)
 .debug_str     0x0000000000081600      0x100 Core/Src/bibloteka/tajmer.o
                                      0x7fda9 (size before relaxing)
 .debug_str     0x0000000000081700       0xf7 Core/Src/bibloteka/uart.o
                                      0x7c4f9 (size before relaxing)
 .debug_str     0x00000000000817f7      0x1b7 Core/Src/main.o
                                      0x815c7 (size before relaxing)
 .debug_str     0x00000000000819ae       0x2c Core/Src/stm32f4xx_hal_msp.o
                                      0x7c378 (size before relaxing)
 .debug_str     0x00000000000819da       0xbd Core/Src/stm32f4xx_it.o
                                      0x7c2f4 (size before relaxing)
 .debug_str     0x0000000000081a97       0xc4 Core/Src/system_stm32f4xx.o
                                      0x7c3ff (size before relaxing)
 .debug_str     0x0000000000081b5b       0x36 Core/Startup/startup_stm32f401retx.o
                                         0x71 (size before relaxing)
 .debug_str     0x0000000000081b91      0x916 Drivers/STM32F4xx_HAL_Driver/Src/stm32f4xx_hal.o
                                      0x7cd6a (size before relaxing)
 .debug_str     0x00000000000824a7      0x379 Drivers/STM32F4xx_HAL_Driver/Src/stm32f4xx_hal_cortex.o
                                      0x7cb47 (size before relaxing)
 .debug_str     0x0000000000082820      0x294 Drivers/STM32F4xx_HAL_Driver/Src/stm32f4xx_hal_rcc.o
                                      0x7c7ec (size before relaxing)

.comment        0x0000000000000000       0x7b
 .comment       0x0000000000000000       0x7b Core/Src/bibloteka/hvataljke.o
                                         0x7c (size before relaxing)
 .comment       0x000000000000007b       0x7c Core/Src/bibloteka/kretanje.o
 .comment       0x000000000000007b       0x7c Core/Src/bibloteka/motor.o
 .comment       0x000000000000007b       0x7c Core/Src/bibloteka/odometrija.o
 .comment       0x000000000000007b       0x7c Core/Src/bibloteka/pid.o
 .comment       0x000000000000007b       0x7c Core/Src/bibloteka/pwm.o
 .comment       0x000000000000007b       0x7c Core/Src/bibloteka/senzori.o
 .comment       0x000000000000007b       0x7c Core/Src/bibloteka/tajmer.o
 .comment       0x000000000000007b       0x7c Core/Src/bibloteka/uart.o
 .comment       0x000000000000007b       0x7c Core/Src/main.o
 .comment       0x000000000000007b       0x7c Core/Src/stm32f4xx_hal_msp.o
 .comment       0x000000000000007b       0x7c Core/Src/stm32f4xx_it.o
 .comment       0x000000000000007b       0x7c Core/Src/system_stm32f4xx.o
 .comment       0x000000000000007b       0x7c Drivers/STM32F4xx_HAL_Driver/Src/stm32f4xx_hal.o
 .comment       0x000000000000007b       0x7c Drivers/STM32F4xx_HAL_Driver/Src/stm32f4xx_hal_cortex.o
 .comment       0x000000000000007b       0x7c Drivers/STM32F4xx_HAL_Driver/Src/stm32f4xx_hal_rcc.o

.debug_frame    0x0000000000000000     0x1d94
 .debug_frame   0x0000000000000000      0x23c Core/Src/bibloteka/hvataljke.o
 .debug_frame   0x000000000000023c       0x58 Core/Src/bibloteka/kretanje.o
 .debug_frame   0x0000000000000294       0x4c Core/Src/bibloteka/motor.o
 .debug_frame   0x00000000000002e0      0x170 Core/Src/bibloteka/odometrija.o
 .debug_frame   0x0000000000000450      0x200 Core/Src/bibloteka/pid.o
 .debug_frame   0x0000000000000650       0x80 Core/Src/bibloteka/pwm.o
 .debug_frame   0x00000000000006d0       0x30 Core/Src/bibloteka/senzori.o
 .debug_frame   0x0000000000000700      0x20c Core/Src/bibloteka/tajmer.o
 .debug_frame   0x000000000000090c      0x10c Core/Src/bibloteka/uart.o
 .debug_frame   0x0000000000000a18       0x70 Core/Src/main.o
 .debug_frame   0x0000000000000a88       0x38 Core/Src/stm32f4xx_hal_msp.o
 .debug_frame   0x0000000000000ac0      0x10c Core/Src/stm32f4xx_it.o
 .debug_frame   0x0000000000000bcc       0x58 Core/Src/system_stm32f4xx.o
 .debug_frame   0x0000000000000c24      0x374 Drivers/STM32F4xx_HAL_Driver/Src/stm32f4xx_hal.o
 .debug_frame   0x0000000000000f98      0x498 Drivers/STM32F4xx_HAL_Driver/Src/stm32f4xx_hal_cortex.o
 .debug_frame   0x0000000000001430      0x1f0 Drivers/STM32F4xx_HAL_Driver/Src/stm32f4xx_hal_rcc.o
 .debug_frame   0x0000000000001620       0x20 c:/st/stm32cubeide_1.2.0/stm32cubeide/plugins/com.st.stm32cube.ide.mcu.externaltools.gnu-tools-for-stm32.7-2018-q2-update.win32_1.0.0.201904181610/tools/bin/../lib/gcc/arm-none-eabi/7.3.1/../../../../arm-none-eabi/lib/thumb/v7e-m/fpv4-sp/hard\libc_nano.a(lib_a-errno.o)
 .debug_frame   0x0000000000001640       0x2c c:/st/stm32cubeide_1.2.0/stm32cubeide/plugins/com.st.stm32cube.ide.mcu.externaltools.gnu-tools-for-stm32.7-2018-q2-update.win32_1.0.0.201904181610/tools/bin/../lib/gcc/arm-none-eabi/7.3.1/../../../../arm-none-eabi/lib/thumb/v7e-m/fpv4-sp/hard\libc_nano.a(lib_a-init.o)
 .debug_frame   0x000000000000166c       0x20 c:/st/stm32cubeide_1.2.0/stm32cubeide/plugins/com.st.stm32cube.ide.mcu.externaltools.gnu-tools-for-stm32.7-2018-q2-update.win32_1.0.0.201904181610/tools/bin/../lib/gcc/arm-none-eabi/7.3.1/../../../../arm-none-eabi/lib/thumb/v7e-m/fpv4-sp/hard\libc_nano.a(lib_a-memset.o)
 .debug_frame   0x000000000000168c       0x2c c:/st/stm32cubeide_1.2.0/stm32cubeide/plugins/com.st.stm32cube.ide.mcu.externaltools.gnu-tools-for-stm32.7-2018-q2-update.win32_1.0.0.201904181610/tools/bin/../lib/gcc/arm-none-eabi/7.3.1/../../../../arm-none-eabi/lib/thumb/v7e-m/fpv4-sp/hard\libm.a(lib_a-s_cos.o)
 .debug_frame   0x00000000000016b8       0x2c c:/st/stm32cubeide_1.2.0/stm32cubeide/plugins/com.st.stm32cube.ide.mcu.externaltools.gnu-tools-for-stm32.7-2018-q2-update.win32_1.0.0.201904181610/tools/bin/../lib/gcc/arm-none-eabi/7.3.1/../../../../arm-none-eabi/lib/thumb/v7e-m/fpv4-sp/hard\libm.a(lib_a-s_sin.o)
 .debug_frame   0x00000000000016e4       0x20 c:/st/stm32cubeide_1.2.0/stm32cubeide/plugins/com.st.stm32cube.ide.mcu.externaltools.gnu-tools-for-stm32.7-2018-q2-update.win32_1.0.0.201904181610/tools/bin/../lib/gcc/arm-none-eabi/7.3.1/../../../../arm-none-eabi/lib/thumb/v7e-m/fpv4-sp/hard\libm.a(lib_a-w_atan2.o)
 .debug_frame   0x0000000000001704       0x5c c:/st/stm32cubeide_1.2.0/stm32cubeide/plugins/com.st.stm32cube.ide.mcu.externaltools.gnu-tools-for-stm32.7-2018-q2-update.win32_1.0.0.201904181610/tools/bin/../lib/gcc/arm-none-eabi/7.3.1/../../../../arm-none-eabi/lib/thumb/v7e-m/fpv4-sp/hard\libm.a(lib_a-w_pow.o)
 .debug_frame   0x0000000000001760       0x4c c:/st/stm32cubeide_1.2.0/stm32cubeide/plugins/com.st.stm32cube.ide.mcu.externaltools.gnu-tools-for-stm32.7-2018-q2-update.win32_1.0.0.201904181610/tools/bin/../lib/gcc/arm-none-eabi/7.3.1/../../../../arm-none-eabi/lib/thumb/v7e-m/fpv4-sp/hard\libm.a(lib_a-w_sqrt.o)
 .debug_frame   0x00000000000017ac       0x44 c:/st/stm32cubeide_1.2.0/stm32cubeide/plugins/com.st.stm32cube.ide.mcu.externaltools.gnu-tools-for-stm32.7-2018-q2-update.win32_1.0.0.201904181610/tools/bin/../lib/gcc/arm-none-eabi/7.3.1/../../../../arm-none-eabi/lib/thumb/v7e-m/fpv4-sp/hard\libm.a(lib_a-e_atan2.o)
 .debug_frame   0x00000000000017f0       0x64 c:/st/stm32cubeide_1.2.0/stm32cubeide/plugins/com.st.stm32cube.ide.mcu.externaltools.gnu-tools-for-stm32.7-2018-q2-update.win32_1.0.0.201904181610/tools/bin/../lib/gcc/arm-none-eabi/7.3.1/../../../../arm-none-eabi/lib/thumb/v7e-m/fpv4-sp/hard\libm.a(lib_a-e_pow.o)
 .debug_frame   0x0000000000001854       0x40 c:/st/stm32cubeide_1.2.0/stm32cubeide/plugins/com.st.stm32cube.ide.mcu.externaltools.gnu-tools-for-stm32.7-2018-q2-update.win32_1.0.0.201904181610/tools/bin/../lib/gcc/arm-none-eabi/7.3.1/../../../../arm-none-eabi/lib/thumb/v7e-m/fpv4-sp/hard\libm.a(lib_a-e_rem_pio2.o)
 .debug_frame   0x0000000000001894       0x30 c:/st/stm32cubeide_1.2.0/stm32cubeide/plugins/com.st.stm32cube.ide.mcu.externaltools.gnu-tools-for-stm32.7-2018-q2-update.win32_1.0.0.201904181610/tools/bin/../lib/gcc/arm-none-eabi/7.3.1/../../../../arm-none-eabi/lib/thumb/v7e-m/fpv4-sp/hard\libm.a(lib_a-e_sqrt.o)
 .debug_frame   0x00000000000018c4       0x4c c:/st/stm32cubeide_1.2.0/stm32cubeide/plugins/com.st.stm32cube.ide.mcu.externaltools.gnu-tools-for-stm32.7-2018-q2-update.win32_1.0.0.201904181610/tools/bin/../lib/gcc/arm-none-eabi/7.3.1/../../../../arm-none-eabi/lib/thumb/v7e-m/fpv4-sp/hard\libm.a(lib_a-k_cos.o)
 .debug_frame   0x0000000000001910       0x54 c:/st/stm32cubeide_1.2.0/stm32cubeide/plugins/com.st.stm32cube.ide.mcu.externaltools.gnu-tools-for-stm32.7-2018-q2-update.win32_1.0.0.201904181610/tools/bin/../lib/gcc/arm-none-eabi/7.3.1/../../../../arm-none-eabi/lib/thumb/v7e-m/fpv4-sp/hard\libm.a(lib_a-k_rem_pio2.o)
 .debug_frame   0x0000000000001964       0x40 c:/st/stm32cubeide_1.2.0/stm32cubeide/plugins/com.st.stm32cube.ide.mcu.externaltools.gnu-tools-for-stm32.7-2018-q2-update.win32_1.0.0.201904181610/tools/bin/../lib/gcc/arm-none-eabi/7.3.1/../../../../arm-none-eabi/lib/thumb/v7e-m/fpv4-sp/hard\libm.a(lib_a-k_sin.o)
 .debug_frame   0x00000000000019a4       0x38 c:/st/stm32cubeide_1.2.0/stm32cubeide/plugins/com.st.stm32cube.ide.mcu.externaltools.gnu-tools-for-stm32.7-2018-q2-update.win32_1.0.0.201904181610/tools/bin/../lib/gcc/arm-none-eabi/7.3.1/../../../../arm-none-eabi/lib/thumb/v7e-m/fpv4-sp/hard\libm.a(lib_a-s_atan.o)
 .debug_frame   0x00000000000019dc       0x20 c:/st/stm32cubeide_1.2.0/stm32cubeide/plugins/com.st.stm32cube.ide.mcu.externaltools.gnu-tools-for-stm32.7-2018-q2-update.win32_1.0.0.201904181610/tools/bin/../lib/gcc/arm-none-eabi/7.3.1/../../../../arm-none-eabi/lib/thumb/v7e-m/fpv4-sp/hard\libm.a(lib_a-s_fabs.o)
 .debug_frame   0x00000000000019fc       0x20 c:/st/stm32cubeide_1.2.0/stm32cubeide/plugins/com.st.stm32cube.ide.mcu.externaltools.gnu-tools-for-stm32.7-2018-q2-update.win32_1.0.0.201904181610/tools/bin/../lib/gcc/arm-none-eabi/7.3.1/../../../../arm-none-eabi/lib/thumb/v7e-m/fpv4-sp/hard\libm.a(lib_a-s_finite.o)
 .debug_frame   0x0000000000001a1c       0x30 c:/st/stm32cubeide_1.2.0/stm32cubeide/plugins/com.st.stm32cube.ide.mcu.externaltools.gnu-tools-for-stm32.7-2018-q2-update.win32_1.0.0.201904181610/tools/bin/../lib/gcc/arm-none-eabi/7.3.1/../../../../arm-none-eabi/lib/thumb/v7e-m/fpv4-sp/hard\libm.a(lib_a-s_floor.o)
 .debug_frame   0x0000000000001a4c       0x20 c:/st/stm32cubeide_1.2.0/stm32cubeide/plugins/com.st.stm32cube.ide.mcu.externaltools.gnu-tools-for-stm32.7-2018-q2-update.win32_1.0.0.201904181610/tools/bin/../lib/gcc/arm-none-eabi/7.3.1/../../../../arm-none-eabi/lib/thumb/v7e-m/fpv4-sp/hard\libm.a(lib_a-s_matherr.o)
 .debug_frame   0x0000000000001a6c       0x20 c:/st/stm32cubeide_1.2.0/stm32cubeide/plugins/com.st.stm32cube.ide.mcu.externaltools.gnu-tools-for-stm32.7-2018-q2-update.win32_1.0.0.201904181610/tools/bin/../lib/gcc/arm-none-eabi/7.3.1/../../../../arm-none-eabi/lib/thumb/v7e-m/fpv4-sp/hard\libm.a(lib_a-s_nan.o)
 .debug_frame   0x0000000000001a8c       0x34 c:/st/stm32cubeide_1.2.0/stm32cubeide/plugins/com.st.stm32cube.ide.mcu.externaltools.gnu-tools-for-stm32.7-2018-q2-update.win32_1.0.0.201904181610/tools/bin/../lib/gcc/arm-none-eabi/7.3.1/../../../../arm-none-eabi/lib/thumb/v7e-m/fpv4-sp/hard\libm.a(lib_a-s_rint.o)
 .debug_frame   0x0000000000001ac0       0x2c c:/st/stm32cubeide_1.2.0/stm32cubeide/plugins/com.st.stm32cube.ide.mcu.externaltools.gnu-tools-for-stm32.7-2018-q2-update.win32_1.0.0.201904181610/tools/bin/../lib/gcc/arm-none-eabi/7.3.1/../../../../arm-none-eabi/lib/thumb/v7e-m/fpv4-sp/hard\libm.a(lib_a-s_scalbn.o)
 .debug_frame   0x0000000000001aec       0x20 c:/st/stm32cubeide_1.2.0/stm32cubeide/plugins/com.st.stm32cube.ide.mcu.externaltools.gnu-tools-for-stm32.7-2018-q2-update.win32_1.0.0.201904181610/tools/bin/../lib/gcc/arm-none-eabi/7.3.1/../../../../arm-none-eabi/lib/thumb/v7e-m/fpv4-sp/hard\libm.a(lib_a-s_copysign.o)