Archive member included to satisfy reference by file (symbol)

c:/st/stm32cubeide_1.2.0/stm32cubeide/plugins/com.st.stm32cube.ide.mcu.externaltools.gnu-tools-for-stm32.7-2018-q2-update.win32_1.0.0.201904181610/tools/bin/../lib/gcc/arm-none-eabi/7.3.1/../../../../arm-none-eabi/lib/thumb/v7e-m/fpv4-sp/hard\libc_nano.a(lib_a-errno.o)
                              Core/Src/syscalls.o (__errno)
c:/st/stm32cubeide_1.2.0/stm32cubeide/plugins/com.st.stm32cube.ide.mcu.externaltools.gnu-tools-for-stm32.7-2018-q2-update.win32_1.0.0.201904181610/tools/bin/../lib/gcc/arm-none-eabi/7.3.1/../../../../arm-none-eabi/lib/thumb/v7e-m/fpv4-sp/hard\libc_nano.a(lib_a-exit.o)
                              c:/st/stm32cubeide_1.2.0/stm32cubeide/plugins/com.st.stm32cube.ide.mcu.externaltools.gnu-tools-for-stm32.7-2018-q2-update.win32_1.0.0.201904181610/tools/bin/../lib/gcc/arm-none-eabi/7.3.1/../../../../arm-none-eabi/lib/thumb/v7e-m/fpv4-sp/hard/crt0.o (exit)
c:/st/stm32cubeide_1.2.0/stm32cubeide/plugins/com.st.stm32cube.ide.mcu.externaltools.gnu-tools-for-stm32.7-2018-q2-update.win32_1.0.0.201904181610/tools/bin/../lib/gcc/arm-none-eabi/7.3.1/../../../../arm-none-eabi/lib/thumb/v7e-m/fpv4-sp/hard\libc_nano.a(lib_a-impure.o)
                              c:/st/stm32cubeide_1.2.0/stm32cubeide/plugins/com.st.stm32cube.ide.mcu.externaltools.gnu-tools-for-stm32.7-2018-q2-update.win32_1.0.0.201904181610/tools/bin/../lib/gcc/arm-none-eabi/7.3.1/../../../../arm-none-eabi/lib/thumb/v7e-m/fpv4-sp/hard\libc_nano.a(lib_a-exit.o) (_global_impure_ptr)
c:/st/stm32cubeide_1.2.0/stm32cubeide/plugins/com.st.stm32cube.ide.mcu.externaltools.gnu-tools-for-stm32.7-2018-q2-update.win32_1.0.0.201904181610/tools/bin/../lib/gcc/arm-none-eabi/7.3.1/../../../../arm-none-eabi/lib/thumb/v7e-m/fpv4-sp/hard\libc_nano.a(lib_a-init.o)
                              c:/st/stm32cubeide_1.2.0/stm32cubeide/plugins/com.st.stm32cube.ide.mcu.externaltools.gnu-tools-for-stm32.7-2018-q2-update.win32_1.0.0.201904181610/tools/bin/../lib/gcc/arm-none-eabi/7.3.1/../../../../arm-none-eabi/lib/thumb/v7e-m/fpv4-sp/hard/crt0.o (__libc_init_array)
c:/st/stm32cubeide_1.2.0/stm32cubeide/plugins/com.st.stm32cube.ide.mcu.externaltools.gnu-tools-for-stm32.7-2018-q2-update.win32_1.0.0.201904181610/tools/bin/../lib/gcc/arm-none-eabi/7.3.1/../../../../arm-none-eabi/lib/thumb/v7e-m/fpv4-sp/hard\libc_nano.a(lib_a-memset.o)
                              c:/st/stm32cubeide_1.2.0/stm32cubeide/plugins/com.st.stm32cube.ide.mcu.externaltools.gnu-tools-for-stm32.7-2018-q2-update.win32_1.0.0.201904181610/tools/bin/../lib/gcc/arm-none-eabi/7.3.1/../../../../arm-none-eabi/lib/thumb/v7e-m/fpv4-sp/hard/crt0.o (memset)
c:/st/stm32cubeide_1.2.0/stm32cubeide/plugins/com.st.stm32cube.ide.mcu.externaltools.gnu-tools-for-stm32.7-2018-q2-update.win32_1.0.0.201904181610/tools/bin/../lib/gcc/arm-none-eabi/7.3.1/../../../../arm-none-eabi/lib/thumb/v7e-m/fpv4-sp/hard\libm.a(lib_a-s_cos.o)
                              Core/Src/bibloteka/odometrija.o (cos)
c:/st/stm32cubeide_1.2.0/stm32cubeide/plugins/com.st.stm32cube.ide.mcu.externaltools.gnu-tools-for-stm32.7-2018-q2-update.win32_1.0.0.201904181610/tools/bin/../lib/gcc/arm-none-eabi/7.3.1/../../../../arm-none-eabi/lib/thumb/v7e-m/fpv4-sp/hard\libm.a(lib_a-s_sin.o)
                              Core/Src/bibloteka/odometrija.o (sin)
c:/st/stm32cubeide_1.2.0/stm32cubeide/plugins/com.st.stm32cube.ide.mcu.externaltools.gnu-tools-for-stm32.7-2018-q2-update.win32_1.0.0.201904181610/tools/bin/../lib/gcc/arm-none-eabi/7.3.1/../../../../arm-none-eabi/lib/thumb/v7e-m/fpv4-sp/hard\libm.a(lib_a-w_atan2.o)
                              Core/Src/bibloteka/pid.o (atan2)
c:/st/stm32cubeide_1.2.0/stm32cubeide/plugins/com.st.stm32cube.ide.mcu.externaltools.gnu-tools-for-stm32.7-2018-q2-update.win32_1.0.0.201904181610/tools/bin/../lib/gcc/arm-none-eabi/7.3.1/../../../../arm-none-eabi/lib/thumb/v7e-m/fpv4-sp/hard\libm.a(lib_a-w_pow.o)
                              Core/Src/bibloteka/pid.o (pow)
c:/st/stm32cubeide_1.2.0/stm32cubeide/plugins/com.st.stm32cube.ide.mcu.externaltools.gnu-tools-for-stm32.7-2018-q2-update.win32_1.0.0.201904181610/tools/bin/../lib/gcc/arm-none-eabi/7.3.1/../../../../arm-none-eabi/lib/thumb/v7e-m/fpv4-sp/hard\libm.a(lib_a-w_sqrt.o)
                              Core/Src/bibloteka/pid.o (sqrt)
c:/st/stm32cubeide_1.2.0/stm32cubeide/plugins/com.st.stm32cube.ide.mcu.externaltools.gnu-tools-for-stm32.7-2018-q2-update.win32_1.0.0.201904181610/tools/bin/../lib/gcc/arm-none-eabi/7.3.1/../../../../arm-none-eabi/lib/thumb/v7e-m/fpv4-sp/hard\libm.a(lib_a-e_atan2.o)
                              c:/st/stm32cubeide_1.2.0/stm32cubeide/plugins/com.st.stm32cube.ide.mcu.externaltools.gnu-tools-for-stm32.7-2018-q2-update.win32_1.0.0.201904181610/tools/bin/../lib/gcc/arm-none-eabi/7.3.1/../../../../arm-none-eabi/lib/thumb/v7e-m/fpv4-sp/hard\libm.a(lib_a-w_atan2.o) (__ieee754_atan2)
[...]
Memory Configuration

Name             Origin             Length             Attributes
RAM              0x0000000020000000 0x0000000000018000 xrw
FLASH            0x0000000008000000 0x0000000000080000 xr
*default*        0x0000000000000000 0xffffffffffffffff

Linker script and memory map

LOAD c:/st/stm32cubeide_1.2.0/stm32cubeide/plugins/com.st.stm32cube.ide.mcu.externaltools.gnu-tools-for-stm32.7-2018-q2-update.win32_1.0.0.201904181610/tools/bin/../lib/gcc/arm-none-eabi/7.3.1/thumb/v7e-m/fpv4-sp/hard/crti.o
LOAD c:/st/stm32cubeide_1.2.0/stm32cubeide/plugins/com.st.stm32cube.ide.mcu.externaltools.gnu-tools-for-stm32.7-2018-q2-update.win32_1.0.0.201904181610/tools/bin/../lib/gcc/arm-none-eabi/7.3.1/thumb/v7e-m/fpv4-sp/hard/crtbegin.o
LOAD c:/st/stm32cubeide_1.2.0/stm32cubeide/plugins/com.st.stm32cube.ide.mcu.externaltools.gnu-tools-for-stm32.7-2018-q2-update.win32_1.0.0.201904181610/tools/bin/../lib/gcc/arm-none-eabi/7.3.1/../../../../arm-none-eabi/lib/thumb/v7e-m/fpv4-sp/hard/crt0.o
LOAD Core/Src/bibloteka/hvataljke.o
LOAD Core/Src/bibloteka/i2c.o
LOAD Core/Src/bibloteka/kretanje.o
LOAD Core/Src/bibloteka/motor.o
LOAD Core/Src/bibloteka/odometrija.o
LOAD Core/Src/bibloteka/pid.o
LOAD Core/Src/bibloteka/pwm.o
LOAD Core/Src/bibloteka/senzori.o
LOAD Core/Src/bibloteka/servo.o
LOAD Core/Src/bibloteka/step.o
LOAD Core/Src/bibloteka/tajmer.o
LOAD Core/Src/bibloteka/uart.o
LOAD Core/Src/main.o
LOAD Core/Src/stm32f4xx_hal_msp.o
LOAD Core/Src/stm32f4xx_hal_timebase_tim.o
LOAD Core/Src/stm32f4xx_it.o
LOAD Core/Src/syscalls.o
LOAD Core/Src/sysmem.o
LOAD Core/Src/system_stm32f4xx.o
LOAD Core/Startup/startup_stm32f401retx.o
LOAD Drivers/STM32F4xx_HAL_Driver/Src/stm32f4xx_hal.o
LOAD Drivers/STM32F4xx_HAL_Driver/Src/stm32f4xx_hal_cortex.o
LOAD Drivers/STM32F4xx_HAL_Driver/Src/stm32f4xx_hal_dma.o
LOAD Drivers/STM32F4xx_HAL_Driver/Src/stm32f4xx_hal_dma_ex.o
LOAD Drivers/STM32F4xx_HAL_Driver/Src/stm32f4xx_hal_exti.o
LOAD Drivers/STM32F4xx_HAL_Driver/Src/stm32f4xx_hal_flash.o
LOAD Drivers/STM32F4xx_HAL_Driver/Src/stm32f4xx_hal_flash_ex.o
LOAD Drivers/STM32F4xx_HAL_Driver/Src/stm32f4xx_hal_flash_ramfunc.o
LOAD Drivers/STM32F4xx_HAL_Driver/Src/stm32f4xx_hal_gpio.o
LOAD Drivers/STM32F4xx_HAL_Driver/Src/stm32f4xx_hal_pwr.o
LOAD Drivers/STM32F4xx_HAL_Driver/Src/stm32f4xx_hal_pwr_ex.o
LOAD Drivers/STM32F4xx_HAL_Driver/Src/stm32f4xx_hal_rcc.o
LOAD Drivers/STM32F4xx_HAL_Driver/Src/stm32f4xx_hal_rcc_ex.o
LOAD Drivers/STM32F4xx_HAL_Driver/Src/stm32f4xx_hal_tim.o
LOAD Drivers/STM32F4xx_HAL_Driver/Src/stm32f4xx_hal_tim_ex.o
START GROUP
LOAD c:/st/stm32cubeide_1.2.0/stm32cubeide/plugins/com.st.stm32cube.ide.mcu.externaltools.gnu-tools-for-stm32.7-2018-q2-update.win32_1.0.0.201904181610/tools/bin/../lib/gcc/arm-none-eabi/7.3.1/../../../../arm-none-eabi/lib/thumb/v7e-m/fpv4-sp/hard\libc_nano.a
LOAD c:/st/stm32cubeide_1.2.0/stm32cubeide/plugins/com.st.stm32cube.ide.mcu.externaltools.gnu-tools-for-stm32.7-2018-q2-update.win32_1.0.0.201904181610/tools/bin/../lib/gcc/arm-none-eabi/7.3.1/../../../../arm-none-eabi/lib/thumb/v7e-m/fpv4-sp/hard\libm.a
END GROUP
START GROUP
LOAD c:/st/stm32cubeide_1.2.0/stm32cubeide/plugins/com.st.stm32cube.ide.mcu.externaltools.gnu-tools-for-stm32.7-2018-q2-update.win32_1.0.0.201904181610/tools/bin/../lib/gcc/arm-none-eabi/7.3.1/thumb/v7e-m/fpv4-sp/hard\libgcc.a
LOAD c:/st/stm32cubeide_1.2.0/stm32cubeide/plugins/com.st.stm32cube.ide.mcu.externaltools.gnu-tools-for-stm32.7-2018-q2-update.win32_1.0.0.201904181610/tools/bin/../lib/gcc/arm-none-eabi/7.3.1/../../../../arm-none-eabi/lib/thumb/v7e-m/fpv4-sp/hard\libc_nano.a
END GROUP
START GROUP
LOAD c:/st/stm32cubeide_1.2.0/stm32cubeide/plugins/com.st.stm32cube.ide.mcu.externaltools.gnu-tools-for-stm32.7-2018-q2-update.win32_1.0.0.201904181610/tools/bin/../lib/gcc/arm-none-eabi/7.3.1/thumb/v7e-m/fpv4-sp/hard\libgcc.a
LOAD c:/st/stm32cubeide_1.2.0/stm32cubeide/plugins/com.st.stm32cube.ide.mcu.externaltools.gnu-tools-for-stm32.7-2018-q2-update.win32_1.0.0.201904181610/tools/bin/../lib/gcc/arm-none-eabi/7.3.1/../../../../arm-none-eabi/lib/thumb/v7e-m/fpv4-sp/hard\libc_nano.a
LOAD c:/st/stm32cubeide_1.2.0/stm32cubeide/plugins/com.st.stm32cube.ide.mcu.externaltools.gnu-tools-for-stm32.7-2018-q2-update.win32_1.0.0.201904181610/tools/bin/../lib/gcc/arm-none-eabi/7.3.1/../../../../arm-none-eabi/lib/thumb/v7e-m/fpv4-sp/hard\libnosys.a
END GROUP
START GROUP
LOAD c:/st/stm32cubeide_1.2.0/stm32cubeide/plugins/com.st.stm32cube.ide.mcu.externaltools.gnu-tools-for-stm32.7-2018-q2-update.win32_1.0.0.201904181610/tools/bin/../lib/gcc/arm-none-eabi/7.3.1/thumb/v7e-m/fpv4-sp/hard\libgcc.a
LOAD c:/st/stm32cubeide_1.2.0/stm32cubeide/plugins/com.st.stm32cube.ide.mcu.externaltools.gnu-tools-for-stm32.7-2018-q2-update.win32_1.0.0.201904181610/tools/bin/../lib/gcc/arm-none-eabi/7.3.1/../../../../arm-none-eabi/lib/thumb/v7e-m/fpv4-sp/hard\libc_nano.a
LOAD c:/st/stm32cubeide_1.2.0/stm32cubeide/plugins/com.st.stm32cube.ide.mcu.externaltools.gnu-tools-for-stm32.7-2018-q2-update.win32_1.0.0.201904181610/tools/bin/../lib/gcc/arm-none-eabi/7.3.1/../../../../arm-none-eabi/lib/thumb/v7e-m/fpv4-sp/hard\libnosys.a
END GROUP
LOAD c:/st/stm32cubeide_1.2.0/stm32cubeide/plugins/com.st.stm32cube.ide.mcu.externaltools.gnu-tools-for-stm32.7-2018-q2-update.win32_1.0.0.201904181610/tools/bin/../lib/gcc/arm-none-eabi/7.3.1/thumb/v7e-m/fpv4-sp/hard/crtend.o
LOAD c:/st/stm32cubeide_1.2.0/stm32cubeide/plugins/com.st.stm32cube.ide.mcu.externaltools.gnu-tools-for-stm32.7-2018-q2-update.win32_1.0.0.201904181610/tools/bin/../lib/gcc/arm-none-eabi/7.3.1/thumb/v7e-m/fpv4-sp/hard/crtn.o
                0x0000000020018000                _estack = (ORIGIN (RAM) + LENGTH (RAM))
                0x0000000000000200                _Min_Heap_Size = 0x200
                0x0000000000000400                _Min_Stack_Size = 0x400

.isr_vector     0x0000000008000000      0x194
                0x0000000008000000                . = ALIGN (0x4)
 *(.isr_vector)
 .isr_vector    0x0000000008000000      0x194 Core/Startup/startup_stm32f401retx.o
                0x0000000008000000                g_pfnVectors
                0x0000000008000194                . = ALIGN (0x4)

.text           0x0000000008000198     0x6574
                0x0000000008000198                . = ALIGN (0x4)
 *(.text)
 .text          0x0000000008000198       0x40 c:/st/stm32cubeide_1.2.0/stm32cubeide/plugins/com.st.stm32cube.ide.mcu.externaltools.gnu-tools-for-stm32.7-2018-q2-update.win32_1.0.0.201904181610/tools/bin/../lib/gcc/arm-none-eabi/7.3.1/thumb/v7e-m/fpv4-sp/hard/crtbegin.o
 .text          0x00000000080001d8      0x378 c:/st/stm32cubeide_1.2.0/stm32cubeide/plugins/com.st.stm32cube.ide.mcu.externaltools.gnu-tools-for-stm32.7-2018-q2-update.win32_1.0.0.201904181610/tools/bin/../lib/gcc/arm-none-eabi/7.3.1/thumb/v7e-m/fpv4-sp/hard\libgcc.a(_arm_addsubdf3.o)
                0x00000000080001d8                __aeabi_drsub
                0x00000000080001e0                __aeabi_dsub
                0x00000000080001e0                __subdf3
                0x00000000080001e4                __aeabi_dadd
                0x00000000080001e4                __adddf3
                0x000000000800045c                __floatunsidf
                0x000000000800045c                __aeabi_ui2d
                0x000000000800047c                __floatsidf
                0x000000000800047c                __aeabi_i2d
                0x00000000080004a0                __aeabi_f2d
                0x00000000080004a0                __extendsfdf2
                0x00000000080004e4                __floatundidf
                0x00000000080004e4                __aeabi_ul2d
                0x00000000080004f4                __floatdidf
                0x00000000080004f4                __aeabi_l2d
 .text          0x0000000008000550      0x424 c:/st/stm32cubeide_1.2.0/stm32cubeide/plugins/com.st.stm32cube.ide.mcu.externaltools.gnu-tools-for-stm32.7-2018-q2-update.win32_1.0.0.201904181610/tools/bin/../lib/gcc/arm-none-eabi/7.3.1/thumb/v7e-m/fpv4-sp/hard\libgcc.a(_arm_muldivdf3.o)
                0x0000000008000550                __aeabi_dmul
                0x0000000008000550                __muldf3
                0x00000000080007a4                __divdf3
                0x00000000080007a4                __aeabi_ddiv
 .text          0x0000000008000974      0x110 c:/st/stm32cubeide_1.2.0/stm32cubeide/plugins/com.st.stm32cube.ide.mcu.externaltools.gnu-tools-for-stm32.7-2018-q2-update.win32_1.0.0.201904181610/tools/bin/../lib/gcc/arm-none-eabi/7.3.1/thumb/v7e-m/fpv4-sp/hard\libgcc.a(_arm_cmpdf2.o)
                0x0000000008000974                __gtdf2
                0x0000000008000974                __gedf2
                0x000000000800097c                __ltdf2
                0x000000000800097c                __ledf2
                0x0000000008000984                __nedf2
                0x0000000008000984                __eqdf2
                0x0000000008000984                __cmpdf2
                0x0000000008000a00                __aeabi_cdrcmple
                0x0000000008000a10                __aeabi_cdcmpeq
                0x0000000008000a10                __aeabi_cdcmple
                0x0000000008000a20                __aeabi_dcmpeq
                0x0000000008000a34                __aeabi_dcmplt
                0x0000000008000a48                __aeabi_dcmple
                0x0000000008000a5c                __aeabi_dcmpge
                0x0000000008000a70                __aeabi_dcmpgt
 .text          0x0000000008000a84       0x2c c:/st/stm32cubeide_1.2.0/stm32cubeide/plugins/com.st.stm32cube.ide.mcu.externaltools.gnu-tools-for-stm32.7-2018-q2-update.win32_1.0.0.201904181610/tools/bin/../lib/gcc/arm-none-eabi/7.3.1/thumb/v7e-m/fpv4-sp/hard\libgcc.a(_arm_unorddf2.o)
                0x0000000008000a84                __unorddf2
                0x0000000008000a84                __aeabi_dcmpun
 .text          0x0000000008000ab0       0x50 c:/st/stm32cubeide_1.2.0/stm32cubeide/plugins/com.st.stm32cube.ide.mcu.externaltools.gnu-tools-for-stm32.7-2018-q2-update.win32_1.0.0.201904181610/tools/bin/../lib/gcc/arm-none-eabi/7.3.1/thumb/v7e-m/fpv4-sp/hard\libgcc.a(_arm_fixdfsi.o)
                0x0000000008000ab0                __aeabi_d2iz
                0x0000000008000ab0                __fixdfsi
 .text          0x0000000008000b00       0xa0 c:/st/stm32cubeide_1.2.0/stm32cubeide/plugins/com.st.stm32cube.ide.mcu.externaltools.gnu-tools-for-stm32.7-2018-q2-update.win32_1.0.0.201904181610/tools/bin/../lib/gcc/arm-none-eabi/7.3.1/thumb/v7e-m/fpv4-sp/hard\libgcc.a(_arm_truncdfsf2.o)
                0x0000000008000b00                __truncdfsf2
                0x0000000008000b00                __aeabi_d2f
 .text          0x0000000008000ba0       0x30 c:/st/stm32cubeide_1.2.0/stm32cubeide/plugins/com.st.stm32cube.ide.mcu.externaltools.gnu-tools-for-stm32.7-2018-q2-update.win32_1.0.0.201904181610/tools/bin/../lib/gcc/arm-none-eabi/7.3.1/thumb/v7e-m/fpv4-sp/hard\libgcc.a(_aeabi_uldivmod.o)
                0x0000000008000ba0                __aeabi_uldivmod
 .text          0x0000000008000bd0      0x2cc c:/st/stm32cubeide_1.2.0/stm32cubeide/plugins/com.st.stm32cube.ide.mcu.externaltools.gnu-tools-for-stm32.7-2018-q2-update.win32_1.0.0.201904181610/tools/bin/../lib/gcc/arm-none-eabi/7.3.1/thumb/v7e-m/fpv4-sp/hard\libgcc.a(_udivmoddi4.o)
                0x0000000008000bd0                __udivmoddi4
 .text          0x0000000008000e9c        0x4 c:/st/stm32cubeide_1.2.0/stm32cubeide/plugins/com.st.stm32cube.ide.mcu.externaltools.gnu-tools-for-stm32.7-2018-q2-update.win32_1.0.0.201904181610/tools/bin/../lib/gcc/arm-none-eabi/7.3.1/thumb/v7e-m/fpv4-sp/hard\libgcc.a(_dvmd_tls.o)
                0x0000000008000e9c                __aeabi_idiv0
                0x0000000008000e9c                __aeabi_ldiv0
 *(.text*)
 .text.I2C1_Init
                0x0000000008000ea0       0xa0 Core/Src/bibloteka/i2c.o
                0x0000000008000ea0                I2C1_Init
 .text.I2C1_Start
                0x0000000008000f40       0x2c Core/Src/bibloteka/i2c.o
                0x0000000008000f40                I2C1_Start
 .text.I2C1_Stop
                0x0000000008000f6c       0x20 Core/Src/bibloteka/i2c.o
                0x0000000008000f6c                I2C1_Stop
 .text.I2C1_Write
                0x0000000008000f8c       0x30 Core/Src/bibloteka/i2c.o
                0x0000000008000f8c                I2C1_Write
 .text.motor_init
                0x0000000008000fbc       0xf4 Core/Src/bibloteka/motor.o
                0x0000000008000fbc                motor_init
 .text.inc_2_rad
                0x00000000080010b0       0x1c Core/Src/bibloteka/odometrija.o
                0x00000000080010b0                inc_2_rad
 .text.odometrija
                0x00000000080010cc      0x2a4 Core/Src/bibloteka/odometrija.o
                0x00000000080010cc                odometrija
 .text.get_x    0x0000000008001370       0x1c Core/Src/bibloteka/odometrija.o
                0x0000000008001370                get_x
 .text.get_y    0x000000000800138c       0x1c Core/Src/bibloteka/odometrija.o
                0x000000000800138c                get_y
 .text.get_theta
                0x00000000080013a8       0x1c Core/Src/bibloteka/odometrija.o
                0x00000000080013a8                get_theta
 .text.get_w    0x00000000080013c4       0x1c Core/Src/bibloteka/odometrija.o
                0x00000000080013c4                get_w
 .text.get_v    0x00000000080013e0       0x1c Core/Src/bibloteka/odometrija.o
                0x00000000080013e0                get_v
 .text.pid_init
                0x00000000080013fc       0x98 Core/Src/bibloteka/pid.o
                0x00000000080013fc                pid_init
 *fill*         0x0000000008001494        0x4 
 .text.normalize_angle
                0x0000000008001498       0xa0 Core/Src/bibloteka/pid.o
                0x0000000008001498                normalize_angle
 .text.pid_brzina
                0x0000000008001538      0x148 Core/Src/bibloteka/pid.o
                0x0000000008001538                pid_brzina
 .text.racunanje_brzine
                0x0000000008001680       0xd0 Core/Src/bibloteka/pid.o
                0x0000000008001680                racunanje_brzine
 .text.regulacija_pozicije
                0x0000000008001750      0x694 Core/Src/bibloteka/pid.o
                0x0000000008001750                regulacija_pozicije
 *fill*         0x0000000008001de4        0x4 
 .text.regulacija_brzine
                0x0000000008001de8      0x248 Core/Src/bibloteka/pid.o
                0x0000000008001de8                regulacija_brzine
 .text.init_PWM
                0x0000000008002030      0x190 Core/Src/bibloteka/pwm.o
                0x0000000008002030                init_PWM
 .text.motor1_set_PWM
                0x00000000080021c0       0x8c Core/Src/bibloteka/pwm.o
                0x00000000080021c0                motor1_set_PWM
 .text.motor2_set_PWM
                0x000000000800224c       0x8c Core/Src/bibloteka/pwm.o
                0x000000000800224c                motor2_set_PWM
 .text.init_senzor
                0x00000000080022d8      0x13c Core/Src/bibloteka/senzori.o
                0x00000000080022d8                init_senzor
 .text.servo_set_position
                0x0000000008002414       0x94 Core/Src/bibloteka/servo.o
                0x0000000008002414                servo_set_position
 .text.servo_set_freq
                0x00000000080024a8       0x48 Core/Src/bibloteka/servo.o
                0x00000000080024a8                servo_set_freq
 .text.tajmer_init
                0x00000000080024f0        0xc Core/Src/bibloteka/tajmer.o
                0x00000000080024f0                tajmer_init
 .text.enc_init
                0x00000000080024fc       0x10 Core/Src/bibloteka/tajmer.o
                0x00000000080024fc                enc_init
 .text.tim2_init
                0x000000000800250c       0xb4 Core/Src/bibloteka/tajmer.o
 .text.enc1_init
                0x00000000080025c0       0xf4 Core/Src/bibloteka/tajmer.o
 .text.enc1_GetInc
                0x00000000080026b4       0x30 Core/Src/bibloteka/tajmer.o
                0x00000000080026b4                enc1_GetInc
 .text.enc2_init
                0x00000000080026e4       0xe0 Core/Src/bibloteka/tajmer.o
 .text.enc2_GetInc
                0x00000000080027c4       0x30 Core/Src/bibloteka/tajmer.o
                0x00000000080027c4                enc2_GetInc
 .text.TIM1_UP_TIM10_IRQHandler
                0x00000000080027f4      0x2bc Core/Src/bibloteka/tajmer.o
                0x00000000080027f4                TIM1_UP_TIM10_IRQHandler
 .text.uart_init
                0x0000000008002ab0        0xc Core/Src/bibloteka/uart.o
                0x0000000008002ab0                uart_init
 .text.uart6_init
                0x0000000008002abc      0x260 Core/Src/bibloteka/uart.o
 .text.uart_pisi
                0x0000000008002d1c       0xd4 Core/Src/bibloteka/uart.o
                0x0000000008002d1c                uart_pisi
 .text.USART6_IRQHandler
                0x0000000008002df0       0x24 Core/Src/bibloteka/uart.o
                0x0000000008002df0                USART6_IRQHandler
 .text.main     0x0000000008002e14       0x6c Core/Src/main.o
                0x0000000008002e14                main
 .text.SystemClock_Config
                0x0000000008002e80       0xd4 Core/Src/main.o
                0x0000000008002e80                SystemClock_Config
 .text.HAL_TIM_PeriodElapsedCallback
                0x0000000008002f54       0x24 Core/Src/main.o
                0x0000000008002f54                HAL_TIM_PeriodElapsedCallback
 .text.Error_Handler
                0x0000000008002f78        0xe Core/Src/main.o
                0x0000000008002f78                Error_Handler
 *fill*         0x0000000008002f86        0x2 
 .text.HAL_MspInit
                0x0000000008002f88       0x58 Core/Src/stm32f4xx_hal_msp.o
                0x0000000008002f88                HAL_MspInit
 .text.HAL_InitTick
                0x0000000008002fe0       0xb0 Core/Src/stm32f4xx_hal_timebase_tim.o
                0x0000000008002fe0                HAL_InitTick
 .text.NMI_Handler
                0x0000000008003090        0xe Core/Src/stm32f4xx_it.o
                0x0000000008003090                NMI_Handler
 .text.HardFault_Handler
                0x000000000800309e        0x6 Core/Src/stm32f4xx_it.o
                0x000000000800309e                HardFault_Handler
 .text.MemManage_Handler
                0x00000000080030a4        0x6 Core/Src/stm32f4xx_it.o
                0x00000000080030a4                MemManage_Handler
 .text.BusFault_Handler
                0x00000000080030aa        0x6 Core/Src/stm32f4xx_it.o
                0x00000000080030aa                BusFault_Handler
 .text.UsageFault_Handler
                0x00000000080030b0        0x6 Core/Src/stm32f4xx_it.o
                0x00000000080030b0                UsageFault_Handler
 .text.DebugMon_Handler
                0x00000000080030b6        0xe Core/Src/stm32f4xx_it.o
                0x00000000080030b6                DebugMon_Handler
 .text.TIM1_BRK_TIM9_IRQHandler
                0x00000000080030c4       0x14 Core/Src/stm32f4xx_it.o
                0x00000000080030c4                TIM1_BRK_TIM9_IRQHandler
 .text.SystemInit
                0x00000000080030d8       0x2c Core/Src/system_stm32f4xx.o
                0x00000000080030d8                SystemInit
 .text.Reset_Handler
                0x0000000008003104       0x50 Core/Startup/startup_stm32f401retx.o
                0x0000000008003104                Reset_Handler
 .text.Default_Handler
                0x0000000008003154        0x2 Core/Startup/startup_stm32f401retx.o
                0x0000000008003154                RTC_Alarm_IRQHandler
                0x0000000008003154                EXTI2_IRQHandler
                0x0000000008003154                SPI4_IRQHandler
                0x0000000008003154                TIM1_CC_IRQHandler
                0x0000000008003154                DMA2_Stream5_IRQHandler
                0x0000000008003154                DMA1_Stream5_IRQHandler
                0x0000000008003154                SysTick_Handler
                0x0000000008003154                PVD_IRQHandler
                0x0000000008003154                SDIO_IRQHandler
                0x0000000008003154                TAMP_STAMP_IRQHandler
                0x0000000008003154                PendSV_Handler
                0x0000000008003154                EXTI3_IRQHandler
                0x0000000008003154                I2C3_ER_IRQHandler
                0x0000000008003154                EXTI0_IRQHandler
                0x0000000008003154                I2C2_EV_IRQHandler
                0x0000000008003154                DMA1_Stream2_IRQHandler
                0x0000000008003154                FPU_IRQHandler
                0x0000000008003154                DMA2_Stream2_IRQHandler
                0x0000000008003154                SPI1_IRQHandler
                0x0000000008003154                DMA2_Stream3_IRQHandler
                0x0000000008003154                DMA2_Stream0_IRQHandler
                0x0000000008003154                TIM4_IRQHandler
                0x0000000008003154                I2C1_EV_IRQHandler
                0x0000000008003154                DMA1_Stream6_IRQHandler
                0x0000000008003154                DMA1_Stream1_IRQHandler
                0x0000000008003154                TIM3_IRQHandler
                0x0000000008003154                RCC_IRQHandler
                0x0000000008003154                Default_Handler
                0x0000000008003154                EXTI15_10_IRQHandler
                0x0000000008003154                ADC_IRQHandler
                0x0000000008003154                DMA1_Stream7_IRQHandler
                0x0000000008003154                TIM5_IRQHandler
                0x0000000008003154                DMA2_Stream7_IRQHandler
                0x0000000008003154                I2C3_EV_IRQHandler
                0x0000000008003154                EXTI9_5_IRQHandler
                0x0000000008003154                RTC_WKUP_IRQHandler
                0x0000000008003154                SPI2_IRQHandler
                0x0000000008003154                DMA1_Stream0_IRQHandler
                0x0000000008003154                SVC_Handler
                0x0000000008003154                EXTI4_IRQHandler
                0x0000000008003154                WWDG_IRQHandler
                0x0000000008003154                TIM2_IRQHandler
                0x0000000008003154                OTG_FS_WKUP_IRQHandler
                0x0000000008003154                TIM1_TRG_COM_TIM11_IRQHandler
                0x0000000008003154                EXTI1_IRQHandler
                0x0000000008003154                USART2_IRQHandler
                0x0000000008003154                I2C2_ER_IRQHandler
                0x0000000008003154                DMA2_Stream1_IRQHandler
                0x0000000008003154                FLASH_IRQHandler
                0x0000000008003154                DMA2_Stream4_IRQHandler
                0x0000000008003154                USART1_IRQHandler
                0x0000000008003154                OTG_FS_IRQHandler
                0x0000000008003154                SPI3_IRQHandler
                0x0000000008003154                DMA1_Stream4_IRQHandler
                0x0000000008003154                I2C1_ER_IRQHandler
                0x0000000008003154                DMA2_Stream6_IRQHandler
                0x0000000008003154                DMA1_Stream3_IRQHandler
 *fill*         0x0000000008003156        0x2 
 .text.HAL_Init
                0x0000000008003158       0x44 Drivers/STM32F4xx_HAL_Driver/Src/stm32f4xx_hal.o
                0x0000000008003158                HAL_Init
 .text.HAL_IncTick
                0x000000000800319c       0x28 Drivers/STM32F4xx_HAL_Driver/Src/stm32f4xx_hal.o
                0x000000000800319c                HAL_IncTick
 .text.HAL_GetTick
                0x00000000080031c4       0x18 Drivers/STM32F4xx_HAL_Driver/Src/stm32f4xx_hal.o
                0x00000000080031c4                HAL_GetTick
 .text.__NVIC_SetPriorityGrouping
                0x00000000080031dc       0x48 Drivers/STM32F4xx_HAL_Driver/Src/stm32f4xx_hal_cortex.o
 .text.__NVIC_GetPriorityGrouping
                0x0000000008003224       0x1c Drivers/STM32F4xx_HAL_Driver/Src/stm32f4xx_hal_cortex.o
 .text.__NVIC_EnableIRQ
                0x0000000008003240       0x3c Drivers/STM32F4xx_HAL_Driver/Src/stm32f4xx_hal_cortex.o
 .text.__NVIC_SetPriority
                0x000000000800327c       0x54 Drivers/STM32F4xx_HAL_Driver/Src/stm32f4xx_hal_cortex.o
 .text.NVIC_EncodePriority
                0x00000000080032d0       0x66 Drivers/STM32F4xx_HAL_Driver/Src/stm32f4xx_hal_cortex.o
 .text.HAL_NVIC_SetPriorityGrouping
                0x0000000008003336       0x16 Drivers/STM32F4xx_HAL_Driver/Src/stm32f4xx_hal_cortex.o
                0x0000000008003336                HAL_NVIC_SetPriorityGrouping
 .text.HAL_NVIC_SetPriority
                0x000000000800334c       0x38 Drivers/STM32F4xx_HAL_Driver/Src/stm32f4xx_hal_cortex.o
                0x000000000800334c                HAL_NVIC_SetPriority
 .text.HAL_NVIC_EnableIRQ
                0x0000000008003384       0x1c Drivers/STM32F4xx_HAL_Driver/Src/stm32f4xx_hal_cortex.o
                0x0000000008003384                HAL_NVIC_EnableIRQ
 .text.HAL_RCC_OscConfig
                0x00000000080033a0      0x4e0 Drivers/STM32F4xx_HAL_Driver/Src/stm32f4xx_hal_rcc.o
                0x00000000080033a0                HAL_RCC_OscConfig
 .text.HAL_RCC_ClockConfig
                0x0000000008003880      0x1cc Drivers/STM32F4xx_HAL_Driver/Src/stm32f4xx_hal_rcc.o
                0x0000000008003880                HAL_RCC_ClockConfig
 .text.HAL_RCC_GetSysClockFreq
                0x0000000008003a4c      0x164 Drivers/STM32F4xx_HAL_Driver/Src/stm32f4xx_hal_rcc.o
                0x0000000008003a4c                HAL_RCC_GetSysClockFreq
 .text.HAL_RCC_GetHCLKFreq
                0x0000000008003bb0       0x18 Drivers/STM32F4xx_HAL_Driver/Src/stm32f4xx_hal_rcc.o
                0x0000000008003bb0                HAL_RCC_GetHCLKFreq
 .text.HAL_RCC_GetPCLK2Freq
                0x0000000008003bc8       0x28 Drivers/STM32F4xx_HAL_Driver/Src/stm32f4xx_hal_rcc.o
                0x0000000008003bc8                HAL_RCC_GetPCLK2Freq
 .text.HAL_RCC_GetClockConfig
                0x0000000008003bf0       0x64 Drivers/STM32F4xx_HAL_Driver/Src/stm32f4xx_hal_rcc.o
                0x0000000008003bf0                HAL_RCC_GetClockConfig
 .text.HAL_TIM_Base_Init
                0x0000000008003c54       0x56 Drivers/STM32F4xx_HAL_Driver/Src/stm32f4xx_hal_tim.o
                0x0000000008003c54                HAL_TIM_Base_Init
 .text.HAL_TIM_Base_MspInit
                0x0000000008003caa       0x14 Drivers/STM32F4xx_HAL_Driver/Src/stm32f4xx_hal_tim.o
                0x0000000008003caa                HAL_TIM_Base_MspInit
 .text.HAL_TIM_Base_Start_IT
                0x0000000008003cbe       0x48 Drivers/STM32F4xx_HAL_Driver/Src/stm32f4xx_hal_tim.o
                0x0000000008003cbe                HAL_TIM_Base_Start_IT
 .text.HAL_TIM_IRQHandler
                0x0000000008003d06      0x210 Drivers/STM32F4xx_HAL_Driver/Src/stm32f4xx_hal_tim.o
                0x0000000008003d06                HAL_TIM_IRQHandler
 .text.HAL_TIM_OC_DelayElapsedCallback
                0x0000000008003f16       0x14 Drivers/STM32F4xx_HAL_Driver/Src/stm32f4xx_hal_tim.o
                0x0000000008003f16                HAL_TIM_OC_DelayElapsedCallback
 .text.HAL_TIM_IC_CaptureCallback
                0x0000000008003f2a       0x14 Drivers/STM32F4xx_HAL_Driver/Src/stm32f4xx_hal_tim.o
                0x0000000008003f2a                HAL_TIM_IC_CaptureCallback
 .text.HAL_TIM_PWM_PulseFinishedCallback
                0x0000000008003f3e       0x14 Drivers/STM32F4xx_HAL_Driver/Src/stm32f4xx_hal_tim.o
                0x0000000008003f3e                HAL_TIM_PWM_PulseFinishedCallback
 .text.HAL_TIM_TriggerCallback
                0x0000000008003f52       0x14 Drivers/STM32F4xx_HAL_Driver/Src/stm32f4xx_hal_tim.o
                0x0000000008003f52                HAL_TIM_TriggerCallback
 *fill*         0x0000000008003f66        0x2 
 .text.TIM_Base_SetConfig
                0x0000000008003f68      0x100 Drivers/STM32F4xx_HAL_Driver/Src/stm32f4xx_hal_tim.o
                0x0000000008003f68                TIM_Base_SetConfig
 .text.HAL_TIMEx_CommutCallback
                0x0000000008004068       0x14 Drivers/STM32F4xx_HAL_Driver/Src/stm32f4xx_hal_tim_ex.o
                0x0000000008004068                HAL_TIMEx_CommutCallback
 .text.HAL_TIMEx_BreakCallback
                0x000000000800407c       0x14 Drivers/STM32F4xx_HAL_Driver/Src/stm32f4xx_hal_tim_ex.o
                0x000000000800407c                HAL_TIMEx_BreakCallback
 .text.__errno  0x0000000008004090        0xc c:/st/stm32cubeide_1.2.0/stm32cubeide/plugins/com.st.stm32cube.ide.mcu.externaltools.gnu-tools-for-stm32.7-2018-q2-update.win32_1.0.0.201904181610/tools/bin/../lib/gcc/arm-none-eabi/7.3.1/../../../../arm-none-eabi/lib/thumb/v7e-m/fpv4-sp/hard\libc_nano.a(lib_a-errno.o)
                0x0000000008004090                __errno
 .text.__libc_init_array
                0x000000000800409c       0x48 c:/st/stm32cubeide_1.2.0/stm32cubeide/plugins/com.st.stm32cube.ide.mcu.externaltools.gnu-tools-for-stm32.7-2018-q2-update.win32_1.0.0.201904181610/tools/bin/../lib/gcc/arm-none-eabi/7.3.1/../../../../arm-none-eabi/lib/thumb/v7e-m/fpv4-sp/hard\libc_nano.a(lib_a-init.o)
                0x000000000800409c                __libc_init_array
 .text.memset   0x00000000080040e4       0x10 c:/st/stm32cubeide_1.2.0/stm32cubeide/plugins/com.st.stm32cube.ide.mcu.externaltools.gnu-tools-for-stm32.7-2018-q2-update.win32_1.0.0.201904181610/tools/bin/../lib/gcc/arm-none-eabi/7.3.1/../../../../arm-none-eabi/lib/thumb/v7e-m/fpv4-sp/hard\libc_nano.a(lib_a-memset.o)
                0x00000000080040e4                memset
 *fill*         0x00000000080040f4        0x4 
 .text.cos      0x00000000080040f8       0x88 c:/st/stm32cubeide_1.2.0/stm32cubeide/plugins/com.st.stm32cube.ide.mcu.externaltools.gnu-tools-for-stm32.7-2018-q2-update.win32_1.0.0.201904181610/tools/bin/../lib/gcc/arm-none-eabi/7.3.1/../../../../arm-none-eabi/lib/thumb/v7e-m/fpv4-sp/hard\libm.a(lib_a-s_cos.o)
                0x00000000080040f8                cos
 .text.sin      0x0000000008004180       0x90 c:/st/stm32cubeide_1.2.0/stm32cubeide/plugins/com.st.stm32cube.ide.mcu.externaltools.gnu-tools-for-stm32.7-2018-q2-update.win32_1.0.0.201904181610/tools/bin/../lib/gcc/arm-none-eabi/7.3.1/../../../../arm-none-eabi/lib/thumb/v7e-m/fpv4-sp/hard\libm.a(lib_a-s_sin.o)
                0x0000000008004180                sin
 .text.atan2    0x0000000008004210        0x4 c:/st/stm32cubeide_1.2.0/stm32cubeide/plugins/com.st.stm32cube.ide.mcu.externaltools.gnu-tools-for-stm32.7-2018-q2-update.win32_1.0.0.201904181610/tools/bin/../lib/gcc/arm-none-eabi/7.3.1/../../../../arm-none-eabi/lib/thumb/v7e-m/fpv4-sp/hard\libm.a(lib_a-w_atan2.o)
                0x0000000008004210                atan2
 .text.pow      0x0000000008004214      0x2e0 c:/st/stm32cubeide_1.2.0/stm32cubeide/plugins/com.st.stm32cube.ide.mcu.externaltools.gnu-tools-for-stm32.7-2018-q2-update.win32_1.0.0.201904181610/tools/bin/../lib/gcc/arm-none-eabi/7.3.1/../../../../arm-none-eabi/lib/thumb/v7e-m/fpv4-sp/hard\libm.a(lib_a-w_pow.o)
                0x0000000008004214                pow
 .text.sqrt     0x00000000080044f4       0xb4 c:/st/stm32cubeide_1.2.0/stm32cubeide/plugins/com.st.stm32cube.ide.mcu.externaltools.gnu-tools-for-stm32.7-2018-q2-update.win32_1.0.0.201904181610/tools/bin/../lib/gcc/arm-none-eabi/7.3.1/../../../../arm-none-eabi/lib/thumb/v7e-m/fpv4-sp/hard\libm.a(lib_a-w_sqrt.o)
                0x00000000080044f4                sqrt
 .text.__ieee754_atan2
                0x00000000080045a8      0x1bc c:/st/stm32cubeide_1.2.0/stm32cubeide/plugins/com.st.stm32cube.ide.mcu.externaltools.gnu-tools-for-stm32.7-2018-q2-update.win32_1.0.0.201904181610/tools/bin/../lib/gcc/arm-none-eabi/7.3.1/../../../../arm-none-eabi/lib/thumb/v7e-m/fpv4-sp/hard\libm.a(lib_a-e_atan2.o)
                0x00000000080045a8                __ieee754_atan2
 *fill*         0x0000000008004764        0x4 
 .text.__ieee754_pow
                0x0000000008004768      0xa1c c:/st/stm32cubeide_1.2.0/stm32cubeide/plugins/com.st.stm32cube.ide.mcu.externaltools.gnu-tools-for-stm32.7-2018-q2-update.win32_1.0.0.201904181610/tools/bin/../lib/gcc/arm-none-eabi/7.3.1/../../../../arm-none-eabi/lib/thumb/v7e-m/fpv4-sp/hard\libm.a(lib_a-e_pow.o)
                0x0000000008004768                __ieee754_pow
 *fill*         0x0000000008005184        0x4 
 .text.__ieee754_rem_pio2
                0x0000000008005188      0x3e4 c:/st/stm32cubeide_1.2.0/stm32cubeide/plugins/com.st.stm32cube.ide.mcu.externaltools.gnu-tools-for-stm32.7-2018-q2-update.win32_1.0.0.201904181610/tools/bin/../lib/gcc/arm-none-eabi/7.3.1/../../../../arm-none-eabi/lib/thumb/v7e-m/fpv4-sp/hard\libm.a(lib_a-e_rem_pio2.o)
                0x0000000008005188                __ieee754_rem_pio2
 .text.__ieee754_sqrt
                0x000000000800556c      0x160 c:/st/stm32cubeide_1.2.0/stm32cubeide/plugins/com.st.stm32cube.ide.mcu.externaltools.gnu-tools-for-stm32.7-2018-q2-update.win32_1.0.0.201904181610/tools/bin/../lib/gcc/arm-none-eabi/7.3.1/../../../../arm-none-eabi/lib/thumb/v7e-m/fpv4-sp/hard\libm.a(lib_a-e_sqrt.o)
                0x000000000800556c                __ieee754_sqrt
 *fill*         0x00000000080056cc        0x4 
 .text.__kernel_cos
                0x00000000080056d0      0x18c c:/st/stm32cubeide_1.2.0/stm32cubeide/plugins/com.st.stm32cube.ide.mcu.externaltools.gnu-tools-for-stm32.7-2018-q2-update.win32_1.0.0.201904181610/tools/bin/../lib/gcc/arm-none-eabi/7.3.1/../../../../arm-none-eabi/lib/thumb/v7e-m/fpv4-sp/hard\libm.a(lib_a-k_cos.o)
                0x00000000080056d0                __kernel_cos
 *fill*         0x000000000800585c        0x4 
 .text.__kernel_rem_pio2
                0x0000000008005860      0x680 c:/st/stm32cubeide_1.2.0/stm32cubeide/plugins/com.st.stm32cube.ide.mcu.externaltools.gnu-tools-for-stm32.7-2018-q2-update.win32_1.0.0.201904181610/tools/bin/../lib/gcc/arm-none-eabi/7.3.1/../../../../arm-none-eabi/lib/thumb/v7e-m/fpv4-sp/hard\libm.a(lib_a-k_rem_pio2.o)
                0x0000000008005860                __kernel_rem_pio2
 .text.__kernel_sin
                0x0000000008005ee0      0x174 c:/st/stm32cubeide_1.2.0/stm32cubeide/plugins/com.st.stm32cube.ide.mcu.externaltools.gnu-tools-for-stm32.7-2018-q2-update.win32_1.0.0.201904181610/tools/bin/../lib/gcc/arm-none-eabi/7.3.1/../../../../arm-none-eabi/lib/thumb/v7e-m/fpv4-sp/hard\libm.a(lib_a-k_sin.o)
                0x0000000008005ee0                __kernel_sin
 *fill*         0x0000000008006054        0x4 
 .text.atan     0x0000000008006058      0x340 c:/st/stm32cubeide_1.2.0/stm32cubeide/plugins/com.st.stm32cube.ide.mcu.externaltools.gnu-tools-for-stm32.7-2018-q2-update.win32_1.0.0.201904181610/tools/bin/../lib/gcc/arm-none-eabi/7.3.1/../../../../arm-none-eabi/lib/thumb/v7e-m/fpv4-sp/hard\libm.a(lib_a-s_atan.o)
                0x0000000008006058                atan
 .text.fabs     0x0000000008006398       0x12 c:/st/stm32cubeide_1.2.0/stm32cubeide/plugins/com.st.stm32cube.ide.mcu.externaltools.gnu-tools-for-stm32.7-2018-q2-update.win32_1.0.0.201904181610/tools/bin/../lib/gcc/arm-none-eabi/7.3.1/../../../../arm-none-eabi/lib/thumb/v7e-m/fpv4-sp/hard\libm.a(lib_a-s_fabs.o)
                0x0000000008006398                fabs
 .text.finite   0x00000000080063aa       0x10 c:/st/stm32cubeide_1.2.0/stm32cubeide/plugins/com.st.stm32cube.ide.mcu.externaltools.gnu-tools-for-stm32.7-2018-q2-update.win32_1.0.0.201904181610/tools/bin/../lib/gcc/arm-none-eabi/7.3.1/../../../../arm-none-eabi/lib/thumb/v7e-m/fpv4-sp/hard\libm.a(lib_a-s_finite.o)
                0x00000000080063aa                finite
 *fill*         0x00000000080063ba        0x6 
 .text.floor    0x00000000080063c0      0x108 c:/st/stm32cubeide_1.2.0/stm32cubeide/plugins/com.st.stm32cube.ide.mcu.externaltools.gnu-tools-for-stm32.7-2018-q2-update.win32_1.0.0.201904181610/tools/bin/../lib/gcc/arm-none-eabi/7.3.1/../../../../arm-none-eabi/lib/thumb/v7e-m/fpv4-sp/hard\libm.a(lib_a-s_floor.o)
                0x00000000080063c0                floor
 .text.matherr  0x00000000080064c8        0x4 c:/st/stm32cubeide_1.2.0/stm32cubeide/plugins/com.st.stm32cube.ide.mcu.externaltools.gnu-tools-for-stm32.7-2018-q2-update.win32_1.0.0.201904181610/tools/bin/../lib/gcc/arm-none-eabi/7.3.1/../../../../arm-none-eabi/lib/thumb/v7e-m/fpv4-sp/hard\libm.a(lib_a-s_matherr.o)
                0x00000000080064c8                matherr
 *fill*         0x00000000080064cc        0x4 
 .text.nan      0x00000000080064d0       0x10 c:/st/stm32cubeide_1.2.0/stm32cubeide/plugins/com.st.stm32cube.ide.mcu.externaltools.gnu-tools-for-stm32.7-2018-q2-update.win32_1.0.0.201904181610/tools/bin/../lib/gcc/arm-none-eabi/7.3.1/../../../../arm-none-eabi/lib/thumb/v7e-m/fpv4-sp/hard\libm.a(lib_a-s_nan.o)
                0x00000000080064d0                nan
 .text.rint     0x00000000080064e0      0x108 c:/st/stm32cubeide_1.2.0/stm32cubeide/plugins/com.st.stm32cube.ide.mcu.externaltools.gnu-tools-for-stm32.7-2018-q2-update.win32_1.0.0.201904181610/tools/bin/../lib/gcc/arm-none-eabi/7.3.1/../../../../arm-none-eabi/lib/thumb/v7e-m/fpv4-sp/hard\libm.a(lib_a-s_rint.o)
                0x00000000080064e0                rint
 .text.scalbn   0x00000000080065e8       0xec c:/st/stm32cubeide_1.2.0/stm32cubeide/plugins/com.st.stm32cube.ide.mcu.externaltools.gnu-tools-for-stm32.7-2018-q2-update.win32_1.0.0.201904181610/tools/bin/../lib/gcc/arm-none-eabi/7.3.1/../../../../arm-none-eabi/lib/thumb/v7e-m/fpv4-sp/hard\libm.a(lib_a-s_scalbn.o)
                0x00000000080065e8                scalbn
 .text.copysign
                0x00000000080066d4       0x1e c:/st/stm32cubeide_1.2.0/stm32cubeide/plugins/com.st.stm32cube.ide.mcu.externaltools.gnu-tools-for-stm32.7-2018-q2-update.win32_1.0.0.201904181610/tools/bin/../lib/gcc/arm-none-eabi/7.3.1/../../../../arm-none-eabi/lib/thumb/v7e-m/fpv4-sp/hard\libm.a(lib_a-s_copysign.o)
                0x00000000080066d4                copysign
 *(.glue_7)
 .glue_7        0x00000000080066f2        0x0 linker stubs
 *(.glue_7t)
 .glue_7t       0x00000000080066f2        0x0 linker stubs
 *(.eh_frame)
 *fill*         0x00000000080066f2        0x2 
 .eh_frame      0x00000000080066f4        0x0 c:/st/stm32cubeide_1.2.0/stm32cubeide/plugins/com.st.stm32cube.ide.mcu.externaltools.gnu-tools-for-stm32.7-2018-q2-update.win32_1.0.0.201904181610/tools/bin/../lib/gcc/arm-none-eabi/7.3.1/thumb/v7e-m/fpv4-sp/hard/crtbegin.o
 *(.init)
 .init          0x00000000080066f4        0x4 c:/st/stm32cubeide_1.2.0/stm32cubeide/plugins/com.st.stm32cube.ide.mcu.externaltools.gnu-tools-for-stm32.7-2018-q2-update.win32_1.0.0.201904181610/tools/bin/../lib/gcc/arm-none-eabi/7.3.1/thumb/v7e-m/fpv4-sp/hard/crti.o
                0x00000000080066f4                _init
 .init          0x00000000080066f8        0x8 c:/st/stm32cubeide_1.2.0/stm32cubeide/plugins/com.st.stm32cube.ide.mcu.externaltools.gnu-tools-for-stm32.7-2018-q2-update.win32_1.0.0.201904181610/tools/bin/../lib/gcc/arm-none-eabi/7.3.1/thumb/v7e-m/fpv4-sp/hard/crtn.o
 *(.fini)
 .fini          0x0000000008006700        0x4 c:/st/stm32cubeide_1.2.0/stm32cubeide/plugins/com.st.stm32cube.ide.mcu.externaltools.gnu-tools-for-stm32.7-2018-q2-update.win32_1.0.0.201904181610/tools/bin/../lib/gcc/arm-none-eabi/7.3.1/thumb/v7e-m/fpv4-sp/hard/crti.o
                0x0000000008006700                _fini
 .fini          0x0000000008006704        0x8 c:/st/stm32cubeide_1.2.0/stm32cubeide/plugins/com.st.stm32cube.ide.mcu.externaltools.gnu-tools-for-stm32.7-2018-q2-update.win32_1.0.0.201904181610/tools/bin/../lib/gcc/arm-none-eabi/7.3.1/thumb/v7e-m/fpv4-sp/hard/crtn.o
                0x000000000800670c                . = ALIGN (0x4)
                0x000000000800670c                _etext = .

.vfp11_veneer   0x000000000800670c        0x0
 .vfp11_veneer  0x000000000800670c        0x0 linker stubs

.v4_bx          0x000000000800670c        0x0
 .v4_bx         0x000000000800670c        0x0 linker stubs

.iplt           0x000000000800670c        0x0
 .iplt          0x000000000800670c        0x0 c:/st/stm32cubeide_1.2.0/stm32cubeide/plugins/com.st.stm32cube.ide.mcu.externaltools.gnu-tools-for-stm32.7-2018-q2-update.win32_1.0.0.201904181610/tools/bin/../lib/gcc/arm-none-eabi/7.3.1/thumb/v7e-m/fpv4-sp/hard/crtbegin.o

.rodata         0x0000000008006710      0x280
                0x0000000008006710                . = ALIGN (0x4)
 *(.rodata)
 *(.rodata*)
 .rodata.AHBPrescTable
                0x0000000008006710       0x10 Core/Src/system_stm32f4xx.o
                0x0000000008006710                AHBPrescTable
 .rodata.APBPrescTable
                0x0000000008006720        0x8 Core/Src/system_stm32f4xx.o
                0x0000000008006720                APBPrescTable
 .rodata.pow.str1.1
                0x0000000008006728        0x4 c:/st/stm32cubeide_1.2.0/stm32cubeide/plugins/com.st.stm32cube.ide.mcu.externaltools.gnu-tools-for-stm32.7-2018-q2-update.win32_1.0.0.201904181610/tools/bin/../lib/gcc/arm-none-eabi/7.3.1/../../../../arm-none-eabi/lib/thumb/v7e-m/fpv4-sp/hard\libm.a(lib_a-w_pow.o)
 .rodata.sqrt.str1.1
                0x000000000800672c        0x5 c:/st/stm32cubeide_1.2.0/stm32cubeide/plugins/com.st.stm32cube.ide.mcu.externaltools.gnu-tools-for-stm32.7-2018-q2-update.win32_1.0.0.201904181610/tools/bin/../lib/gcc/arm-none-eabi/7.3.1/../../../../arm-none-eabi/lib/thumb/v7e-m/fpv4-sp/hard\libm.a(lib_a-w_sqrt.o)
 .rodata.__ieee754_pow.str1.1
                0x0000000008006731        0x5 c:/st/stm32cubeide_1.2.0/stm32cubeide/plugins/com.st.stm32cube.ide.mcu.externaltools.gnu-tools-for-stm32.7-2018-q2-update.win32_1.0.0.201904181610/tools/bin/../lib/gcc/arm-none-eabi/7.3.1/../../../../arm-none-eabi/lib/thumb/v7e-m/fpv4-sp/hard\libm.a(lib_a-e_pow.o)
                                          0x1 (size before relaxing)
 *fill*         0x0000000008006731        0x7 
 .rodata.bp     0x0000000008006738       0x10 c:/st/stm32cubeide_1.2.0/stm32cubeide/plugins/com.st.stm32cube.ide.mcu.externaltools.gnu-tools-for-stm32.7-2018-q2-update.win32_1.0.0.201904181610/tools/bin/../lib/gcc/arm-none-eabi/7.3.1/../../../../arm-none-eabi/lib/thumb/v7e-m/fpv4-sp/hard\libm.a(lib_a-e_pow.o)
 .rodata.dp_h   0x0000000008006748       0x10 c:/st/stm32cubeide_1.2.0/stm32cubeide/plugins/com.st.stm32cube.ide.mcu.externaltools.gnu-tools-for-stm32.7-2018-q2-update.win32_1.0.0.201904181610/tools/bin/../lib/gcc/arm-none-eabi/7.3.1/../../../../arm-none-eabi/lib/thumb/v7e-m/fpv4-sp/hard\libm.a(lib_a-e_pow.o)
 .rodata.dp_l   0x0000000008006758       0x10 c:/st/stm32cubeide_1.2.0/stm32cubeide/plugins/com.st.stm32cube.ide.mcu.externaltools.gnu-tools-for-stm32.7-2018-q2-update.win32_1.0.0.201904181610/tools/bin/../lib/gcc/arm-none-eabi/7.3.1/../../../../arm-none-eabi/lib/thumb/v7e-m/fpv4-sp/hard\libm.a(lib_a-e_pow.o)
 .rodata.npio2_hw
                0x0000000008006768       0x80 c:/st/stm32cubeide_1.2.0/stm32cubeide/plugins/com.st.stm32cube.ide.mcu.externaltools.gnu-tools-for-stm32.7-2018-q2-update.win32_1.0.0.201904181610/tools/bin/../lib/gcc/arm-none-eabi/7.3.1/../../../../arm-none-eabi/lib/thumb/v7e-m/fpv4-sp/hard\libm.a(lib_a-e_rem_pio2.o)
 .rodata.two_over_pi
                0x00000000080067e8      0x108 c:/st/stm32cubeide_1.2.0/stm32cubeide/plugins/com.st.stm32cube.ide.mcu.externaltools.gnu-tools-for-stm32.7-2018-q2-update.win32_1.0.0.201904181610/tools/bin/../lib/gcc/arm-none-eabi/7.3.1/../../../../arm-none-eabi/lib/thumb/v7e-m/fpv4-sp/hard\libm.a(lib_a-e_rem_pio2.o)
 .rodata.PIo2   0x00000000080068f0       0x40 c:/st/stm32cubeide_1.2.0/stm32cubeide/plugins/com.st.stm32cube.ide.mcu.externaltools.gnu-tools-for-stm32.7-2018-q2-update.win32_1.0.0.201904181610/tools/bin/../lib/gcc/arm-none-eabi/7.3.1/../../../../arm-none-eabi/lib/thumb/v7e-m/fpv4-sp/hard\libm.a(lib_a-k_rem_pio2.o)
 .rodata.init_jk
                0x0000000008006930       0x10 c:/st/stm32cubeide_1.2.0/stm32cubeide/plugins/com.st.stm32cube.ide.mcu.externaltools.gnu-tools-for-stm32.7-2018-q2-update.win32_1.0.0.201904181610/tools/bin/../lib/gcc/arm-none-eabi/7.3.1/../../../../arm-none-eabi/lib/thumb/v7e-m/fpv4-sp/hard\libm.a(lib_a-k_rem_pio2.o)
 .rodata.atanhi
                0x0000000008006940       0x20 c:/st/stm32cubeide_1.2.0/stm32cubeide/plugins/com.st.stm32cube.ide.mcu.externaltools.gnu-tools-for-stm32.7-2018-q2-update.win32_1.0.0.201904181610/tools/bin/../lib/gcc/arm-none-eabi/7.3.1/../../../../arm-none-eabi/lib/thumb/v7e-m/fpv4-sp/hard\libm.a(lib_a-s_atan.o)
 .rodata.atanlo
                0x0000000008006960       0x20 c:/st/stm32cubeide_1.2.0/stm32cubeide/plugins/com.st.stm32cube.ide.mcu.externaltools.gnu-tools-for-stm32.7-2018-q2-update.win32_1.0.0.201904181610/tools/bin/../lib/gcc/arm-none-eabi/7.3.1/../../../../arm-none-eabi/lib/thumb/v7e-m/fpv4-sp/hard\libm.a(lib_a-s_atan.o)
 .rodata.TWO52  0x0000000008006980       0x10 c:/st/stm32cubeide_1.2.0/stm32cubeide/plugins/com.st.stm32cube.ide.mcu.externaltools.gnu-tools-for-stm32.7-2018-q2-update.win32_1.0.0.201904181610/tools/bin/../lib/gcc/arm-none-eabi/7.3.1/../../../../arm-none-eabi/lib/thumb/v7e-m/fpv4-sp/hard\libm.a(lib_a-s_rint.o)
                0x0000000008006990                . = ALIGN (0x4)

.ARM.extab      0x0000000008006990        0x0
                0x0000000008006990                . = ALIGN (0x4)
 *(.ARM.extab* .gnu.linkonce.armextab.*)
                0x0000000008006990                . = ALIGN (0x4)

.ARM            0x0000000008006990        0x8
                0x0000000008006990                . = ALIGN (0x4)
                0x0000000008006990                __exidx_start = .
 *(.ARM.exidx*)
 .ARM.exidx     0x0000000008006990        0x8 c:/st/stm32cubeide_1.2.0/stm32cubeide/plugins/com.st.stm32cube.ide.mcu.externaltools.gnu-tools-for-stm32.7-2018-q2-update.win32_1.0.0.201904181610/tools/bin/../lib/gcc/arm-none-eabi/7.3.1/thumb/v7e-m/fpv4-sp/hard\libgcc.a(_udivmoddi4.o)
                0x0000000008006998                __exidx_end = .
                0x0000000008006998                . = ALIGN (0x4)

.rel.dyn        0x0000000008006998        0x0
 .rel.iplt      0x0000000008006998        0x0 c:/st/stm32cubeide_1.2.0/stm32cubeide/plugins/com.st.stm32cube.ide.mcu.externaltools.gnu-tools-for-stm32.7-2018-q2-update.win32_1.0.0.201904181610/tools/bin/../lib/gcc/arm-none-eabi/7.3.1/thumb/v7e-m/fpv4-sp/hard/crtbegin.o

.preinit_array  0x0000000008006998        0x0
                0x0000000008006998                . = ALIGN (0x4)
                0x0000000008006998                PROVIDE (__preinit_array_start = .)
 *(.preinit_array*)
                0x0000000008006998                PROVIDE (__preinit_array_end = .)
                0x0000000008006998                . = ALIGN (0x4)

.init_array     0x0000000008006998        0x4
                0x0000000008006998                . = ALIGN (0x4)
                0x0000000008006998                PROVIDE (__init_array_start = .)
 *(SORT_BY_NAME(.init_array.*))
 *(.init_array*)
 .init_array    0x0000000008006998        0x4 c:/st/stm32cubeide_1.2.0/stm32cubeide/plugins/com.st.stm32cube.ide.mcu.externaltools.gnu-tools-for-stm32.7-2018-q2-update.win32_1.0.0.201904181610/tools/bin/../lib/gcc/arm-none-eabi/7.3.1/thumb/v7e-m/fpv4-sp/hard/crtbegin.o
                0x000000000800699c                PROVIDE (__init_array_end = .)
                0x000000000800699c                . = ALIGN (0x4)

.fini_array     0x000000000800699c        0x4
                0x000000000800699c                . = ALIGN (0x4)
                [!provide]                        PROVIDE (__fini_array_start = .)
 *(SORT_BY_NAME(.fini_array.*))
 *(.fini_array*)
 .fini_array    0x000000000800699c        0x4 c:/st/stm32cubeide_1.2.0/stm32cubeide/plugins/com.st.stm32cube.ide.mcu.externaltools.gnu-tools-for-stm32.7-2018-q2-update.win32_1.0.0.201904181610/tools/bin/../lib/gcc/arm-none-eabi/7.3.1/thumb/v7e-m/fpv4-sp/hard/crtbegin.o
                [!provide]                        PROVIDE (__fini_array_end = .)
                0x00000000080069a0                . = ALIGN (0x4)
                0x00000000080069a0                _sidata = LOADADDR (.data)

.data           0x0000000020000000       0x80 load address 0x00000000080069a0
                0x0000000020000000                . = ALIGN (0x4)
                0x0000000020000000                _sdata = .
 *(.data)
 *(.data*)
 .data.smer     0x0000000020000000        0x4 Core/Src/bibloteka/pid.o
 .data.faza1    0x0000000020000004        0x4 Core/Src/bibloteka/tajmer.o
                0x0000000020000004                faza1
 .data.vreme_pozicija
                0x0000000020000008        0x4 Core/Src/bibloteka/tajmer.o
 .data.SystemCoreClock
                0x000000002000000c        0x4 Core/Src/system_stm32f4xx.o
                0x000000002000000c                SystemCoreClock
 .data.uwTickPrio
                0x0000000020000010        0x4 Drivers/STM32F4xx_HAL_Driver/Src/stm32f4xx_hal.o
                0x0000000020000010                uwTickPrio
 .data.uwTickFreq
                0x0000000020000014        0x1 Drivers/STM32F4xx_HAL_Driver/Src/stm32f4xx_hal.o
                0x0000000020000014                uwTickFreq
 *fill*         0x0000000020000015        0x3 
 .data._impure_ptr
                0x0000000020000018        0x4 c:/st/stm32cubeide_1.2.0/stm32cubeide/plugins/com.st.stm32cube.ide.mcu.externaltools.gnu-tools-for-stm32.7-2018-q2-update.win32_1.0.0.201904181610/tools/bin/../lib/gcc/arm-none-eabi/7.3.1/../../../../arm-none-eabi/lib/thumb/v7e-m/fpv4-sp/hard\libc_nano.a(lib_a-impure.o)
                0x0000000020000018                _impure_ptr
 .data.impure_data
                0x000000002000001c       0x60 c:/st/stm32cubeide_1.2.0/stm32cubeide/plugins/com.st.stm32cube.ide.mcu.externaltools.gnu-tools-for-stm32.7-2018-q2-update.win32_1.0.0.201904181610/tools/bin/../lib/gcc/arm-none-eabi/7.3.1/../../../../arm-none-eabi/lib/thumb/v7e-m/fpv4-sp/hard\libc_nano.a(lib_a-impure.o)
 .data.__fdlib_version
                0x000000002000007c        0x1 c:/st/stm32cubeide_1.2.0/stm32cubeide/plugins/com.st.stm32cube.ide.mcu.externaltools.gnu-tools-for-stm32.7-2018-q2-update.win32_1.0.0.201904181610/tools/bin/../lib/gcc/arm-none-eabi/7.3.1/../../../../arm-none-eabi/lib/thumb/v7e-m/fpv4-sp/hard\libm.a(lib_a-s_lib_ver.o)
                0x000000002000007c                __fdlib_version
                0x0000000020000080                . = ALIGN (0x4)
 *fill*         0x000000002000007d        0x3 
                0x0000000020000080                _edata = .

.igot.plt       0x0000000020000080        0x0 load address 0x0000000008006a20
 .igot.plt      0x0000000020000080        0x0 c:/st/stm32cubeide_1.2.0/stm32cubeide/plugins/com.st.stm32cube.ide.mcu.externaltools.gnu-tools-for-stm32.7-2018-q2-update.win32_1.0.0.201904181610/tools/bin/../lib/gcc/arm-none-eabi/7.3.1/thumb/v7e-m/fpv4-sp/hard/crtbegin.o
                0x0000000020000080                . = ALIGN (0x4)

.bss            0x0000000020000080      0x180 load address 0x0000000008006a20
                0x0000000020000080                _sbss = .
                0x0000000020000080                __bss_start__ = _sbss
 *(.bss)
 .bss           0x0000000020000080       0x1c c:/st/stm32cubeide_1.2.0/stm32cubeide/plugins/com.st.stm32cube.ide.mcu.externaltools.gnu-tools-for-stm32.7-2018-q2-update.win32_1.0.0.201904181610/tools/bin/../lib/gcc/arm-none-eabi/7.3.1/thumb/v7e-m/fpv4-sp/hard/crtbegin.o
 *(.bss*)
 .bss.w_l       0x000000002000009c        0x4 Core/Src/bibloteka/odometrija.o
 .bss.w_r       0x00000000200000a0        0x4 Core/Src/bibloteka/odometrija.o
 .bss.enc_l     0x00000000200000a4        0x4 Core/Src/bibloteka/odometrija.o
 .bss.enc_r     0x00000000200000a8        0x4 Core/Src/bibloteka/odometrija.o
 .bss.dt_sec    0x00000000200000ac        0x4 Core/Src/bibloteka/odometrija.o
 .bss.x         0x00000000200000b0        0x4 Core/Src/bibloteka/odometrija.o
 .bss.y         0x00000000200000b4        0x4 Core/Src/bibloteka/odometrija.o
 .bss.theta     0x00000000200000b8        0x4 Core/Src/bibloteka/odometrija.o
 .bss.v         0x00000000200000bc        0x4 Core/Src/bibloteka/odometrija.o
 .bss.w         0x00000000200000c0        0x4 Core/Src/bibloteka/odometrija.o
 .bss.e         0x00000000200000c4        0x4 Core/Src/bibloteka/pid.o
 .bss.ei        0x00000000200000c8        0x4 Core/Src/bibloteka/pid.o
 .bss.ed        0x00000000200000cc        0x4 Core/Src/bibloteka/pid.o
 .bss.e_pre     0x00000000200000d0        0x4 Core/Src/bibloteka/pid.o
 .bss.greska    0x00000000200000d4        0x4 Core/Src/bibloteka/pid.o
 .bss.greska1   0x00000000200000d8        0x4 Core/Src/bibloteka/pid.o
 .bss.brojac    0x00000000200000dc        0x4 Core/Src/bibloteka/pid.o
 .bss.or        0x00000000200000e0        0x4 Core/Src/bibloteka/pid.o
 .bss.u         0x00000000200000e4        0x4 Core/Src/bibloteka/pid.o
 .bss.izlazak   0x00000000200000e8        0x4 Core/Src/bibloteka/pid.o
 .bss.test1     0x00000000200000ec        0x4 Core/Src/bibloteka/pid.o
 .bss.faza      0x00000000200000f0        0x4 Core/Src/bibloteka/pid.o
 .bss.w         0x00000000200000f4        0x4 Core/Src/bibloteka/pid.o
 .bss.v         0x00000000200000f8        0x4 Core/Src/bibloteka/pid.o
 .bss.v_pid     0x00000000200000fc        0x4 Core/Src/bibloteka/pid.o
 .bss.w_pid     0x0000000020000100        0x4 Core/Src/bibloteka/pid.o
 .bss.dist      0x0000000020000104        0x4 Core/Src/bibloteka/pid.o
 .bss.phi       0x0000000020000108        0x4 Core/Src/bibloteka/pid.o
 .bss.phi_error
                0x000000002000010c        0x4 Core/Src/bibloteka/pid.o
 .bss.phi_prim_error
                0x0000000020000110        0x4 Core/Src/bibloteka/pid.o
 .bss.eps_dist  0x0000000020000114        0x4 Core/Src/bibloteka/pid.o
 .bss.eps_theta
                0x0000000020000118        0x4 Core/Src/bibloteka/pid.o
 .bss.Kp_w      0x000000002000011c        0x4 Core/Src/bibloteka/pid.o
 .bss.Kp_d      0x0000000020000120        0x4 Core/Src/bibloteka/pid.o
 .bss.uslov     0x0000000020000124        0x4 Core/Src/bibloteka/pid.o
 .bss.u_d       0x0000000020000128        0x4 Core/Src/bibloteka/pid.o
 .bss.u_l       0x000000002000012c        0x4 Core/Src/bibloteka/pid.o
 .bss.jedan     0x0000000020000130        0x4 Core/Src/bibloteka/pwm.o
 .bss.dva       0x0000000020000134        0x4 Core/Src/bibloteka/pwm.o
 .bss.flag_100s
                0x0000000020000138        0x1 Core/Src/bibloteka/tajmer.o
                0x0000000020000138                flag_100s
 *fill*         0x0000000020000139        0x3 
 .bss.x         0x000000002000013c        0x4 Core/Src/bibloteka/tajmer.o
 .bss.y         0x0000000020000140        0x4 Core/Src/bibloteka/tajmer.o
 .bss.theta     0x0000000020000144        0x4 Core/Src/bibloteka/tajmer.o
 .bss.brojac    0x0000000020000148        0x4 Core/Src/bibloteka/tajmer.o
 .bss.temp      0x000000002000014c        0x4 Core/Src/bibloteka/tajmer.o
 .bss.p         0x0000000020000150        0x4 Core/Src/bibloteka/tajmer.o
 .bss.z         0x0000000020000154        0x4 Core/Src/bibloteka/tajmer.o
 .bss.det       0x0000000020000158        0x4 Core/Src/bibloteka/tajmer.o
 .bss.test      0x000000002000015c        0x4 Core/Src/bibloteka/tajmer.o
 .bss.a         0x0000000020000160        0x4 Core/Src/bibloteka/tajmer.o
 .bss.b         0x0000000020000164        0x4 Core/Src/bibloteka/tajmer.o
 .bss.c         0x0000000020000168        0x4 Core/Src/bibloteka/tajmer.o
 .bss.buffer    0x000000002000016c       0x1e Core/Src/bibloteka/uart.o
 .bss.velicina  0x000000002000018a        0x1 Core/Src/bibloteka/uart.o
 .bss.index_pisi
                0x000000002000018b        0x1 Core/Src/bibloteka/uart.o
 .bss.index_citaj
                0x000000002000018c        0x1 Core/Src/bibloteka/uart.o
 *fill*         0x000000002000018d        0x3 
 .bss.flagic    0x0000000020000190        0x4 Core/Src/main.o
                0x0000000020000190                flagic
 *(COMMON)
 COMMON         0x0000000020000194        0x8 Core/Src/bibloteka/hvataljke.o
                0x0000000020000194                Checksum
                0x0000000020000198                sistemsko_vreme
 COMMON         0x000000002000019c       0x10 Core/Src/bibloteka/kretanje.o
                0x000000002000019c                vel_l
                0x00000000200001a0                v_l
                0x00000000200001a4                vel_d
                0x00000000200001a8                v_r
 COMMON         0x00000000200001ac       0x10 Core/Src/bibloteka/pid.o
                0x00000000200001ac                v_lref
                0x00000000200001b0                w_cr
                0x00000000200001b4                v_dref
                0x00000000200001b8                v_cr
 COMMON         0x00000000200001bc       0x40 Core/Src/stm32f4xx_hal_timebase_tim.o
                0x00000000200001bc                htim9
 COMMON         0x00000000200001fc        0x4 Drivers/STM32F4xx_HAL_Driver/Src/stm32f4xx_hal.o
                0x00000000200001fc                uwTick
                0x0000000020000200                . = ALIGN (0x4)
                0x0000000020000200                _ebss = .
                0x0000000020000200                __bss_end__ = _ebss

._user_heap_stack
                0x0000000020000200      0x600 load address 0x0000000008006a20
                0x0000000020000200                . = ALIGN (0x8)
                0x0000000020000200                PROVIDE (end = .)
                [!provide]                        PROVIDE (_end = .)
                0x0000000020000400                . = (. + _Min_Heap_Size)
 *fill*         0x0000000020000200      0x200 
                0x0000000020000800                . = (. + _Min_Stack_Size)
 *fill*         0x0000000020000400      0x400 
                0x0000000020000800                . = ALIGN (0x8)

/DISCARD/
 libc.a(*)
 libm.a(*)
 libgcc.a(*)

.ARM.attributes
                0x0000000000000000       0x30
 *(.ARM.attributes)
 .ARM.attributes
                0x0000000000000000       0x22 c:/st/stm32cubeide_1.2.0/stm32cubeide/plugins/com.st.stm32cube.ide.mcu.externaltools.gnu-tools-for-stm32.7-2018-q2-update.win32_1.0.0.201904181610/tools/bin/../lib/gcc/arm-none-eabi/7.3.1/thumb/v7e-m/fpv4-sp/hard/crti.o
 .ARM.attributes
                0x0000000000000022       0x34 c:/st/stm32cubeide_1.2.0/stm32cubeide/plugins/com.st.stm32cube.ide.mcu.externaltools.gnu-tools-for-stm32.7-2018-q2-update.win32_1.0.0.201904181610/tools/bin/../lib/gcc/arm-none-eabi/7.3.1/thumb/v7e-m/fpv4-sp/hard/crtbegin.o
 .ARM.attributes
                0x0000000000000056       0x39 Core/Src/bibloteka/hvataljke.o
 .ARM.attributes
                0x000000000000008f       0x39 Core/Src/bibloteka/i2c.o
 .ARM.attributes
                0x00000000000000c8       0x39 Core/Src/bibloteka/kretanje.o
 .ARM.attributes
                0x0000000000000101       0x39 Core/Src/bibloteka/motor.o
 .ARM.attributes
                0x000000000000013a       0x39 Core/Src/bibloteka/odometrija.o
 .ARM.attributes
                0x0000000000000173       0x39 Core/Src/bibloteka/pid.o
 .ARM.attributes
                0x00000000000001ac       0x39 Core/Src/bibloteka/pwm.o
 .ARM.attributes
                0x00000000000001e5       0x39 Core/Src/bibloteka/senzori.o
 .ARM.attributes
                0x000000000000021e       0x39 Core/Src/bibloteka/servo.o
 .ARM.attributes
                0x0000000000000257       0x39 Core/Src/bibloteka/tajmer.o
 .ARM.attributes
                0x0000000000000290       0x39 Core/Src/bibloteka/uart.o
 .ARM.attributes
                0x00000000000002c9       0x39 Core/Src/main.o
 .ARM.attributes
                0x0000000000000302       0x39 Core/Src/stm32f4xx_hal_msp.o
 .ARM.attributes
                0x000000000000033b       0x39 Core/Src/stm32f4xx_hal_timebase_tim.o
 .ARM.attributes
                0x0000000000000374       0x39 Core/Src/stm32f4xx_it.o
 .ARM.attributes
                0x00000000000003ad       0x39 Core/Src/system_stm32f4xx.o
 .ARM.attributes
                0x00000000000003e6       0x21 Core/Startup/startup_stm32f401retx.o
 .ARM.attributes
                0x0000000000000407       0x39 Drivers/STM32F4xx_HAL_Driver/Src/stm32f4xx_hal.o
 .ARM.attributes
                0x0000000000000440       0x39 Drivers/STM32F4xx_HAL_Driver/Src/stm32f4xx_hal_cortex.o
 .ARM.attributes
                0x0000000000000479       0x39 Drivers/STM32F4xx_HAL_Driver/Src/stm32f4xx_hal_rcc.o
 .ARM.attributes
                0x00000000000004b2       0x39 Drivers/STM32F4xx_HAL_Driver/Src/stm32f4xx_hal_tim.o
 .ARM.attributes
                0x00000000000004eb       0x39 Drivers/STM32F4xx_HAL_Driver/Src/stm32f4xx_hal_tim_ex.o
 .ARM.attributes
                0x0000000000000524       0x34 c:/st/stm32cubeide_1.2.0/stm32cubeide/plugins/com.st.stm32cube.ide.mcu.externaltools.gnu-tools-for-stm32.7-2018-q2-update.win32_1.0.0.201904181610/tools/bin/../lib/gcc/arm-none-eabi/7.3.1/../../../../arm-none-eabi/lib/thumb/v7e-m/fpv4-sp/hard\libc_nano.a(lib_a-errno.o)
 .ARM.attributes
                0x0000000000000558       0x34 c:/st/stm32cubeide_1.2.0/stm32cubeide/plugins/com.st.stm32cube.ide.mcu.externaltools.gnu-tools-for-stm32.7-2018-q2-update.win32_1.0.0.201904181610/tools/bin/../lib/gcc/arm-none-eabi/7.3.1/../../../../arm-none-eabi/lib/thumb/v7e-m/fpv4-sp/hard\libc_nano.a(lib_a-impure.o)
 .ARM.attributes
                0x000000000000058c       0x34 c:/st/stm32cubeide_1.2.0/stm32cubeide/plugins/com.st.stm32cube.ide.mcu.externaltools.gnu-tools-for-stm32.7-2018-q2-update.win32_1.0.0.201904181610/tools/bin/../lib/gcc/arm-none-eabi/7.3.1/../../../../arm-none-eabi/lib/thumb/v7e-m/fpv4-sp/hard\libc_nano.a(lib_a-init.o)
 .ARM.attributes
                0x00000000000005c0       0x34 c:/st/stm32cubeide_1.2.0/stm32cubeide/plugins/com.st.stm32cube.ide.mcu.externaltools.gnu-tools-for-stm32.7-2018-q2-update.win32_1.0.0.201904181610/tools/bin/../lib/gcc/arm-none-eabi/7.3.1/../../../../arm-none-eabi/lib/thumb/v7e-m/fpv4-sp/hard\libc_nano.a(lib_a-memset.o)
 .ARM.attributes
                0x00000000000005f4       0x34 c:/st/stm32cubeide_1.2.0/stm32cubeide/plugins/com.st.stm32cube.ide.mcu.externaltools.gnu-tools-for-stm32.7-2018-q2-update.win32_1.0.0.201904181610/tools/bin/../lib/gcc/arm-none-eabi/7.3.1/../../../../arm-none-eabi/lib/thumb/v7e-m/fpv4-sp/hard\libm.a(lib_a-s_cos.o)
 .ARM.attributes
                0x0000000000000628       0x34 c:/st/stm32cubeide_1.2.0/stm32cubeide/plugins/com.st.stm32cube.ide.mcu.externaltools.gnu-tools-for-stm32.7-2018-q2-update.win32_1.0.0.201904181610/tools/bin/../lib/gcc/arm-none-eabi/7.3.1/../../../../arm-none-eabi/lib/thumb/v7e-m/fpv4-sp/hard\libm.a(lib_a-s_sin.o)
 .ARM.attributes
                0x000000000000065c       0x34 c:/st/stm32cubeide_1.2.0/stm32cubeide/plugins/com.st.stm32cube.ide.mcu.externaltools.gnu-tools-for-stm32.7-2018-q2-update.win32_1.0.0.201904181610/tools/bin/../lib/gcc/arm-none-eabi/7.3.1/../../../../arm-none-eabi/lib/thumb/v7e-m/fpv4-sp/hard\libm.a(lib_a-w_atan2.o)
 .ARM.attributes
                0x0000000000000690       0x34 c:/st/stm32cubeide_1.2.0/stm32cubeide/plugins/com.st.stm32cube.ide.mcu.externaltools.gnu-tools-for-stm32.7-2018-q2-update.win32_1.0.0.201904181610/tools/bin/../lib/gcc/arm-none-eabi/7.3.1/../../../../arm-none-eabi/lib/thumb/v7e-m/fpv4-sp/hard\libm.a(lib_a-w_pow.o)
 .ARM.attributes
                0x00000000000006c4       0x34 c:/st/stm32cubeide_1.2.0/stm32cubeide/plugins/com.st.stm32cube.ide.mcu.externaltools.gnu-tools-for-stm32.7-2018-q2-update.win32_1.0.0.201904181610/tools/bin/../lib/gcc/arm-none-eabi/7.3.1/../../../../arm-none-eabi/lib/thumb/v7e-m/fpv4-sp/hard\libm.a(lib_a-w_sqrt.o)
 .ARM.attributes
                0x00000000000006f8       0x34 c:/st/stm32cubeide_1.2.0/stm32cubeide/plugins/com.st.stm32cube.ide.mcu.externaltools.gnu-tools-for-stm32.7-2018-q2-update.win32_1.0.0.201904181610/tools/bin/../lib/gcc/arm-none-eabi/7.3.1/../../../../arm-none-eabi/lib/thumb/v7e-m/fpv4-sp/hard\libm.a(lib_a-e_atan2.o)
 .ARM.attributes
                0x000000000000072c       0x34 c:/st/stm32cubeide_1.2.0/stm32cubeide/plugins/com.st.stm32cube.ide.mcu.externaltools.gnu-tools-for-stm32.7-2018-q2-update.win32_1.0.0.201904181610/tools/bin/../lib/gcc/arm-none-eabi/7.3.1/../../../../arm-none-eabi/lib/thumb/v7e-m/fpv4-sp/hard\libm.a(lib_a-e_pow.o)
 .ARM.attributes
                0x0000000000000760       0x34 c:/st/stm32cubeide_1.2.0/stm32cubeide/plugins/com.st.stm32cube.ide.mcu.externaltools.gnu-tools-for-stm32.7-2018-q2-update.win32_1.0.0.201904181610/tools/bin/../lib/gcc/arm-none-eabi/7.3.1/../../../../arm-none-eabi/lib/thumb/v7e-m/fpv4-sp/hard\libm.a(lib_a-e_rem_pio2.o)
 .ARM.attributes
                0x0000000000000794       0x34 c:/st/stm32cubeide_1.2.0/stm32cubeide/plugins/com.st.stm32cube.ide.mcu.externaltools.gnu-tools-for-stm32.7-2018-q2-update.win32_1.0.0.201904181610/tools/bin/../lib/gcc/arm-none-eabi/7.3.1/../../../../arm-none-eabi/lib/thumb/v7e-m/fpv4-sp/hard\libm.a(lib_a-e_sqrt.o)
 .ARM.attributes
                0x00000000000007c8       0x34 c:/st/stm32cubeide_1.2.0/stm32cubeide/plugins/com.st.stm32cube.ide.mcu.externaltools.gnu-tools-for-stm32.7-2018-q2-update.win32_1.0.0.201904181610/tools/bin/../lib/gcc/arm-none-eabi/7.3.1/../../../../arm-none-eabi/lib/thumb/v7e-m/fpv4-sp/hard\libm.a(lib_a-k_cos.o)
 .ARM.attributes
                0x00000000000007fc       0x34 c:/st/stm32cubeide_1.2.0/stm32cubeide/plugins/com.st.stm32cube.ide.mcu.externaltools.gnu-tools-for-stm32.7-2018-q2-update.win32_1.0.0.201904181610/tools/bin/../lib/gcc/arm-none-eabi/7.3.1/../../../../arm-none-eabi/lib/thumb/v7e-m/fpv4-sp/hard\libm.a(lib_a-k_rem_pio2.o)
 .ARM.attributes
                0x0000000000000830       0x34 c:/st/stm32cubeide_1.2.0/stm32cubeide/plugins/com.st.stm32cube.ide.mcu.externaltools.gnu-tools-for-stm32.7-2018-q2-update.win32_1.0.0.201904181610/tools/bin/../lib/gcc/arm-none-eabi/7.3.1/../../../../arm-none-eabi/lib/thumb/v7e-m/fpv4-sp/hard\libm.a(lib_a-k_sin.o)
 .ARM.attributes
                0x0000000000000864       0x34 c:/st/stm32cubeide_1.2.0/stm32cubeide/plugins/com.st.stm32cube.ide.mcu.externaltools.gnu-tools-for-stm32.7-2018-q2-update.win32_1.0.0.201904181610/tools/bin/../lib/gcc/arm-none-eabi/7.3.1/../../../../arm-none-eabi/lib/thumb/v7e-m/fpv4-sp/hard\libm.a(lib_a-s_atan.o)
 .ARM.attributes
                0x0000000000000898       0x34 c:/st/stm32cubeide_1.2.0/stm32cubeide/plugins/com.st.stm32cube.ide.mcu.externaltools.gnu-tools-for-stm32.7-2018-q2-update.win32_1.0.0.201904181610/tools/bin/../lib/gcc/arm-none-eabi/7.3.1/../../../../arm-none-eabi/lib/thumb/v7e-m/fpv4-sp/hard\libm.a(lib_a-s_fabs.o)
 .ARM.attributes
                0x00000000000008cc       0x34 c:/st/stm32cubeide_1.2.0/stm32cubeide/plugins/com.st.stm32cube.ide.mcu.externaltools.gnu-tools-for-stm32.7-2018-q2-update.win32_1.0.0.201904181610/tools/bin/../lib/gcc/arm-none-eabi/7.3.1/../../../../arm-none-eabi/lib/thumb/v7e-m/fpv4-sp/hard\libm.a(lib_a-s_finite.o)
 .ARM.attributes
                0x0000000000000900       0x34 c:/st/stm32cubeide_1.2.0/stm32cubeide/plugins/com.st.stm32cube.ide.mcu.externaltools.gnu-tools-for-stm32.7-2018-q2-update.win32_1.0.0.201904181610/tools/bin/../lib/gcc/arm-none-eabi/7.3.1/../../../../arm-none-eabi/lib/thumb/v7e-m/fpv4-sp/hard\libm.a(lib_a-s_floor.o)
 .ARM.attributes
                0x0000000000000934       0x34 c:/st/stm32cubeide_1.2.0/stm32cubeide/plugins/com.st.stm32cube.ide.mcu.externaltools.gnu-tools-for-stm32.7-2018-q2-update.win32_1.0.0.201904181610/tools/bin/../lib/gcc/arm-none-eabi/7.3.1/../../../../arm-none-eabi/lib/thumb/v7e-m/fpv4-sp/hard\libm.a(lib_a-s_lib_ver.o)
 .ARM.attributes
                0x0000000000000968       0x34 c:/st/stm32cubeide_1.2.0/stm32cubeide/plugins/com.st.stm32cube.ide.mcu.externaltools.gnu-tools-for-stm32.7-2018-q2-update.win32_1.0.0.201904181610/tools/bin/../lib/gcc/arm-none-eabi/7.3.1/../../../../arm-none-eabi/lib/thumb/v7e-m/fpv4-sp/hard\libm.a(lib_a-s_matherr.o)
 .ARM.attributes
                0x000000000000099c       0x34 c:/st/stm32cubeide_1.2.0/stm32cubeide/plugins/com.st.stm32cube.ide.mcu.externaltools.gnu-tools-for-stm32.7-2018-q2-update.win32_1.0.0.201904181610/tools/bin/../lib/gcc/arm-none-eabi/7.3.1/../../../../arm-none-eabi/lib/thumb/v7e-m/fpv4-sp/hard\libm.a(lib_a-s_nan.o)
 .ARM.attributes
                0x00000000000009d0       0x34 c:/st/stm32cubeide_1.2.0/stm32cubeide/plugins/com.st.stm32cube.ide.mcu.externaltools.gnu-tools-for-stm32.7-2018-q2-update.win32_1.0.0.201904181610/tools/bin/../lib/gcc/arm-none-eabi/7.3.1/../../../../arm-none-eabi/lib/thumb/v7e-m/fpv4-sp/hard\libm.a(lib_a-s_rint.o)
 .ARM.attributes
                0x0000000000000a04       0x34 c:/st/stm32cubeide_1.2.0/stm32cubeide/plugins/com.st.stm32cube.ide.mcu.externaltools.gnu-tools-for-stm32.7-2018-q2-update.win32_1.0.0.201904181610/tools/bin/../lib/gcc/arm-none-eabi/7.3.1/../../../../arm-none-eabi/lib/thumb/v7e-m/fpv4-sp/hard\libm.a(lib_a-s_scalbn.o)
 .ARM.attributes
                0x0000000000000a38       0x34 c:/st/stm32cubeide_1.2.0/stm32cubeide/plugins/com.st.stm32cube.ide.mcu.externaltools.gnu-tools-for-stm32.7-2018-q2-update.win32_1.0.0.201904181610/tools/bin/../lib/gcc/arm-none-eabi/7.3.1/../../../../arm-none-eabi/lib/thumb/v7e-m/fpv4-sp/hard\libm.a(lib_a-s_copysign.o)
 .ARM.attributes
                0x0000000000000a6c       0x22 c:/st/stm32cubeide_1.2.0/stm32cubeide/plugins/com.st.stm32cube.ide.mcu.externaltools.gnu-tools-for-stm32.7-2018-q2-update.win32_1.0.0.201904181610/tools/bin/../lib/gcc/arm-none-eabi/7.3.1/thumb/v7e-m/fpv4-sp/hard\libgcc.a(_arm_addsubdf3.o)
 .ARM.attributes
                0x0000000000000a8e       0x22 c:/st/stm32cubeide_1.2.0/stm32cubeide/plugins/com.st.stm32cube.ide.mcu.externaltools.gnu-tools-for-stm32.7-2018-q2-update.win32_1.0.0.201904181610/tools/bin/../lib/gcc/arm-none-eabi/7.3.1/thumb/v7e-m/fpv4-sp/hard\libgcc.a(_arm_muldivdf3.o)
 .ARM.attributes
                0x0000000000000ab0       0x22 c:/st/stm32cubeide_1.2.0/stm32cubeide/plugins/com.st.stm32cube.ide.mcu.externaltools.gnu-tools-for-stm32.7-2018-q2-update.win32_1.0.0.201904181610/tools/bin/../lib/gcc/arm-none-eabi/7.3.1/thumb/v7e-m/fpv4-sp/hard\libgcc.a(_arm_cmpdf2.o)
 .ARM.attributes
                0x0000000000000ad2       0x22 c:/st/stm32cubeide_1.2.0/stm32cubeide/plugins/com.st.stm32cube.ide.mcu.externaltools.gnu-tools-for-stm32.7-2018-q2-update.win32_1.0.0.201904181610/tools/bin/../lib/gcc/arm-none-eabi/7.3.1/thumb/v7e-m/fpv4-sp/hard\libgcc.a(_arm_unorddf2.o)
 .ARM.attributes
                0x0000000000000af4       0x22 c:/st/stm32cubeide_1.2.0/stm32cubeide/plugins/com.st.stm32cube.ide.mcu.externaltools.gnu-tools-for-stm32.7-2018-q2-update.win32_1.0.0.201904181610/tools/bin/../lib/gcc/arm-none-eabi/7.3.1/thumb/v7e-m/fpv4-sp/hard\libgcc.a(_arm_fixdfsi.o)
 .ARM.attributes
                0x0000000000000b16       0x22 c:/st/stm32cubeide_1.2.0/stm32cubeide/plugins/com.st.stm32cube.ide.mcu.externaltools.gnu-tools-for-stm32.7-2018-q2-update.win32_1.0.0.201904181610/tools/bin/../lib/gcc/arm-none-eabi/7.3.1/thumb/v7e-m/fpv4-sp/hard\libgcc.a(_arm_truncdfsf2.o)
 .ARM.attributes
                0x0000000000000b38       0x22 c:/st/stm32cubeide_1.2.0/stm32cubeide/plugins/com.st.stm32cube.ide.mcu.externaltools.gnu-tools-for-stm32.7-2018-q2-update.win32_1.0.0.201904181610/tools/bin/../lib/gcc/arm-none-eabi/7.3.1/thumb/v7e-m/fpv4-sp/hard\libgcc.a(_aeabi_uldivmod.o)
 .ARM.attributes
                0x0000000000000b5a       0x34 c:/st/stm32cubeide_1.2.0/stm32cubeide/plugins/com.st.stm32cube.ide.mcu.externaltools.gnu-tools-for-stm32.7-2018-q2-update.win32_1.0.0.201904181610/tools/bin/../lib/gcc/arm-none-eabi/7.3.1/thumb/v7e-m/fpv4-sp/hard\libgcc.a(_udivmoddi4.o)
 .ARM.attributes
                0x0000000000000b8e       0x22 c:/st/stm32cubeide_1.2.0/stm32cubeide/plugins/com.st.stm32cube.ide.mcu.externaltools.gnu-tools-for-stm32.7-2018-q2-update.win32_1.0.0.201904181610/tools/bin/../lib/gcc/arm-none-eabi/7.3.1/thumb/v7e-m/fpv4-sp/hard\libgcc.a(_dvmd_tls.o)
 .ARM.attributes
                0x0000000000000bb0       0x22 c:/st/stm32cubeide_1.2.0/stm32cubeide/plugins/com.st.stm32cube.ide.mcu.externaltools.gnu-tools-for-stm32.7-2018-q2-update.win32_1.0.0.201904181610/tools/bin/../lib/gcc/arm-none-eabi/7.3.1/thumb/v7e-m/fpv4-sp/hard/crtn.o
OUTPUT(kretanje.elf elf32-littlearm)

.debug_info     0x0000000000000000     0xe93f
 .debug_info    0x0000000000000000      0x614 Core/Src/bibloteka/hvataljke.o
 .debug_info    0x0000000000000614      0x5a8 Core/Src/bibloteka/i2c.o
 .debug_info    0x0000000000000bbc      0xaf7 Core/Src/bibloteka/kretanje.o
 .debug_info    0x00000000000016b3      0x408 Core/Src/bibloteka/motor.o
 .debug_info    0x0000000000001abb      0xbcf Core/Src/bibloteka/odometrija.o
 .debug_info    0x000000000000268a      0xf7e Core/Src/bibloteka/pid.o
 .debug_info    0x0000000000003608      0xe37 Core/Src/bibloteka/pwm.o
 .debug_info    0x000000000000443f      0x43b Core/Src/bibloteka/senzori.o
 .debug_info    0x000000000000487a      0x24c Core/Src/bibloteka/servo.o
 .debug_info    0x0000000000004ac6     0x1179 Core/Src/bibloteka/tajmer.o
 .debug_info    0x0000000000005c3f      0x6e2 Core/Src/bibloteka/uart.o
 .debug_info    0x0000000000006321     0x1478 Core/Src/main.o
 .debug_info    0x0000000000007799      0x51a Core/Src/stm32f4xx_hal_msp.o
 .debug_info    0x0000000000007cb3      0xab9 Core/Src/stm32f4xx_hal_timebase_tim.o
 .debug_info    0x000000000000876c      0x6b0 Core/Src/stm32f4xx_it.o
 .debug_info    0x0000000000008e1c      0x57e Core/Src/system_stm32f4xx.o
 .debug_info    0x000000000000939a       0x22 Core/Startup/startup_stm32f401retx.o
 .debug_info    0x00000000000093bc      0x8d3 Drivers/STM32F4xx_HAL_Driver/Src/stm32f4xx_hal.o
 .debug_info    0x0000000000009c8f      0xd92 Drivers/STM32F4xx_HAL_Driver/Src/stm32f4xx_hal_cortex.o
 .debug_info    0x000000000000aa21      0x92e Drivers/STM32F4xx_HAL_Driver/Src/stm32f4xx_hal_rcc.o
 .debug_info    0x000000000000b34f     0x24a1 Drivers/STM32F4xx_HAL_Driver/Src/stm32f4xx_hal_tim.o
 .debug_info    0x000000000000d7f0     0x114f Drivers/STM32F4xx_HAL_Driver/Src/stm32f4xx_hal_tim_ex.o

.debug_abbrev   0x0000000000000000     0x2719
 .debug_abbrev  0x0000000000000000      0x164 Core/Src/bibloteka/hvataljke.o
 .debug_abbrev  0x0000000000000164      0x17f Core/Src/bibloteka/i2c.o
 .debug_abbrev  0x00000000000002e3      0x20b Core/Src/bibloteka/kretanje.o
 .debug_abbrev  0x00000000000004ee       0xfa Core/Src/bibloteka/motor.o
 .debug_abbrev  0x00000000000005e8      0x230 Core/Src/bibloteka/odometrija.o
 .debug_abbrev  0x0000000000000818      0x30d Core/Src/bibloteka/pid.o
 .debug_abbrev  0x0000000000000b25      0x214 Core/Src/bibloteka/pwm.o
 .debug_abbrev  0x0000000000000d39       0xf5 Core/Src/bibloteka/senzori.o
 .debug_abbrev  0x0000000000000e2e       0xfc Core/Src/bibloteka/servo.o
 .debug_abbrev  0x0000000000000f2a      0x29d Core/Src/bibloteka/tajmer.o
 .debug_abbrev  0x00000000000011c7      0x1a7 Core/Src/bibloteka/uart.o
 .debug_abbrev  0x000000000000136e      0x2aa Core/Src/main.o
 .debug_abbrev  0x0000000000001618      0x112 Core/Src/stm32f4xx_hal_msp.o
 .debug_abbrev  0x000000000000172a      0x1ac Core/Src/stm32f4xx_hal_timebase_tim.o
 .debug_abbrev  0x00000000000018d6      0x169 Core/Src/stm32f4xx_it.o
 .debug_abbrev  0x0000000000001a3f      0x12b Core/Src/system_stm32f4xx.o
 .debug_abbrev  0x0000000000001b6a       0x12 Core/Startup/startup_stm32f401retx.o
 .debug_abbrev  0x0000000000001b7c      0x1f2 Drivers/STM32F4xx_HAL_Driver/Src/stm32f4xx_hal.o
 .debug_abbrev  0x0000000000001d6e      0x2fa Drivers/STM32F4xx_HAL_Driver/Src/stm32f4xx_hal_cortex.o
 .debug_abbrev  0x0000000000002068      0x245 Drivers/STM32F4xx_HAL_Driver/Src/stm32f4xx_hal_rcc.o
 .debug_abbrev  0x00000000000022ad      0x23f Drivers/STM32F4xx_HAL_Driver/Src/stm32f4xx_hal_tim.o
 .debug_abbrev  0x00000000000024ec      0x22d Drivers/STM32F4xx_HAL_Driver/Src/stm32f4xx_hal_tim_ex.o

.debug_aranges  0x0000000000000000      0xc30
 .debug_aranges
                0x0000000000000000       0x90 Core/Src/bibloteka/hvataljke.o
 .debug_aranges
                0x0000000000000090       0x58 Core/Src/bibloteka/i2c.o
 .debug_aranges
                0x00000000000000e8       0x28 Core/Src/bibloteka/kretanje.o
 .debug_aranges
                0x0000000000000110       0x28 Core/Src/bibloteka/motor.o
 .debug_aranges
                0x0000000000000138       0x68 Core/Src/bibloteka/odometrija.o
 .debug_aranges
                0x00000000000001a0       0x80 Core/Src/bibloteka/pid.o
 .debug_aranges
                0x0000000000000220       0x30 Core/Src/bibloteka/pwm.o
 .debug_aranges
                0x0000000000000250       0x20 Core/Src/bibloteka/senzori.o
 .debug_aranges
                0x0000000000000270       0x30 Core/Src/bibloteka/servo.o
 .debug_aranges
                0x00000000000002a0       0x80 Core/Src/bibloteka/tajmer.o
 .debug_aranges
                0x0000000000000320       0x50 Core/Src/bibloteka/uart.o
 .debug_aranges
                0x0000000000000370       0x48 Core/Src/main.o
 .debug_aranges
                0x00000000000003b8       0x20 Core/Src/stm32f4xx_hal_msp.o
 .debug_aranges
                0x00000000000003d8       0x30 Core/Src/stm32f4xx_hal_timebase_tim.o
 .debug_aranges
                0x0000000000000408       0x50 Core/Src/stm32f4xx_it.o
 .debug_aranges
                0x0000000000000458       0x28 Core/Src/system_stm32f4xx.o
 .debug_aranges
                0x0000000000000480       0x28 Core/Startup/startup_stm32f401retx.o
 .debug_aranges
                0x00000000000004a8       0xf0 Drivers/STM32F4xx_HAL_Driver/Src/stm32f4xx_hal.o
 .debug_aranges
                0x0000000000000598      0x118 Drivers/STM32F4xx_HAL_Driver/Src/stm32f4xx_hal_cortex.o
 .debug_aranges
                0x00000000000006b0       0x88 Drivers/STM32F4xx_HAL_Driver/Src/stm32f4xx_hal_rcc.o
 .debug_aranges
                0x0000000000000738      0x3a8 Drivers/STM32F4xx_HAL_Driver/Src/stm32f4xx_hal_tim.o
 .debug_aranges
                0x0000000000000ae0      0x150 Drivers/STM32F4xx_HAL_Driver/Src/stm32f4xx_hal_tim_ex.o

.debug_ranges   0x0000000000000000      0xad8
 .debug_ranges  0x0000000000000000       0x80 Core/Src/bibloteka/hvataljke.o
 .debug_ranges  0x0000000000000080       0x48 Core/Src/bibloteka/i2c.o
 .debug_ranges  0x00000000000000c8       0x18 Core/Src/bibloteka/kretanje.o
 .debug_ranges  0x00000000000000e0       0x18 Core/Src/bibloteka/motor.o
 .debug_ranges  0x00000000000000f8       0x58 Core/Src/bibloteka/odometrija.o
 .debug_ranges  0x0000000000000150       0x70 Core/Src/bibloteka/pid.o
 .debug_ranges  0x00000000000001c0       0x20 Core/Src/bibloteka/pwm.o
 .debug_ranges  0x00000000000001e0       0x10 Core/Src/bibloteka/senzori.o
 .debug_ranges  0x00000000000001f0       0x20 Core/Src/bibloteka/servo.o
 .debug_ranges  0x0000000000000210       0x70 Core/Src/bibloteka/tajmer.o
 .debug_ranges  0x0000000000000280       0x40 Core/Src/bibloteka/uart.o
 .debug_ranges  0x00000000000002c0       0x38 Core/Src/main.o
 .debug_ranges  0x00000000000002f8       0x10 Core/Src/stm32f4xx_hal_msp.o
 .debug_ranges  0x0000000000000308       0x20 Core/Src/stm32f4xx_hal_timebase_tim.o
 .debug_ranges  0x0000000000000328       0x40 Core/Src/stm32f4xx_it.o
 .debug_ranges  0x0000000000000368       0x18 Core/Src/system_stm32f4xx.o
 .debug_ranges  0x0000000000000380       0x20 Core/Startup/startup_stm32f401retx.o
 .debug_ranges  0x00000000000003a0       0xe0 Drivers/STM32F4xx_HAL_Driver/Src/stm32f4xx_hal.o
 .debug_ranges  0x0000000000000480      0x108 Drivers/STM32F4xx_HAL_Driver/Src/stm32f4xx_hal_cortex.o
 .debug_ranges  0x0000000000000588       0x78 Drivers/STM32F4xx_HAL_Driver/Src/stm32f4xx_hal_rcc.o
 .debug_ranges  0x0000000000000600      0x398 Drivers/STM32F4xx_HAL_Driver/Src/stm32f4xx_hal_tim.o
 .debug_ranges  0x0000000000000998      0x140 Drivers/STM32F4xx_HAL_Driver/Src/stm32f4xx_hal_tim_ex.o

.debug_macro    0x0000000000000000    0x17633
 .debug_macro   0x0000000000000000      0x23c Core/Src/bibloteka/hvataljke.o
 .debug_macro   0x000000000000023c      0xa5a Core/Src/bibloteka/hvataljke.o
 .debug_macro   0x0000000000000c96       0x32 Core/Src/bibloteka/hvataljke.o
 .debug_macro   0x0000000000000cc8       0x28 Core/Src/bibloteka/hvataljke.o
 .debug_macro   0x0000000000000cf0       0x22 Core/Src/bibloteka/hvataljke.o
 .debug_macro   0x0000000000000d12       0x8e Core/Src/bibloteka/hvataljke.o
 .debug_macro   0x0000000000000da0       0x51 Core/Src/bibloteka/hvataljke.o
 .debug_macro   0x0000000000000df1       0xef Core/Src/bibloteka/hvataljke.o
 .debug_macro   0x0000000000000ee0       0x6a Core/Src/bibloteka/hvataljke.o
 .debug_macro   0x0000000000000f4a      0x1df Core/Src/bibloteka/hvataljke.o
 .debug_macro   0x0000000000001129       0x1c Core/Src/bibloteka/hvataljke.o
 .debug_macro   0x0000000000001145       0x22 Core/Src/bibloteka/hvataljke.o
 .debug_macro   0x0000000000001167       0xdf Core/Src/bibloteka/hvataljke.o
 .debug_macro   0x0000000000001246     0x102d Core/Src/bibloteka/hvataljke.o
 .debug_macro   0x0000000000002273      0x11f Core/Src/bibloteka/hvataljke.o
 .debug_macro   0x0000000000002392     0xb850 Core/Src/bibloteka/hvataljke.o
 .debug_macro   0x000000000000dbe2       0x43 Core/Src/bibloteka/hvataljke.o
 .debug_macro   0x000000000000dc25      0x184 Core/Src/bibloteka/hvataljke.o
 .debug_macro   0x000000000000dda9     0x3652 Core/Src/bibloteka/hvataljke.o
 .debug_macro   0x00000000000113fb      0x174 Core/Src/bibloteka/hvataljke.o
 .debug_macro   0x000000000001156f       0x5a Core/Src/bibloteka/hvataljke.o
 .debug_macro   0x00000000000115c9      0x416 Core/Src/bibloteka/hvataljke.o
 .debug_macro   0x00000000000119df      0x9fe Core/Src/bibloteka/hvataljke.o
 .debug_macro   0x00000000000123dd      0x15f Core/Src/bibloteka/hvataljke.o
 .debug_macro   0x000000000001253c      0x117 Core/Src/bibloteka/hvataljke.o
 .debug_macro   0x0000000000012653       0xf8 Core/Src/bibloteka/hvataljke.o
 .debug_macro   0x000000000001274b       0x27 Core/Src/bibloteka/hvataljke.o
 .debug_macro   0x0000000000012772      0x287 Core/Src/bibloteka/hvataljke.o
 .debug_macro   0x00000000000129f9       0x5f Core/Src/bibloteka/hvataljke.o
 .debug_macro   0x0000000000012a58      0x236 Core/Src/bibloteka/hvataljke.o
 .debug_macro   0x0000000000012c8e      0x132 Core/Src/bibloteka/hvataljke.o
 .debug_macro   0x0000000000012dc0      0x264 Core/Src/bibloteka/hvataljke.o
 .debug_macro   0x0000000000013024       0x2e Core/Src/bibloteka/hvataljke.o
 .debug_macro   0x0000000000013052      0x11a Core/Src/bibloteka/hvataljke.o
 .debug_macro   0x000000000001316c       0x85 Core/Src/bibloteka/hvataljke.o
 .debug_macro   0x00000000000131f1       0x89 Core/Src/bibloteka/hvataljke.o
 .debug_macro   0x000000000001327a      0x8a0 Core/Src/bibloteka/hvataljke.o
 .debug_macro   0x0000000000013b1a       0x47 Core/Src/bibloteka/hvataljke.o
 .debug_macro   0x0000000000013b61      0x126 Core/Src/bibloteka/hvataljke.o
 .debug_macro   0x0000000000013c87       0x22 Core/Src/bibloteka/hvataljke.o
 .debug_macro   0x0000000000013ca9      0x268 Core/Src/bibloteka/hvataljke.o
 .debug_macro   0x0000000000013f11       0x46 Core/Src/bibloteka/hvataljke.o
 .debug_macro   0x0000000000013f57       0x18 Core/Src/bibloteka/hvataljke.o
 .debug_macro   0x0000000000013f6f       0x3c Core/Src/bibloteka/hvataljke.o
 .debug_macro   0x0000000000013fab       0x3a Core/Src/bibloteka/hvataljke.o
 .debug_macro   0x0000000000013fe5       0x35 Core/Src/bibloteka/hvataljke.o
 .debug_macro   0x000000000001401a      0x460 Core/Src/bibloteka/hvataljke.o
 .debug_macro   0x000000000001447a      0x1e5 Core/Src/bibloteka/i2c.o
 .debug_macro   0x000000000001465f      0x298 Core/Src/bibloteka/kretanje.o
 .debug_macro   0x00000000000148f7       0x34 Core/Src/bibloteka/kretanje.o
 .debug_macro   0x000000000001492b       0x52 Core/Src/bibloteka/kretanje.o
 .debug_macro   0x000000000001497d       0x1f Core/Src/bibloteka/kretanje.o
 .debug_macro   0x000000000001499c       0x43 Core/Src/bibloteka/kretanje.o
 .debug_macro   0x00000000000149df       0x20 Core/Src/bibloteka/kretanje.o
 .debug_macro   0x00000000000149ff      0x1a3 Core/Src/bibloteka/kretanje.o
 .debug_macro   0x0000000000014ba2      0x32a Core/Src/bibloteka/kretanje.o
 .debug_macro   0x0000000000014ecc      0x1e1 Core/Src/bibloteka/kretanje.o
 .debug_macro   0x00000000000150ad       0x16 Core/Src/bibloteka/kretanje.o
 .debug_macro   0x00000000000150c3      0x1e1 Core/Src/bibloteka/motor.o
 .debug_macro   0x00000000000152a4      0x28e Core/Src/bibloteka/odometrija.o
 .debug_macro   0x0000000000015532      0x298 Core/Src/bibloteka/pid.o
 .debug_macro   0x00000000000157ca      0x27f Core/Src/bibloteka/pwm.o
 .debug_macro   0x0000000000015a49      0x1e1 Core/Src/bibloteka/senzori.o
 .debug_macro   0x0000000000015c2a      0x1e5 Core/Src/bibloteka/servo.o
 .debug_macro   0x0000000000015e0f      0x28e Core/Src/bibloteka/tajmer.o
 .debug_macro   0x000000000001609d      0x1dd Core/Src/bibloteka/uart.o
 .debug_macro   0x000000000001627a      0x31c Core/Src/main.o
 .debug_macro   0x0000000000016596       0x10 Core/Src/main.o
 .debug_macro   0x00000000000165a6      0x1ce Core/Src/stm32f4xx_hal_msp.o
 .debug_macro   0x0000000000016774      0x1c4 Core/Src/stm32f4xx_hal_timebase_tim.o
 .debug_macro   0x0000000000016938      0x1d8 Core/Src/stm32f4xx_it.o
 .debug_macro   0x0000000000016b10      0x1ca Core/Src/system_stm32f4xx.o
 .debug_macro   0x0000000000016cda      0x224 Drivers/STM32F4xx_HAL_Driver/Src/stm32f4xx_hal.o
 .debug_macro   0x0000000000016efe      0x1c4 Drivers/STM32F4xx_HAL_Driver/Src/stm32f4xx_hal_cortex.o
 .debug_macro   0x00000000000170c2      0x1e8 Drivers/STM32F4xx_HAL_Driver/Src/stm32f4xx_hal_rcc.o
 .debug_macro   0x00000000000172aa      0x1c5 Drivers/STM32F4xx_HAL_Driver/Src/stm32f4xx_hal_tim.o
 .debug_macro   0x000000000001746f      0x1c4 Drivers/STM32F4xx_HAL_Driver/Src/stm32f4xx_hal_tim_ex.o

.debug_line     0x0000000000000000     0xbf1f
 .debug_line    0x0000000000000000      0xa20 Core/Src/bibloteka/hvataljke.o
 .debug_line    0x0000000000000a20      0x78d Core/Src/bibloteka/i2c.o
 .debug_line    0x00000000000011ad      0x846 Core/Src/bibloteka/kretanje.o
 .debug_line    0x00000000000019f3      0x6f7 Core/Src/bibloteka/motor.o
 .debug_line    0x00000000000020ea      0x8cd Core/Src/bibloteka/odometrija.o
 .debug_line    0x00000000000029b7      0x987 Core/Src/bibloteka/pid.o
 .debug_line    0x000000000000333e      0x853 Core/Src/bibloteka/pwm.o
 .debug_line    0x0000000000003b91      0x6f3 Core/Src/bibloteka/senzori.o
 .debug_line    0x0000000000004284      0x71a Core/Src/bibloteka/servo.o
 .debug_line    0x000000000000499e      0x94b Core/Src/bibloteka/tajmer.o
 .debug_line    0x00000000000052e9      0x768 Core/Src/bibloteka/uart.o
 .debug_line    0x0000000000005a51      0x928 Core/Src/main.o
 .debug_line    0x0000000000006379      0x6aa Core/Src/stm32f4xx_hal_msp.o
 .debug_line    0x0000000000006a23      0x6dd Core/Src/stm32f4xx_hal_timebase_tim.o
 .debug_line    0x0000000000007100      0x72b Core/Src/stm32f4xx_it.o
 .debug_line    0x000000000000782b      0x6c4 Core/Src/system_stm32f4xx.o
 .debug_line    0x0000000000007eef       0x86 Core/Startup/startup_stm32f401retx.o
 .debug_line    0x0000000000007f75      0x8ae Drivers/STM32F4xx_HAL_Driver/Src/stm32f4xx_hal.o
 .debug_line    0x0000000000008823      0x9d2 Drivers/STM32F4xx_HAL_Driver/Src/stm32f4xx_hal_cortex.o
 .debug_line    0x00000000000091f5      0x906 Drivers/STM32F4xx_HAL_Driver/Src/stm32f4xx_hal_rcc.o
 .debug_line    0x0000000000009afb     0x176b Drivers/STM32F4xx_HAL_Driver/Src/stm32f4xx_hal_tim.o
 .debug_line    0x000000000000b266      0xcb9 Drivers/STM32F4xx_HAL_Driver/Src/stm32f4xx_hal_tim_ex.o

.debug_str      0x0000000000000000    0x8a7b6
 .debug_str     0x0000000000000000    0x8416f Core/Src/bibloteka/hvataljke.o
                                      0x84402 (size before relaxing)
 .debug_str     0x000000000008416f      0x21a Core/Src/bibloteka/i2c.o
                                      0x82a07 (size before relaxing)
 .debug_str     0x0000000000084389     0x3507 Core/Src/bibloteka/kretanje.o
                                      0x860b1 (size before relaxing)
 .debug_str     0x0000000000087890       0x67 Core/Src/bibloteka/motor.o
                                      0x82982 (size before relaxing)
 .debug_str     0x00000000000878f7       0x95 Core/Src/bibloteka/odometrija.o
                                      0x860ea (size before relaxing)
 .debug_str     0x000000000008798c      0x1cb Core/Src/bibloteka/pid.o
                                      0x86260 (size before relaxing)
 .debug_str     0x0000000000087b57       0x55 Core/Src/bibloteka/pwm.o
                                      0x861cb (size before relaxing)
 .debug_str     0x0000000000087bac       0x47 Core/Src/bibloteka/senzori.o
                                      0x829a2 (size before relaxing)
 .debug_str     0x0000000000087bf3       0x80 Core/Src/bibloteka/servo.o
                                      0x8289c (size before relaxing)
 .debug_str     0x0000000000087c73      0x100 Core/Src/bibloteka/tajmer.o
                                      0x862f8 (size before relaxing)
 .debug_str     0x0000000000087d73       0xf7 Core/Src/bibloteka/uart.o
                                      0x82a61 (size before relaxing)
 .debug_str     0x0000000000087e6a      0x5bf Core/Src/main.o
                                      0x87ff8 (size before relaxing)
 .debug_str     0x0000000000088429      0x3ae Core/Src/stm32f4xx_hal_msp.o
                                      0x82c6c (size before relaxing)
 .debug_str     0x00000000000887d7       0xaa Core/Src/stm32f4xx_hal_timebase_tim.o
                                      0x8317b (size before relaxing)
 .debug_str     0x0000000000088881       0xab Core/Src/stm32f4xx_it.o
                                      0x82c6f (size before relaxing)
 .debug_str     0x000000000008892c       0xc4 Core/Src/system_stm32f4xx.o
                                      0x82967 (size before relaxing)
 .debug_str     0x00000000000889f0       0x36 Core/Startup/startup_stm32f401retx.o
                                         0x8a (size before relaxing)
 .debug_str     0x0000000000088a26      0x549 Drivers/STM32F4xx_HAL_Driver/Src/stm32f4xx_hal.o
                                      0x832d2 (size before relaxing)
 .debug_str     0x0000000000088f6f      0x36d Drivers/STM32F4xx_HAL_Driver/Src/stm32f4xx_hal_cortex.o
                                      0x830af (size before relaxing)
 .debug_str     0x00000000000892dc      0x27f Drivers/STM32F4xx_HAL_Driver/Src/stm32f4xx_hal_rcc.o
                                      0x82d54 (size before relaxing)
 .debug_str     0x000000000008955b      0xd6f Drivers/STM32F4xx_HAL_Driver/Src/stm32f4xx_hal_tim.o
                                      0x83a61 (size before relaxing)
 .debug_str     0x000000000008a2ca      0x4ec Drivers/STM32F4xx_HAL_Driver/Src/stm32f4xx_hal_tim_ex.o
                                      0x83261 (size before relaxing)

.comment        0x0000000000000000       0x7b
 .comment       0x0000000000000000       0x7b Core/Src/bibloteka/hvataljke.o
                                         0x7c (size before relaxing)
 .comment       0x000000000000007b       0x7c Core/Src/bibloteka/i2c.o
 .comment       0x000000000000007b       0x7c Core/Src/bibloteka/kretanje.o
 .comment       0x000000000000007b       0x7c Core/Src/bibloteka/motor.o
 .comment       0x000000000000007b       0x7c Core/Src/bibloteka/odometrija.o
 .comment       0x000000000000007b       0x7c Core/Src/bibloteka/pid.o
 .comment       0x000000000000007b       0x7c Core/Src/bibloteka/pwm.o
 .comment       0x000000000000007b       0x7c Core/Src/bibloteka/senzori.o
 .comment       0x000000000000007b       0x7c Core/Src/bibloteka/servo.o
 .comment       0x000000000000007b       0x7c Core/Src/bibloteka/tajmer.o
 .comment       0x000000000000007b       0x7c Core/Src/bibloteka/uart.o
 .comment       0x000000000000007b       0x7c Core/Src/main.o
 .comment       0x000000000000007b       0x7c Core/Src/stm32f4xx_hal_msp.o
 .comment       0x000000000000007b       0x7c Core/Src/stm32f4xx_hal_timebase_tim.o
 .comment       0x000000000000007b       0x7c Core/Src/stm32f4xx_it.o
 .comment       0x000000000000007b       0x7c Core/Src/system_stm32f4xx.o
 .comment       0x000000000000007b       0x7c Drivers/STM32F4xx_HAL_Driver/Src/stm32f4xx_hal.o
 .comment       0x000000000000007b       0x7c Drivers/STM32F4xx_HAL_Driver/Src/stm32f4xx_hal_cortex.o
 .comment       0x000000000000007b       0x7c Drivers/STM32F4xx_HAL_Driver/Src/stm32f4xx_hal_rcc.o
 .comment       0x000000000000007b       0x7c Drivers/STM32F4xx_HAL_Driver/Src/stm32f4xx_hal_tim.o
 .comment       0x000000000000007b       0x7c Drivers/STM32F4xx_HAL_Driver/Src/stm32f4xx_hal_tim_ex.o

.debug_frame    0x0000000000000000     0x3670
 .debug_frame   0x0000000000000000      0x23c Core/Src/bibloteka/hvataljke.o
 .debug_frame   0x000000000000023c      0x12c Core/Src/bibloteka/i2c.o
 .debug_frame   0x0000000000000368       0x58 Core/Src/bibloteka/kretanje.o
 .debug_frame   0x00000000000003c0       0x4c Core/Src/bibloteka/motor.o
 .debug_frame   0x000000000000040c      0x170 Core/Src/bibloteka/odometrija.o
 .debug_frame   0x000000000000057c      0x200 Core/Src/bibloteka/pid.o
 .debug_frame   0x000000000000077c       0x80 Core/Src/bibloteka/pwm.o
 .debug_frame   0x00000000000007fc       0x30 Core/Src/bibloteka/senzori.o
 .debug_frame   0x000000000000082c       0x74 Core/Src/bibloteka/servo.o
 .debug_frame   0x00000000000008a0      0x20c Core/Src/bibloteka/tajmer.o
 .debug_frame   0x0000000000000aac      0x10c Core/Src/bibloteka/uart.o
 .debug_frame   0x0000000000000bb8       0xd4 Core/Src/main.o
 .debug_frame   0x0000000000000c8c       0x34 Core/Src/stm32f4xx_hal_msp.o
 .debug_frame   0x0000000000000cc0       0x74 Core/Src/stm32f4xx_hal_timebase_tim.o
 .debug_frame   0x0000000000000d34       0xcc Core/Src/stm32f4xx_it.o
 .debug_frame   0x0000000000000e00       0x58 Core/Src/system_stm32f4xx.o
 .debug_frame   0x0000000000000e58      0x374 Drivers/STM32F4xx_HAL_Driver/Src/stm32f4xx_hal.o
 .debug_frame   0x00000000000011cc      0x498 Drivers/STM32F4xx_HAL_Driver/Src/stm32f4xx_hal_cortex.o
 .debug_frame   0x0000000000001664      0x1f0 Drivers/STM32F4xx_HAL_Driver/Src/stm32f4xx_hal_rcc.o
 .debug_frame   0x0000000000001854     0x10e8 Drivers/STM32F4xx_HAL_Driver/Src/stm32f4xx_hal_tim.o